121.81.120.165 - - [21/May/2021:11:05:17 +0900] "GET /view/1560/Ask_Evaluation?worker_id=4 HTTP/1.1" 200 2789 "https://crowd4u.org/view/1560/Ask_Evaluation?worker_id=4" "Mozilla/5.0 (Windows NT 6.1; Win64; x64) AppleWebKit/537.36 (KHTML, like Gecko) Chrome/90.0.4430.212 Safari/537.36"
121.81.120.165 - - [21/May/2021:11:05:22 +0900] "POST /event/galaxy_YCS_56?_task_id=4269044 HTTP/1.1" 303 818 "https://crowd4u.org/view/1560/Ask_Evaluation?worker_id=4" "Mozilla/5.0 (Windows NT 6.1; Win64; x64) AppleWebKit/537.36 (KHTML, like Gecko) Chrome/90.0.4430.212 Safari/537.36"
121.81.120.165 - - [21/May/2021:11:05:22 +0900] "GET /view/1560/Ask_Evaluation?worker_id=4 HTTP/1.1" 200 2794 "https://crowd4u.org/view/1560/Ask_Evaluation?worker_id=4" "Mozilla/5.0 (Windows NT 6.1; Win64; x64) AppleWebKit/537.36 (KHTML, like Gecko) Chrome/90.0.4430.212 Safari/537.36"
180.145.212.204 - - [21/May/2021:11:05:25 +0900] "GET /ja/ HTTP/1.1" 200 11419 "https://crowd4u.org/view/1560/Ask_Evaluation?worker_id=10" "Mozilla/5.0 (Windows NT 10.0; Win64; x64) AppleWebKit/537.36 (KHTML, like Gecko) Chrome/90.0.4430.212 Safari/537.36"
180.145.212.204 - - [21/May/2021:11:05:25 +0900] "GET /css/slick.css HTTP/1.1" 200 1613 "https://crowd4u.org/ja/" "Mozilla/5.0 (Windows NT 10.0; Win64; x64) AppleWebKit/537.36 (KHTML, like Gecko) Chrome/90.0.4430.212 Safari/537.36"
180.145.212.204 - - [21/May/2021:11:05:25 +0900] "GET /css/magnific-popup.css HTTP/1.1" 200 2401 "https://crowd4u.org/ja/" "Mozilla/5.0 (Windows NT 10.0; Win64; x64) AppleWebKit/537.36 (KHTML, like Gecko) Chrome/90.0.4430.212 Safari/537.36"
180.145.212.204 - - [21/May/2021:11:05:25 +0900] "GET /css/style.css HTTP/1.1" 200 9596 "https://crowd4u.org/ja/" "Mozilla/5.0 (Windows NT 10.0; Win64; x64) AppleWebKit/537.36 (KHTML, like Gecko) Chrome/90.0.4430.212 Safari/537.36"
180.145.212.204 - - [21/May/2021:11:05:25 +0900] "GET /css/c4u.css HTTP/1.1" 200 4575 "https://crowd4u.org/ja/" "Mozilla/5.0 (Windows NT 10.0; Win64; x64) AppleWebKit/537.36 (KHTML, like Gecko) Chrome/90.0.4430.212 Safari/537.36"
180.145.212.204 - - [21/May/2021:11:05:25 +0900] "GET /css/archive.css HTTP/1.1" 200 1369 "https://crowd4u.org/ja/" "Mozilla/5.0 (Windows NT 10.0; Win64; x64) AppleWebKit/537.36 (KHTML, like Gecko) Chrome/90.0.4430.212 Safari/537.36"
180.145.212.204 - - [21/May/2021:11:05:25 +0900] "GET /js/jquery.filterizr.min.js HTTP/1.1" 200 4290 "https://crowd4u.org/ja/" "Mozilla/5.0 (Windows NT 10.0; Win64; x64) AppleWebKit/537.36 (KHTML, like Gecko) Chrome/90.0.4430.212 Safari/537.36"
180.145.212.204 - - [21/May/2021:11:05:25 +0900] "GET /js/slick.min.js HTTP/1.1" 200 10667 "https://crowd4u.org/ja/" "Mozilla/5.0 (Windows NT 10.0; Win64; x64) AppleWebKit/537.36 (KHTML, like Gecko) Chrome/90.0.4430.212 Safari/537.36"
180.145.212.204 - - [21/May/2021:11:05:25 +0900] "GET /js/app.js HTTP/1.1" 200 1094 "https://crowd4u.org/ja/" "Mozilla/5.0 (Windows NT 10.0; Win64; x64) AppleWebKit/537.36 (KHTML, like Gecko) Chrome/90.0.4430.212 Safari/537.36"
180.145.212.204 - - [21/May/2021:11:05:25 +0900] "GET /js/jquery.magnific-popup.min.js HTTP/1.1" 200 7813 "https://crowd4u.org/ja/" "Mozilla/5.0 (Windows NT 10.0; Win64; x64) AppleWebKit/537.36 (KHTML, like Gecko) Chrome/90.0.4430.212 Safari/537.36"
180.145.212.204 - - [21/May/2021:11:05:25 +0900] "GET /js/get_act_task_num.js HTTP/1.1" 200 1182 "https://crowd4u.org/ja/" "Mozilla/5.0 (Windows NT 10.0; Win64; x64) AppleWebKit/537.36 (KHTML, like Gecko) Chrome/90.0.4430.212 Safari/537.36"
180.145.212.204 - - [21/May/2021:11:05:25 +0900] "GET /js/custom.js HTTP/1.1" 200 1563 "https://crowd4u.org/ja/" "Mozilla/5.0 (Windows NT 10.0; Win64; x64) AppleWebKit/537.36 (KHTML, like Gecko) Chrome/90.0.4430.212 Safari/537.36"
180.145.212.204 - - [21/May/2021:11:05:25 +0900] "GET /js/index.js HTTP/1.1" 200 1162 "https://crowd4u.org/ja/" "Mozilla/5.0 (Windows NT 10.0; Win64; x64) AppleWebKit/537.36 (KHTML, like Gecko) Chrome/90.0.4430.212 Safari/537.36"
180.145.212.204 - - [21/May/2021:11:05:25 +0900] "GET /script/task_loader.js?requester=-2&length=10 HTTP/1.1" 200 1512 "https://crowd4u.org/ja/" "Mozilla/5.0 (Windows NT 10.0; Win64; x64) AppleWebKit/537.36 (KHTML, like Gecko) Chrome/90.0.4430.212 Safari/537.36"
180.145.212.204 - - [21/May/2021:11:05:25 +0900] "GET /images/logo_820x180@2x.png HTTP/1.1" 200 49775 "https://crowd4u.org/ja/" "Mozilla/5.0 (Windows NT 10.0; Win64; x64) AppleWebKit/537.36 (KHTML, like Gecko) Chrome/90.0.4430.212 Safari/537.36"
180.145.212.204 - - [21/May/2021:11:05:25 +0900] "GET /images/ehime2-1279x524.jpg HTTP/1.1" 200 372807 "https://crowd4u.org/ja/" "Mozilla/5.0 (Windows NT 10.0; Win64; x64) AppleWebKit/537.36 (KHTML, like Gecko) Chrome/90.0.4430.212 Safari/537.36"
180.145.212.204 - - [21/May/2021:11:05:25 +0900] "GET /images/topheader_disaster.jpg HTTP/1.1" 200 709041 "https://crowd4u.org/ja/" "Mozilla/5.0 (Windows NT 10.0; Win64; x64) AppleWebKit/537.36 (KHTML, like Gecko) Chrome/90.0.4430.212 Safari/537.36"
180.145.212.204 - - [21/May/2021:11:05:25 +0900] "GET /images/topheader_futaba.jpg HTTP/1.1" 200 675346 "https://crowd4u.org/ja/" "Mozilla/5.0 (Windows NT 10.0; Win64; x64) AppleWebKit/537.36 (KHTML, like Gecko) Chrome/90.0.4430.212 Safari/537.36"
180.145.212.204 - - [21/May/2021:11:05:25 +0900] "GET /images/about-us.jpg HTTP/1.1" 200 411335 "https://crowd4u.org/ja/" "Mozilla/5.0 (Windows NT 10.0; Win64; x64) AppleWebKit/537.36 (KHTML, like Gecko) Chrome/90.0.4430.212 Safari/537.36"
180.145.212.204 - - [21/May/2021:11:05:25 +0900] "GET /images/topheader_lcrowd.jpg HTTP/1.1" 200 930263 "https://crowd4u.org/ja/" "Mozilla/5.0 (Windows NT 10.0; Win64; x64) AppleWebKit/537.36 (KHTML, like Gecko) Chrome/90.0.4430.212 Safari/537.36"
180.145.212.204 - - [21/May/2021:11:05:25 +0900] "GET /images/topheader_manga.jpg HTTP/1.1" 200 1088533 "https://crowd4u.org/ja/" "Mozilla/5.0 (Windows NT 10.0; Win64; x64) AppleWebKit/537.36 (KHTML, like Gecko) Chrome/90.0.4430.212 Safari/537.36"
180.145.212.204 - - [21/May/2021:11:05:26 +0900] "GET /images/howto_capture_ja.png HTTP/1.1" 200 348903 "https://crowd4u.org/ja/" "Mozilla/5.0 (Windows NT 10.0; Win64; x64) AppleWebKit/537.36 (KHTML, like Gecko) Chrome/90.0.4430.212 Safari/537.36"
180.145.212.204 - - [21/May/2021:11:05:26 +0900] "GET /images/howto_random.jpg HTTP/1.1" 200 140851 "https://crowd4u.org/ja/" "Mozilla/5.0 (Windows NT 10.0; Win64; x64) AppleWebKit/537.36 (KHTML, like Gecko) Chrome/90.0.4430.212 Safari/537.36"
180.145.212.204 - - [21/May/2021:11:05:26 +0900] "GET /images/howto_favorite.jpg HTTP/1.1" 200 183183 "https://crowd4u.org/ja/" "Mozilla/5.0 (Windows NT 10.0; Win64; x64) AppleWebKit/537.36 (KHTML, like Gecko) Chrome/90.0.4430.212 Safari/537.36"
180.145.212.204 - - [21/May/2021:11:05:26 +0900] "GET /images/410x90WH@2x.png HTTP/1.1" 200 20300 "https://crowd4u.org/ja/" "Mozilla/5.0 (Windows NT 10.0; Win64; x64) AppleWebKit/537.36 (KHTML, like Gecko) Chrome/90.0.4430.212 Safari/537.36"
180.145.212.204 - - [21/May/2021:11:05:26 +0900] "GET /images/bg_forreseachers.jpg HTTP/1.1" 200 609763 "https://crowd4u.org/css/c4u.css" "Mozilla/5.0 (Windows NT 10.0; Win64; x64) AppleWebKit/537.36 (KHTML, like Gecko) Chrome/90.0.4430.212 Safari/537.36"
180.145.212.204 - - [21/May/2021:11:05:26 +0900] "GET /images/bg_forengineers.jpg HTTP/1.1" 200 651440 "https://crowd4u.org/css/c4u.css" "Mozilla/5.0 (Windows NT 10.0; Win64; x64) AppleWebKit/537.36 (KHTML, like Gecko) Chrome/90.0.4430.212 Safari/537.36"
133.51.2.19 - - [21/May/2021:11:05:26 +0900] "GET /ja/cylog_projects/1560/owner/tables/Evaluation HTTP/1.1" 200 14905 "https://crowd4u.org/ja/cylog_projects/1560/owner" "Mozilla/5.0 (Windows NT 10.0; Win64; x64) AppleWebKit/537.36 (KHTML, like Gecko) Chrome/90.0.4430.212 Safari/537.36"
133.51.2.19 - - [21/May/2021:11:05:27 +0900] "GET /script/task_loader.js?requester=-2&length=10 HTTP/1.1" 200 1584 "https://crowd4u.org/ja/cylog_projects/1560/owner/tables/Evaluation" "Mozilla/5.0 (Windows NT 10.0; Win64; x64) AppleWebKit/537.36 (KHTML, like Gecko) Chrome/90.0.4430.212 Safari/537.36"
133.51.2.19 - - [21/May/2021:11:05:27 +0900] "GET /js/api/include.js?requester=-2&length=10&_cache=1621562727 HTTP/1.1" 200 1442 "https://crowd4u.org/ja/cylog_projects/1560/owner/tables/Evaluation" "Mozilla/5.0 (Windows NT 10.0; Win64; x64) AppleWebKit/537.36 (KHTML, like Gecko) Chrome/90.0.4430.212 Safari/537.36"
133.51.2.19 - - [21/May/2021:11:05:27 +0900] "GET /js/api/jquery-ui.js?requester=-2&length=10&_cache=1621562727 HTTP/1.1" 200 20240 "https://crowd4u.org/ja/cylog_projects/1560/owner/tables/Evaluation" "Mozilla/5.0 (Windows NT 10.0; Win64; x64) AppleWebKit/537.36 (KHTML, like Gecko) Chrome/90.0.4430.212 Safari/537.36"
133.51.2.19 - - [21/May/2021:11:05:27 +0900] "GET /js/api/jquery.form.js?requester=-2&length=10&_cache=1621562727 HTTP/1.1" 200 11854 "https://crowd4u.org/ja/cylog_projects/1560/owner/tables/Evaluation" "Mozilla/5.0 (Windows NT 10.0; Win64; x64) AppleWebKit/537.36 (KHTML, like Gecko) Chrome/90.0.4430.212 Safari/537.36"
133.51.2.19 - - [21/May/2021:11:05:27 +0900] "GET /js/api/xdr.js?requester=-2&length=10&_cache=1621562727 HTTP/1.1" 200 930 "https://crowd4u.org/ja/cylog_projects/1560/owner/tables/Evaluation" "Mozilla/5.0 (Windows NT 10.0; Win64; x64) AppleWebKit/537.36 (KHTML, like Gecko) Chrome/90.0.4430.212 Safari/537.36"
133.51.2.19 - - [21/May/2021:11:05:27 +0900] "GET /script/api.js?requester=-2&length=10&_cache=1621562727 HTTP/1.1" 200 8940 "https://crowd4u.org/ja/cylog_projects/1560/owner/tables/Evaluation" "Mozilla/5.0 (Windows NT 10.0; Win64; x64) AppleWebKit/537.36 (KHTML, like Gecko) Chrome/90.0.4430.212 Safari/537.36"
133.51.2.19 - - [21/May/2021:11:05:27 +0900] "GET /images/favicon.ico HTTP/1.1" 200 4248 "https://crowd4u.org/ja/cylog_projects/1560/owner/tables/Evaluation" "Mozilla/5.0 (Windows NT 10.0; Win64; x64) AppleWebKit/537.36 (KHTML, like Gecko) Chrome/90.0.4430.212 Safari/537.36"
180.145.212.204 - - [21/May/2021:11:05:27 +0900] "GET /images/bg_register.jpg HTTP/1.1" 200 882538 "https://crowd4u.org/css/c4u.css" "Mozilla/5.0 (Windows NT 10.0; Win64; x64) AppleWebKit/537.36 (KHTML, like Gecko) Chrome/90.0.4430.212 Safari/537.36"
180.145.212.204 - - [21/May/2021:11:05:27 +0900] "GET /js/api/require-jquery.js HTTP/1.1" 200 100327 "https://crowd4u.org/ja/" "Mozilla/5.0 (Windows NT 10.0; Win64; x64) AppleWebKit/537.36 (KHTML, like Gecko) Chrome/90.0.4430.212 Safari/537.36"
180.145.212.204 - - [21/May/2021:11:05:28 +0900] "GET /js/api/include.js?requester=-2&length=10&_cache=1621562725 HTTP/1.1" 200 1217 "https://crowd4u.org/ja/" "Mozilla/5.0 (Windows NT 10.0; Win64; x64) AppleWebKit/537.36 (KHTML, like Gecko) Chrome/90.0.4430.212 Safari/537.36"
180.145.212.204 - - [21/May/2021:11:05:25 +0900] "GET /images/topheader_worldheritage_2200x900.png HTTP/1.1" 200 2844494 "https://crowd4u.org/ja/" "Mozilla/5.0 (Windows NT 10.0; Win64; x64) AppleWebKit/537.36 (KHTML, like Gecko) Chrome/90.0.4430.212 Safari/537.36"
180.145.212.204 - - [21/May/2021:11:05:28 +0900] "GET /js/api/xdr.js?requester=-2&length=10&_cache=1621562725 HTTP/1.1" 200 930 "https://crowd4u.org/ja/" "Mozilla/5.0 (Windows NT 10.0; Win64; x64) AppleWebKit/537.36 (KHTML, like Gecko) Chrome/90.0.4430.212 Safari/537.36"
180.145.212.204 - - [21/May/2021:11:05:28 +0900] "GET /js/api/jquery.form.js?requester=-2&length=10&_cache=1621562725 HTTP/1.1" 200 11701 "https://crowd4u.org/ja/" "Mozilla/5.0 (Windows NT 10.0; Win64; x64) AppleWebKit/537.36 (KHTML, like Gecko) Chrome/90.0.4430.212 Safari/537.36"
180.145.212.204 - - [21/May/2021:11:05:28 +0900] "GET /js/api/jquery-ui.js?requester=-2&length=10&_cache=1621562725 HTTP/1.1" 200 20240 "https://crowd4u.org/ja/" "Mozilla/5.0 (Windows NT 10.0; Win64; x64) AppleWebKit/537.36 (KHTML, like Gecko) Chrome/90.0.4430.212 Safari/537.36"
180.145.212.204 - - [21/May/2021:11:05:28 +0900] "GET /script/api.js?requester=-2&length=10&_cache=1621562725 HTTP/1.1" 200 8715 "https://crowd4u.org/ja/" "Mozilla/5.0 (Windows NT 10.0; Win64; x64) AppleWebKit/537.36 (KHTML, like Gecko) Chrome/90.0.4430.212 Safari/537.36"
180.145.212.204 - - [21/May/2021:11:05:28 +0900] "GET /css/dialog.css?date=20141113 HTTP/1.1" 200 979 "https://crowd4u.org/ja/" "Mozilla/5.0 (Windows NT 10.0; Win64; x64) AppleWebKit/537.36 (KHTML, like Gecko) Chrome/90.0.4430.212 Safari/537.36"
121.81.120.165 - - [21/May/2021:11:05:30 +0900] "POST /event/galaxy_YCS_56?_task_id=4269048 HTTP/1.1" 303 971 "https://crowd4u.org/view/1560/Ask_Evaluation?worker_id=4" "Mozilla/5.0 (Windows NT 6.1; Win64; x64) AppleWebKit/537.36 (KHTML, like Gecko) Chrome/90.0.4430.212 Safari/537.36"
121.81.120.165 - - [21/May/2021:11:05:30 +0900] "GET /view/1560/Ask_Evaluation?worker_id=4 HTTP/1.1" 200 2793 "https://crowd4u.org/view/1560/Ask_Evaluation?worker_id=4" "Mozilla/5.0 (Windows NT 6.1; Win64; x64) AppleWebKit/537.36 (KHTML, like Gecko) Chrome/90.0.4430.212 Safari/537.36"
114.119.147.73 - - [21/May/2021:11:05:31 +0900] "GET /en/home/set HTTP/1.1" 302 2664 "-" "Mozilla/5.0 (Linux; Android 7.0;) AppleWebKit/537.36 (KHTML, like Gecko) Mobile Safari/537.36 (compatible; PetalBot;+https://webmaster.petalsearch.com/site/petalbot)"
121.81.120.165 - - [21/May/2021:11:05:37 +0900] "POST /event/galaxy_YCS_56?_task_id=4269052 HTTP/1.1" 303 971 "https://crowd4u.org/view/1560/Ask_Evaluation?worker_id=4" "Mozilla/5.0 (Windows NT 6.1; Win64; x64) AppleWebKit/537.36 (KHTML, like Gecko) Chrome/90.0.4430.212 Safari/537.36"
34.210.73.30 - - [21/May/2021:11:05:37 +0900] "GET /js/api/include.js?requester=199&length=10&_cache=1621561766 HTTP/1.1" 200 1085 "-" "Mozilla/5.0 (Windows NT 6.1; Win64; x64) AppleWebKit/537.36 (KHTML, like Gecko) Chrome/72.0.3626.109 Safari/537.36"
121.81.120.165 - - [21/May/2021:11:05:37 +0900] "GET /view/1560/Ask_Evaluation?worker_id=4 HTTP/1.1" 200 2790 "https://crowd4u.org/view/1560/Ask_Evaluation?worker_id=4" "Mozilla/5.0 (Windows NT 6.1; Win64; x64) AppleWebKit/537.36 (KHTML, like Gecko) Chrome/90.0.4430.212 Safari/537.36"
180.145.212.204 - - [21/May/2021:11:05:39 +0900] "GET /view/1560/Ask_Evaluation?worker_id=10 HTTP/1.1" 200 5027 "https://takumi-nakayama.github.io/" "Mozilla/5.0 (Windows NT 10.0; Win64; x64) AppleWebKit/537.36 (KHTML, like Gecko) Chrome/90.0.4430.212 Safari/537.36"
114.119.147.73 - - [21/May/2021:11:05:40 +0900] "GET /en/login HTTP/1.1" 200 11276 "-" "Mozilla/5.0 (Linux; Android 7.0;) AppleWebKit/537.36 (KHTML, like Gecko) Mobile Safari/537.36 (compatible; PetalBot;+https://webmaster.petalsearch.com/site/petalbot)"
180.145.212.204 - - [21/May/2021:11:05:44 +0900] "GET /view/1565/Ask_Evaluation?worker_id=10 HTTP/1.1" 200 2996 "https://takumi-nakayama.github.io/" "Mozilla/5.0 (Windows NT 10.0; Win64; x64) AppleWebKit/537.36 (KHTML, like Gecko) Chrome/90.0.4430.212 Safari/537.36"
133.51.2.19 - - [21/May/2021:11:05:46 +0900] "GET /api/group_achievement_rate?_=1621386625438 HTTP/1.1" 200 1132 "http://crowd4u.org/ja/projects" "Mozilla/5.0 (Windows NT 10.0; Win64; x64) AppleWebKit/537.36 (KHTML, like Gecko) Chrome/90.0.4430.212 Safari/537.36"
121.81.120.165 - - [21/May/2021:11:05:53 +0900] "POST /event/galaxy_YCS_56?_task_id=4269056 HTTP/1.1" 303 971 "https://crowd4u.org/view/1560/Ask_Evaluation?worker_id=4" "Mozilla/5.0 (Windows NT 6.1; Win64; x64) AppleWebKit/537.36 (KHTML, like Gecko) Chrome/90.0.4430.212 Safari/537.36"
121.81.120.165 - - [21/May/2021:11:05:53 +0900] "GET /view/1560/Ask_Evaluation?worker_id=4 HTTP/1.1" 200 2792 "https://crowd4u.org/view/1560/Ask_Evaluation?worker_id=4" "Mozilla/5.0 (Windows NT 6.1; Win64; x64) AppleWebKit/537.36 (KHTML, like Gecko) Chrome/90.0.4430.212 Safari/537.36"
61.197.94.37 - - [21/May/2021:11:05:54 +0900] "GET /img/banner/crowd4u_ja_182x47.png HTTP/1.1" 200 9062 "https://www.cc.tsukuba.ac.jp/" "Mozilla/5.0 (Macintosh; Intel Mac OS X 10_13_6) AppleWebKit/537.36 (KHTML, like Gecko) Chrome/87.0.4280.88 Safari/537.36"
121.81.120.165 - - [21/May/2021:11:05:58 +0900] "POST /event/galaxy_YCS_56?_task_id=4269060 HTTP/1.1" 303 818 "https://crowd4u.org/view/1560/Ask_Evaluation?worker_id=4" "Mozilla/5.0 (Windows NT 6.1; Win64; x64) AppleWebKit/537.36 (KHTML, like Gecko) Chrome/90.0.4430.212 Safari/537.36"
121.81.120.165 - - [21/May/2021:11:05:58 +0900] "GET /view/1560/Ask_Evaluation?worker_id=4 HTTP/1.1" 200 2789 "https://crowd4u.org/view/1560/Ask_Evaluation?worker_id=4" "Mozilla/5.0 (Windows NT 6.1; Win64; x64) AppleWebKit/537.36 (KHTML, like Gecko) Chrome/90.0.4430.212 Safari/537.36"
121.81.120.165 - - [21/May/2021:11:06:04 +0900] "POST /event/galaxy_YCS_56?_task_id=4269064 HTTP/1.1" 303 971 "https://crowd4u.org/view/1560/Ask_Evaluation?worker_id=4" "Mozilla/5.0 (Windows NT 6.1; Win64; x64) AppleWebKit/537.36 (KHTML, like Gecko) Chrome/90.0.4430.212 Safari/537.36"
121.81.120.165 - - [21/May/2021:11:06:05 +0900] "GET /view/1560/Ask_Evaluation?worker_id=4 HTTP/1.1" 200 2791 "https://crowd4u.org/view/1560/Ask_Evaluation?worker_id=4" "Mozilla/5.0 (Windows NT 6.1; Win64; x64) AppleWebKit/537.36 (KHTML, like Gecko) Chrome/90.0.4430.212 Safari/537.36"
121.81.120.165 - - [21/May/2021:11:06:10 +0900] "POST /event/galaxy_YCS_56?_task_id=4269068 HTTP/1.1" 303 971 "https://crowd4u.org/view/1560/Ask_Evaluation?worker_id=4" "Mozilla/5.0 (Windows NT 6.1; Win64; x64) AppleWebKit/537.36 (KHTML, like Gecko) Chrome/90.0.4430.212 Safari/537.36"
121.81.120.165 - - [21/May/2021:11:06:10 +0900] "GET /view/1560/Ask_Evaluation?worker_id=4 HTTP/1.1" 200 2792 "https://crowd4u.org/view/1560/Ask_Evaluation?worker_id=4" "Mozilla/5.0 (Windows NT 6.1; Win64; x64) AppleWebKit/537.36 (KHTML, like Gecko) Chrome/90.0.4430.212 Safari/537.36"
130.158.27.153 - - [21/May/2021:11:06:13 +0900] "GET /img/banner/crowd4u_ja_182x47.png HTTP/1.1" 200 9062 "https://www.cc.tsukuba.ac.jp/" "Mozilla/5.0 (Windows NT 10.0; Win64; x64) AppleWebKit/537.36 (KHTML, like Gecko) Chrome/90.0.4430.212 Safari/537.36 Edg/90.0.818.62"
133.51.2.19 - - [21/May/2021:11:06:15 +0900] "GET /script/api.js?requester=-2&length=10&_cache=1621562727 HTTP/1.1" 200 9093 "https://crowd4u.org/ja/cylog_projects/1560/owner" "Mozilla/5.0 (Windows NT 10.0; Win64; x64) AppleWebKit/537.36 (KHTML, like Gecko) Chrome/90.0.4430.212 Safari/537.36"
133.206.86.224 - - [21/May/2021:11:06:15 +0900] "GET /img/banner/crowd4u_ja_182x47.png HTTP/1.1" 200 9062 "https://www.cc.tsukuba.ac.jp/" "Mozilla/5.0 (Macintosh; Intel Mac OS X 10.14; rv:88.0) Gecko/20100101 Firefox/88.0"
121.81.120.165 - - [21/May/2021:11:06:16 +0900] "POST /event/galaxy_YCS_56?_task_id=4269072 HTTP/1.1" 303 971 "https://crowd4u.org/view/1560/Ask_Evaluation?worker_id=4" "Mozilla/5.0 (Windows NT 6.1; Win64; x64) AppleWebKit/537.36 (KHTML, like Gecko) Chrome/90.0.4430.212 Safari/537.36"
121.81.120.165 - - [21/May/2021:11:06:16 +0900] "GET /view/1560/Ask_Evaluation?worker_id=4 HTTP/1.1" 200 2792 "https://crowd4u.org/view/1560/Ask_Evaluation?worker_id=4" "Mozilla/5.0 (Windows NT 6.1; Win64; x64) AppleWebKit/537.36 (KHTML, like Gecko) Chrome/90.0.4430.212 Safari/537.36"
34.214.50.123 - - [21/May/2021:11:06:17 +0900] "GET /js/api/xdr.js?requester=199&length=10&_cache=1621561831 HTTP/1.1" 200 1878 "-" "Mozilla/5.0 (Windows NT 6.1; Win64; x64) AppleWebKit/537.36 (KHTML, like Gecko) Chrome/72.0.3626.109 Safari/537.36"
133.51.2.19 - - [21/May/2021:11:06:17 +0900] "GET /ja/cylog_projects/1560/owner HTTP/1.1" 200 11358 "https://crowd4u.org/ja/admin/cylog_projects" "Mozilla/5.0 (Windows NT 10.0; Win64; x64) AppleWebKit/537.36 (KHTML, like Gecko) Chrome/90.0.4430.212 Safari/537.36"
133.51.2.19 - - [21/May/2021:11:06:18 +0900] "GET /script/task_loader.js?requester=-2&length=10 HTTP/1.1" 200 1584 "https://crowd4u.org/ja/cylog_projects/1560/owner" "Mozilla/5.0 (Windows NT 10.0; Win64; x64) AppleWebKit/537.36 (KHTML, like Gecko) Chrome/90.0.4430.212 Safari/537.36"
133.51.2.19 - - [21/May/2021:11:06:18 +0900] "GET /js/api/include.js?requester=-2&length=10&_cache=1621562778 HTTP/1.1" 200 1442 "https://crowd4u.org/ja/cylog_projects/1560/owner" "Mozilla/5.0 (Windows NT 10.0; Win64; x64) AppleWebKit/537.36 (KHTML, like Gecko) Chrome/90.0.4430.212 Safari/537.36"
133.51.2.19 - - [21/May/2021:11:06:18 +0900] "GET /images/favicon.ico HTTP/1.1" 200 4248 "https://crowd4u.org/ja/cylog_projects/1560/owner" "Mozilla/5.0 (Windows NT 10.0; Win64; x64) AppleWebKit/537.36 (KHTML, like Gecko) Chrome/90.0.4430.212 Safari/537.36"
133.51.2.19 - - [21/May/2021:11:06:18 +0900] "GET /js/api/jquery.form.js?requester=-2&length=10&_cache=1621562778 HTTP/1.1" 200 11701 "https://crowd4u.org/ja/cylog_projects/1560/owner" "Mozilla/5.0 (Windows NT 10.0; Win64; x64) AppleWebKit/537.36 (KHTML, like Gecko) Chrome/90.0.4430.212 Safari/537.36"
133.51.2.19 - - [21/May/2021:11:06:18 +0900] "GET /js/api/xdr.js?requester=-2&length=10&_cache=1621562778 HTTP/1.1" 200 1083 "https://crowd4u.org/ja/cylog_projects/1560/owner" "Mozilla/5.0 (Windows NT 10.0; Win64; x64) AppleWebKit/537.36 (KHTML, like Gecko) Chrome/90.0.4430.212 Safari/537.36"
133.51.2.19 - - [21/May/2021:11:06:18 +0900] "GET /js/api/jquery-ui.js?requester=-2&length=10&_cache=1621562778 HTTP/1.1" 200 20393 "https://crowd4u.org/ja/cylog_projects/1560/owner" "Mozilla/5.0 (Windows NT 10.0; Win64; x64) AppleWebKit/537.36 (KHTML, like Gecko) Chrome/90.0.4430.212 Safari/537.36"
133.51.2.19 - - [21/May/2021:11:06:18 +0900] "GET /script/api.js?requester=-2&length=10&_cache=1621562778 HTTP/1.1" 200 8940 "https://crowd4u.org/ja/cylog_projects/1560/owner" "Mozilla/5.0 (Windows NT 10.0; Win64; x64) AppleWebKit/537.36 (KHTML, like Gecko) Chrome/90.0.4430.212 Safari/537.36"
133.51.2.19 - - [21/May/2021:11:06:21 +0900] "GET /cylog_projects/1560/owner/tables/Evaluation HTTP/1.1" 302 1064 "https://crowd4u.org/ja/cylog_projects/1560/owner" "Mozilla/5.0 (Windows NT 10.0; Win64; x64) AppleWebKit/537.36 (KHTML, like Gecko) Chrome/90.0.4430.212 Safari/537.36"
133.51.2.19 - - [21/May/2021:11:06:21 +0900] "GET /ja/cylog_projects/1560/owner/tables/Evaluation HTTP/1.1" 200 14876 "https://crowd4u.org/ja/cylog_projects/1560/owner" "Mozilla/5.0 (Windows NT 10.0; Win64; x64) AppleWebKit/537.36 (KHTML, like Gecko) Chrome/90.0.4430.212 Safari/537.36"
133.51.2.19 - - [21/May/2021:11:06:21 +0900] "GET /script/task_loader.js?requester=-2&length=10 HTTP/1.1" 200 1584 "https://crowd4u.org/ja/cylog_projects/1560/owner/tables/Evaluation" "Mozilla/5.0 (Windows NT 10.0; Win64; x64) AppleWebKit/537.36 (KHTML, like Gecko) Chrome/90.0.4430.212 Safari/537.36"
133.51.2.19 - - [21/May/2021:11:06:21 +0900] "GET /js/api/include.js?requester=-2&length=10&_cache=1621562781 HTTP/1.1" 200 1442 "https://crowd4u.org/ja/cylog_projects/1560/owner/tables/Evaluation" "Mozilla/5.0 (Windows NT 10.0; Win64; x64) AppleWebKit/537.36 (KHTML, like Gecko) Chrome/90.0.4430.212 Safari/537.36"
133.51.2.19 - - [21/May/2021:11:06:21 +0900] "GET /js/api/xdr.js?requester=-2&length=10&_cache=1621562781 HTTP/1.1" 200 1083 "https://crowd4u.org/ja/cylog_projects/1560/owner/tables/Evaluation" "Mozilla/5.0 (Windows NT 10.0; Win64; x64) AppleWebKit/537.36 (KHTML, like Gecko) Chrome/90.0.4430.212 Safari/537.36"
133.51.2.19 - - [21/May/2021:11:06:21 +0900] "GET /js/api/jquery.form.js?requester=-2&length=10&_cache=1621562781 HTTP/1.1" 200 11854 "https://crowd4u.org/ja/cylog_projects/1560/owner/tables/Evaluation" "Mozilla/5.0 (Windows NT 10.0; Win64; x64) AppleWebKit/537.36 (KHTML, like Gecko) Chrome/90.0.4430.212 Safari/537.36"
133.51.2.19 - - [21/May/2021:11:06:21 +0900] "GET /js/api/jquery-ui.js?requester=-2&length=10&_cache=1621562781 HTTP/1.1" 200 20393 "https://crowd4u.org/ja/cylog_projects/1560/owner/tables/Evaluation" "Mozilla/5.0 (Windows NT 10.0; Win64; x64) AppleWebKit/537.36 (KHTML, like Gecko) Chrome/90.0.4430.212 Safari/537.36"
133.51.2.19 - - [21/May/2021:11:06:21 +0900] "GET /script/api.js?requester=-2&length=10&_cache=1621562781 HTTP/1.1" 200 8940 "https://crowd4u.org/ja/cylog_projects/1560/owner/tables/Evaluation" "Mozilla/5.0 (Windows NT 10.0; Win64; x64) AppleWebKit/537.36 (KHTML, like Gecko) Chrome/90.0.4430.212 Safari/537.36"
121.81.120.165 - - [21/May/2021:11:06:22 +0900] "POST /event/galaxy_YCS_56?_task_id=4269076 HTTP/1.1" 303 971 "https://crowd4u.org/view/1560/Ask_Evaluation?worker_id=4" "Mozilla/5.0 (Windows NT 6.1; Win64; x64) AppleWebKit/537.36 (KHTML, like Gecko) Chrome/90.0.4430.212 Safari/537.36"
121.81.120.165 - - [21/May/2021:11:06:22 +0900] "GET /view/1560/Ask_Evaluation?worker_id=4 HTTP/1.1" 200 2794 "https://crowd4u.org/view/1560/Ask_Evaluation?worker_id=4" "Mozilla/5.0 (Windows NT 6.1; Win64; x64) AppleWebKit/537.36 (KHTML, like Gecko) Chrome/90.0.4430.212 Safari/537.36"
121.81.120.165 - - [21/May/2021:11:06:27 +0900] "POST /event/galaxy_YCS_56?_task_id=4269080 HTTP/1.1" 303 971 "https://crowd4u.org/view/1560/Ask_Evaluation?worker_id=4" "Mozilla/5.0 (Windows NT 6.1; Win64; x64) AppleWebKit/537.36 (KHTML, like Gecko) Chrome/90.0.4430.212 Safari/537.36"
121.81.120.165 - - [21/May/2021:11:06:27 +0900] "GET /view/1560/Ask_Evaluation?worker_id=4 HTTP/1.1" 200 2790 "https://crowd4u.org/view/1560/Ask_Evaluation?worker_id=4" "Mozilla/5.0 (Windows NT 6.1; Win64; x64) AppleWebKit/537.36 (KHTML, like Gecko) Chrome/90.0.4430.212 Safari/537.36"
121.81.120.165 - - [21/May/2021:11:06:32 +0900] "POST /event/galaxy_YCS_56?_task_id=4269084 HTTP/1.1" 303 818 "https://crowd4u.org/view/1560/Ask_Evaluation?worker_id=4" "Mozilla/5.0 (Windows NT 6.1; Win64; x64) AppleWebKit/537.36 (KHTML, like Gecko) Chrome/90.0.4430.212 Safari/537.36"
121.81.120.165 - - [21/May/2021:11:06:32 +0900] "GET /view/1560/Ask_Evaluation?worker_id=4 HTTP/1.1" 200 2792 "https://crowd4u.org/view/1560/Ask_Evaluation?worker_id=4" "Mozilla/5.0 (Windows NT 6.1; Win64; x64) AppleWebKit/537.36 (KHTML, like Gecko) Chrome/90.0.4430.212 Safari/537.36"
34.210.73.30 - - [21/May/2021:11:06:36 +0900] "GET /js/api/jquery.form.js?requester=199&length=10&_cache=1621561973 HTTP/1.1" 200 39835 "-" "Mozilla/5.0 (Windows NT 6.1; Win64; x64) AppleWebKit/537.36 (KHTML, like Gecko) Chrome/72.0.3626.109 Safari/537.36"
121.81.120.165 - - [21/May/2021:11:06:36 +0900] "POST /event/galaxy_YCS_56?_task_id=4269088 HTTP/1.1" 303 818 "https://crowd4u.org/view/1560/Ask_Evaluation?worker_id=4" "Mozilla/5.0 (Windows NT 6.1; Win64; x64) AppleWebKit/537.36 (KHTML, like Gecko) Chrome/90.0.4430.212 Safari/537.36"
121.81.120.165 - - [21/May/2021:11:06:36 +0900] "GET /view/1560/Ask_Evaluation?worker_id=4 HTTP/1.1" 200 2793 "https://crowd4u.org/view/1560/Ask_Evaluation?worker_id=4" "Mozilla/5.0 (Windows NT 6.1; Win64; x64) AppleWebKit/537.36 (KHTML, like Gecko) Chrome/90.0.4430.212 Safari/537.36"
18.237.65.82 - - [21/May/2021:11:06:38 +0900] "GET /event/LCrowd_UniCat_v2?_task_id=4256307 HTTP/1.1" 404 8761 "-" "Mozilla/5.0 (Windows NT 6.1; Win64; x64) AppleWebKit/537.36 (KHTML, like Gecko) Chrome/72.0.3626.109 Safari/537.36"
121.81.120.165 - - [21/May/2021:11:06:39 +0900] "POST /event/galaxy_YCS_56?_task_id=4269092 HTTP/1.1" 303 818 "https://crowd4u.org/view/1560/Ask_Evaluation?worker_id=4" "Mozilla/5.0 (Windows NT 6.1; Win64; x64) AppleWebKit/537.36 (KHTML, like Gecko) Chrome/90.0.4430.212 Safari/537.36"
121.81.120.165 - - [21/May/2021:11:06:39 +0900] "GET /view/1560/Ask_Evaluation?worker_id=4 HTTP/1.1" 200 2790 "https://crowd4u.org/view/1560/Ask_Evaluation?worker_id=4" "Mozilla/5.0 (Windows NT 6.1; Win64; x64) AppleWebKit/537.36 (KHTML, like Gecko) Chrome/90.0.4430.212 Safari/537.36"
34.211.152.213 - - [21/May/2021:11:06:46 +0900] "GET /js/api/include.js?requester=199&length=10&_cache=1621561831 HTTP/1.1" 200 1085 "-" "Mozilla/5.0 (Windows NT 6.1; Win64; x64) AppleWebKit/537.36 (KHTML, like Gecko) Chrome/72.0.3626.109 Safari/537.36"
121.81.120.165 - - [21/May/2021:11:06:46 +0900] "POST /event/galaxy_YCS_56?_task_id=4269096 HTTP/1.1" 303 971 "https://crowd4u.org/view/1560/Ask_Evaluation?worker_id=4" "Mozilla/5.0 (Windows NT 6.1; Win64; x64) AppleWebKit/537.36 (KHTML, like Gecko) Chrome/90.0.4430.212 Safari/537.36"
121.81.120.165 - - [21/May/2021:11:06:46 +0900] "GET /view/1560/Ask_Evaluation?worker_id=4 HTTP/1.1" 200 2792 "https://crowd4u.org/view/1560/Ask_Evaluation?worker_id=4" "Mozilla/5.0 (Windows NT 6.1; Win64; x64) AppleWebKit/537.36 (KHTML, like Gecko) Chrome/90.0.4430.212 Safari/537.36"
133.51.2.19 - - [21/May/2021:11:06:46 +0900] "GET /api/group_achievement_rate?_=1621386625439 HTTP/1.1" 200 1132 "http://crowd4u.org/ja/projects" "Mozilla/5.0 (Windows NT 10.0; Win64; x64) AppleWebKit/537.36 (KHTML, like Gecko) Chrome/90.0.4430.212 Safari/537.36"
133.51.2.19 - - [21/May/2021:11:06:54 +0900] "GET /ja/cylog_projects/1560/owner/tables/Evaluation HTTP/1.1" 200 15129 "https://crowd4u.org/ja/cylog_projects/1560/owner" "Mozilla/5.0 (Windows NT 10.0; Win64; x64) AppleWebKit/537.36 (KHTML, like Gecko) Chrome/90.0.4430.212 Safari/537.36"
133.51.2.19 - - [21/May/2021:11:06:54 +0900] "GET /script/task_loader.js?requester=-2&length=10 HTTP/1.1" 200 1584 "https://crowd4u.org/ja/cylog_projects/1560/owner/tables/Evaluation" "Mozilla/5.0 (Windows NT 10.0; Win64; x64) AppleWebKit/537.36 (KHTML, like Gecko) Chrome/90.0.4430.212 Safari/537.36"
133.51.2.19 - - [21/May/2021:11:06:54 +0900] "GET /images/favicon.ico HTTP/1.1" 200 4401 "https://crowd4u.org/ja/cylog_projects/1560/owner/tables/Evaluation" "Mozilla/5.0 (Windows NT 10.0; Win64; x64) AppleWebKit/537.36 (KHTML, like Gecko) Chrome/90.0.4430.212 Safari/537.36"
133.51.2.19 - - [21/May/2021:11:06:54 +0900] "GET /js/api/include.js?requester=-2&length=10&_cache=1621562814 HTTP/1.1" 200 1442 "https://crowd4u.org/ja/cylog_projects/1560/owner/tables/Evaluation" "Mozilla/5.0 (Windows NT 10.0; Win64; x64) AppleWebKit/537.36 (KHTML, like Gecko) Chrome/90.0.4430.212 Safari/537.36"
133.51.2.19 - - [21/May/2021:11:06:54 +0900] "GET /js/api/jquery.form.js?requester=-2&length=10&_cache=1621562814 HTTP/1.1" 200 11701 "https://crowd4u.org/ja/cylog_projects/1560/owner/tables/Evaluation" "Mozilla/5.0 (Windows NT 10.0; Win64; x64) AppleWebKit/537.36 (KHTML, like Gecko) Chrome/90.0.4430.212 Safari/537.36"
133.51.2.19 - - [21/May/2021:11:06:54 +0900] "GET /js/api/jquery-ui.js?requester=-2&length=10&_cache=1621562814 HTTP/1.1" 200 20240 "https://crowd4u.org/ja/cylog_projects/1560/owner/tables/Evaluation" "Mozilla/5.0 (Windows NT 10.0; Win64; x64) AppleWebKit/537.36 (KHTML, like Gecko) Chrome/90.0.4430.212 Safari/537.36"
121.81.120.165 - - [21/May/2021:11:06:54 +0900] "POST /event/galaxy_YCS_56?_task_id=4269100 HTTP/1.1" 303 971 "https://crowd4u.org/view/1560/Ask_Evaluation?worker_id=4" "Mozilla/5.0 (Windows NT 6.1; Win64; x64) AppleWebKit/537.36 (KHTML, like Gecko) Chrome/90.0.4430.212 Safari/537.36"
133.51.2.19 - - [21/May/2021:11:06:54 +0900] "GET /js/api/xdr.js?requester=-2&length=10&_cache=1621562814 HTTP/1.1" 200 930 "https://crowd4u.org/ja/cylog_projects/1560/owner/tables/Evaluation" "Mozilla/5.0 (Windows NT 10.0; Win64; x64) AppleWebKit/537.36 (KHTML, like Gecko) Chrome/90.0.4430.212 Safari/537.36"
133.51.2.19 - - [21/May/2021:11:06:54 +0900] "GET /script/api.js?requester=-2&length=10&_cache=1621562814 HTTP/1.1" 200 8940 "https://crowd4u.org/ja/cylog_projects/1560/owner/tables/Evaluation" "Mozilla/5.0 (Windows NT 10.0; Win64; x64) AppleWebKit/537.36 (KHTML, like Gecko) Chrome/90.0.4430.212 Safari/537.36"
121.81.120.165 - - [21/May/2021:11:06:54 +0900] "GET /view/1560/Ask_Evaluation?worker_id=4 HTTP/1.1" 200 2789 "https://crowd4u.org/view/1560/Ask_Evaluation?worker_id=4" "Mozilla/5.0 (Windows NT 6.1; Win64; x64) AppleWebKit/537.36 (KHTML, like Gecko) Chrome/90.0.4430.212 Safari/537.36"
121.81.120.165 - - [21/May/2021:11:06:58 +0900] "POST /event/galaxy_YCS_56?_task_id=4269104 HTTP/1.1" 303 818 "https://crowd4u.org/view/1560/Ask_Evaluation?worker_id=4" "Mozilla/5.0 (Windows NT 6.1; Win64; x64) AppleWebKit/537.36 (KHTML, like Gecko) Chrome/90.0.4430.212 Safari/537.36"
121.81.120.165 - - [21/May/2021:11:06:58 +0900] "GET /view/1560/Ask_Evaluation?worker_id=4 HTTP/1.1" 200 2789 "https://crowd4u.org/view/1560/Ask_Evaluation?worker_id=4" "Mozilla/5.0 (Windows NT 6.1; Win64; x64) AppleWebKit/537.36 (KHTML, like Gecko) Chrome/90.0.4430.212 Safari/537.36"
121.81.120.165 - - [21/May/2021:11:07:06 +0900] "POST /event/galaxy_YCS_56?_task_id=4269108 HTTP/1.1" 303 971 "https://crowd4u.org/view/1560/Ask_Evaluation?worker_id=4" "Mozilla/5.0 (Windows NT 6.1; Win64; x64) AppleWebKit/537.36 (KHTML, like Gecko) Chrome/90.0.4430.212 Safari/537.36"
121.81.120.165 - - [21/May/2021:11:07:06 +0900] "GET /view/1560/Ask_Evaluation?worker_id=4 HTTP/1.1" 200 2997 "https://crowd4u.org/view/1560/Ask_Evaluation?worker_id=4" "Mozilla/5.0 (Windows NT 6.1; Win64; x64) AppleWebKit/537.36 (KHTML, like Gecko) Chrome/90.0.4430.212 Safari/537.36"
121.81.120.165 - - [21/May/2021:11:07:06 +0900] "GET /css/crowd4u.css?date=20141127 HTTP/1.1" 200 2411 "https://crowd4u.org/view/1560/Ask_Evaluation?worker_id=4" "Mozilla/5.0 (Windows NT 6.1; Win64; x64) AppleWebKit/537.36 (KHTML, like Gecko) Chrome/90.0.4430.212 Safari/537.36"
121.81.120.165 - - [21/May/2021:11:07:06 +0900] "GET /css/bootstrap-modal.css HTTP/1.1" 200 1436 "https://crowd4u.org/view/1560/Ask_Evaluation?worker_id=4" "Mozilla/5.0 (Windows NT 6.1; Win64; x64) AppleWebKit/537.36 (KHTML, like Gecko) Chrome/90.0.4430.212 Safari/537.36"
121.81.120.165 - - [21/May/2021:11:07:06 +0900] "GET /css/sp.css HTTP/1.1" 200 1127 "https://crowd4u.org/view/1560/Ask_Evaluation?worker_id=4" "Mozilla/5.0 (Windows NT 6.1; Win64; x64) AppleWebKit/537.36 (KHTML, like Gecko) Chrome/90.0.4430.212 Safari/537.36"
121.81.120.165 - - [21/May/2021:11:07:06 +0900] "GET /js/jquery.js HTTP/1.1" 200 33725 "https://crowd4u.org/view/1560/Ask_Evaluation?worker_id=4" "Mozilla/5.0 (Windows NT 6.1; Win64; x64) AppleWebKit/537.36 (KHTML, like Gecko) Chrome/90.0.4430.212 Safari/537.36"
121.81.120.165 - - [21/May/2021:11:07:06 +0900] "GET /js/scrollsmooth.js HTTP/1.1" 200 798 "https://crowd4u.org/view/1560/Ask_Evaluation?worker_id=4" "Mozilla/5.0 (Windows NT 6.1; Win64; x64) AppleWebKit/537.36 (KHTML, like Gecko) Chrome/90.0.4430.212 Safari/537.36"
121.81.120.165 - - [21/May/2021:11:07:06 +0900] "GET /js/bootstrap-modal.js HTTP/1.1" 200 2597 "https://crowd4u.org/view/1560/Ask_Evaluation?worker_id=4" "Mozilla/5.0 (Windows NT 6.1; Win64; x64) AppleWebKit/537.36 (KHTML, like Gecko) Chrome/90.0.4430.212 Safari/537.36"
121.81.120.165 - - [21/May/2021:11:07:06 +0900] "GET /js/scrolltopcontrol.js HTTP/1.1" 200 2225 "https://crowd4u.org/view/1560/Ask_Evaluation?worker_id=4" "Mozilla/5.0 (Windows NT 6.1; Win64; x64) AppleWebKit/537.36 (KHTML, like Gecko) Chrome/90.0.4430.212 Safari/537.36"
121.81.120.165 - - [21/May/2021:11:07:06 +0900] "GET /img/c4u_logo.png HTTP/1.1" 200 5506 "https://crowd4u.org/view/1560/Ask_Evaluation?worker_id=4" "Mozilla/5.0 (Windows NT 6.1; Win64; x64) AppleWebKit/537.36 (KHTML, like Gecko) Chrome/90.0.4430.212 Safari/537.36"
121.81.120.165 - - [21/May/2021:11:07:06 +0900] "GET /img/icon3w.png HTTP/1.1" 200 2919 "https://crowd4u.org/view/1560/Ask_Evaluation?worker_id=4" "Mozilla/5.0 (Windows NT 6.1; Win64; x64) AppleWebKit/537.36 (KHTML, like Gecko) Chrome/90.0.4430.212 Safari/537.36"
121.81.120.165 - - [21/May/2021:11:07:06 +0900] "GET /img/icon7w.png HTTP/1.1" 200 3743 "https://crowd4u.org/view/1560/Ask_Evaluation?worker_id=4" "Mozilla/5.0 (Windows NT 6.1; Win64; x64) AppleWebKit/537.36 (KHTML, like Gecko) Chrome/90.0.4430.212 Safari/537.36"
121.81.120.165 - - [21/May/2021:11:07:06 +0900] "GET /img/icon1w.png HTTP/1.1" 200 3375 "https://crowd4u.org/view/1560/Ask_Evaluation?worker_id=4" "Mozilla/5.0 (Windows NT 6.1; Win64; x64) AppleWebKit/537.36 (KHTML, like Gecko) Chrome/90.0.4430.212 Safari/537.36"
121.81.120.165 - - [21/May/2021:11:07:06 +0900] "GET /img/icon5w.png HTTP/1.1" 200 4607 "https://crowd4u.org/view/1560/Ask_Evaluation?worker_id=4" "Mozilla/5.0 (Windows NT 6.1; Win64; x64) AppleWebKit/537.36 (KHTML, like Gecko) Chrome/90.0.4430.212 Safari/537.36"
121.81.120.165 - - [21/May/2021:11:07:06 +0900] "GET /img/google_play1.png HTTP/1.1" 200 7673 "https://crowd4u.org/view/1560/Ask_Evaluation?worker_id=4" "Mozilla/5.0 (Windows NT 6.1; Win64; x64) AppleWebKit/537.36 (KHTML, like Gecko) Chrome/90.0.4430.212 Safari/537.36"
121.81.120.165 - - [21/May/2021:11:07:06 +0900] "GET /img/title30.png?date=20141127 HTTP/1.1" 200 1310 "https://crowd4u.org/css/crowd4u.css?date=20141127" "Mozilla/5.0 (Windows NT 6.1; Win64; x64) AppleWebKit/537.36 (KHTML, like Gecko) Chrome/90.0.4430.212 Safari/537.36"
121.81.120.165 - - [21/May/2021:11:07:06 +0900] "GET /img/up.png HTTP/1.1" 200 1746 "https://crowd4u.org/view/1560/Ask_Evaluation?worker_id=4" "Mozilla/5.0 (Windows NT 6.1; Win64; x64) AppleWebKit/537.36 (KHTML, like Gecko) Chrome/90.0.4430.212 Safari/537.36"
121.81.120.165 - - [21/May/2021:11:07:06 +0900] "GET /img/favicon.ico HTTP/1.1" 200 1508 "https://crowd4u.org/view/1560/Ask_Evaluation?worker_id=4" "Mozilla/5.0 (Windows NT 6.1; Win64; x64) AppleWebKit/537.36 (KHTML, like Gecko) Chrome/90.0.4430.212 Safari/537.36"
18.237.65.82 - - [21/May/2021:11:07:14 +0900] "GET /event/LCrowd_UniCat_v2?_task_id=4256360 HTTP/1.1" 404 8761 "-" "Mozilla/5.0 (Windows NT 6.1; Win64; x64) AppleWebKit/537.36 (KHTML, like Gecko) Chrome/72.0.3626.109 Safari/537.36"
133.51.2.19 - - [21/May/2021:11:07:15 +0900] "GET /ja/cylog_projects/1560/owner/tables/Evaluation HTTP/1.1" 200 15177 "https://crowd4u.org/ja/cylog_projects/1560/owner" "Mozilla/5.0 (Windows NT 10.0; Win64; x64) AppleWebKit/537.36 (KHTML, like Gecko) Chrome/90.0.4430.212 Safari/537.36"
133.51.2.19 - - [21/May/2021:11:07:15 +0900] "GET /script/task_loader.js?requester=-2&length=10 HTTP/1.1" 200 1584 "https://crowd4u.org/ja/cylog_projects/1560/owner/tables/Evaluation" "Mozilla/5.0 (Windows NT 10.0; Win64; x64) AppleWebKit/537.36 (KHTML, like Gecko) Chrome/90.0.4430.212 Safari/537.36"
133.51.2.19 - - [21/May/2021:11:07:15 +0900] "GET /js/api/include.js?requester=-2&length=10&_cache=1621562835 HTTP/1.1" 200 1442 "https://crowd4u.org/ja/cylog_projects/1560/owner/tables/Evaluation" "Mozilla/5.0 (Windows NT 10.0; Win64; x64) AppleWebKit/537.36 (KHTML, like Gecko) Chrome/90.0.4430.212 Safari/537.36"
133.51.2.19 - - [21/May/2021:11:07:15 +0900] "GET /images/favicon.ico HTTP/1.1" 200 4401 "https://crowd4u.org/ja/cylog_projects/1560/owner/tables/Evaluation" "Mozilla/5.0 (Windows NT 10.0; Win64; x64) AppleWebKit/537.36 (KHTML, like Gecko) Chrome/90.0.4430.212 Safari/537.36"
133.51.2.19 - - [21/May/2021:11:07:15 +0900] "GET /js/api/jquery.form.js?requester=-2&length=10&_cache=1621562835 HTTP/1.1" 200 11701 "https://crowd4u.org/ja/cylog_projects/1560/owner/tables/Evaluation" "Mozilla/5.0 (Windows NT 10.0; Win64; x64) AppleWebKit/537.36 (KHTML, like Gecko) Chrome/90.0.4430.212 Safari/537.36"
133.51.2.19 - - [21/May/2021:11:07:15 +0900] "GET /js/api/jquery-ui.js?requester=-2&length=10&_cache=1621562835 HTTP/1.1" 200 20240 "https://crowd4u.org/ja/cylog_projects/1560/owner/tables/Evaluation" "Mozilla/5.0 (Windows NT 10.0; Win64; x64) AppleWebKit/537.36 (KHTML, like Gecko) Chrome/90.0.4430.212 Safari/537.36"
133.51.2.19 - - [21/May/2021:11:07:15 +0900] "GET /js/api/xdr.js?requester=-2&length=10&_cache=1621562835 HTTP/1.1" 200 1083 "https://crowd4u.org/ja/cylog_projects/1560/owner/tables/Evaluation" "Mozilla/5.0 (Windows NT 10.0; Win64; x64) AppleWebKit/537.36 (KHTML, like Gecko) Chrome/90.0.4430.212 Safari/537.36"
133.51.2.19 - - [21/May/2021:11:07:15 +0900] "GET /script/api.js?requester=-2&length=10&_cache=1621562835 HTTP/1.1" 200 8940 "https://crowd4u.org/ja/cylog_projects/1560/owner/tables/Evaluation" "Mozilla/5.0 (Windows NT 10.0; Win64; x64) AppleWebKit/537.36 (KHTML, like Gecko) Chrome/90.0.4430.212 Safari/537.36"
133.51.102.146 - - [21/May/2021:11:07:26 +0900] "GET /img/banner/crowd4u_ja_182x47.png HTTP/1.1" 200 9062 "https://www.cc.tsukuba.ac.jp/" "Mozilla/5.0 (Windows NT 10.0) AppleWebKit/537.36 (KHTML, like Gecko) Chrome/90.0.4430.212 Safari/537.36"
54.213.202.22 - - [21/May/2021:11:07:26 +0900] "GET /event/LCrowd_UniCat_v2?_task_id=4268141 HTTP/1.1" 404 8761 "-" "Mozilla/5.0 (Windows NT 6.1; Win64; x64) AppleWebKit/537.36 (KHTML, like Gecko) Chrome/72.0.3626.109 Safari/537.36"
54.213.202.22 - - [21/May/2021:11:07:27 +0900] "GET /task_assignment?embed=0&requester=199&_ajax=1&_=1621561830541 HTTP/1.1" 200 20879 "-" "Mozilla/5.0 (Windows NT 6.1; Win64; x64) AppleWebKit/537.36 (KHTML, like Gecko) Chrome/72.0.3626.109 Safari/537.36"
54.218.242.192 - - [21/May/2021:11:07:27 +0900] "GET /script/api.js?requester=199&length=10&_cache=1621562054 HTTP/1.1" 200 8505 "-" "Mozilla/5.0 (Windows NT 6.1; Win64; x64) AppleWebKit/537.36 (KHTML, like Gecko) Chrome/72.0.3626.109 Safari/537.36"
133.51.2.19 - - [21/May/2021:11:07:29 +0900] "GET /ja/cylog_projects/1560/owner/tables/Evaluation HTTP/1.1" 200 17054 "https://crowd4u.org/ja/cylog_projects/1560/owner" "Mozilla/5.0 (Windows NT 10.0; Win64; x64) AppleWebKit/537.36 (KHTML, like Gecko) Chrome/90.0.4430.212 Safari/537.36"
133.51.2.19 - - [21/May/2021:11:07:29 +0900] "GET /script/task_loader.js?requester=-2&length=10 HTTP/1.1" 200 1584 "https://crowd4u.org/ja/cylog_projects/1560/owner/tables/Evaluation" "Mozilla/5.0 (Windows NT 10.0; Win64; x64) AppleWebKit/537.36 (KHTML, like Gecko) Chrome/90.0.4430.212 Safari/537.36"
133.51.2.19 - - [21/May/2021:11:07:29 +0900] "GET /js/api/include.js?requester=-2&length=10&_cache=1621562849 HTTP/1.1" 200 1442 "https://crowd4u.org/ja/cylog_projects/1560/owner/tables/Evaluation" "Mozilla/5.0 (Windows NT 10.0; Win64; x64) AppleWebKit/537.36 (KHTML, like Gecko) Chrome/90.0.4430.212 Safari/537.36"
133.51.2.19 - - [21/May/2021:11:07:29 +0900] "GET /images/favicon.ico HTTP/1.1" 200 6278 "https://crowd4u.org/ja/cylog_projects/1560/owner/tables/Evaluation" "Mozilla/5.0 (Windows NT 10.0; Win64; x64) AppleWebKit/537.36 (KHTML, like Gecko) Chrome/90.0.4430.212 Safari/537.36"
133.51.2.19 - - [21/May/2021:11:07:29 +0900] "GET /js/api/jquery.form.js?requester=-2&length=10&_cache=1621562849 HTTP/1.1" 200 11701 "https://crowd4u.org/ja/cylog_projects/1560/owner/tables/Evaluation" "Mozilla/5.0 (Windows NT 10.0; Win64; x64) AppleWebKit/537.36 (KHTML, like Gecko) Chrome/90.0.4430.212 Safari/537.36"
133.51.2.19 - - [21/May/2021:11:07:29 +0900] "GET /js/api/jquery-ui.js?requester=-2&length=10&_cache=1621562849 HTTP/1.1" 200 20240 "https://crowd4u.org/ja/cylog_projects/1560/owner/tables/Evaluation" "Mozilla/5.0 (Windows NT 10.0; Win64; x64) AppleWebKit/537.36 (KHTML, like Gecko) Chrome/90.0.4430.212 Safari/537.36"
133.51.2.19 - - [21/May/2021:11:07:29 +0900] "GET /js/api/xdr.js?requester=-2&length=10&_cache=1621562849 HTTP/1.1" 200 1083 "https://crowd4u.org/ja/cylog_projects/1560/owner/tables/Evaluation" "Mozilla/5.0 (Windows NT 10.0; Win64; x64) AppleWebKit/537.36 (KHTML, like Gecko) Chrome/90.0.4430.212 Safari/537.36"
133.51.2.19 - - [21/May/2021:11:07:29 +0900] "GET /script/api.js?requester=-2&length=10&_cache=1621562849 HTTP/1.1" 200 8940 "https://crowd4u.org/ja/cylog_projects/1560/owner/tables/Evaluation" "Mozilla/5.0 (Windows NT 10.0; Win64; x64) AppleWebKit/537.36 (KHTML, like Gecko) Chrome/90.0.4430.212 Safari/537.36"
133.51.2.19 - - [21/May/2021:11:07:39 +0900] "GET /ja/cylog_projects/1560/owner/tables/Evaluation HTTP/1.1" 200 15177 "https://crowd4u.org/ja/cylog_projects/1560/owner" "Mozilla/5.0 (Windows NT 10.0; Win64; x64) AppleWebKit/537.36 (KHTML, like Gecko) Chrome/90.0.4430.212 Safari/537.36"
133.51.2.19 - - [21/May/2021:11:07:39 +0900] "GET /script/task_loader.js?requester=-2&length=10 HTTP/1.1" 200 1584 "https://crowd4u.org/ja/cylog_projects/1560/owner/tables/Evaluation" "Mozilla/5.0 (Windows NT 10.0; Win64; x64) AppleWebKit/537.36 (KHTML, like Gecko) Chrome/90.0.4430.212 Safari/537.36"
133.51.2.19 - - [21/May/2021:11:07:39 +0900] "GET /images/favicon.ico HTTP/1.1" 200 4401 "https://crowd4u.org/ja/cylog_projects/1560/owner/tables/Evaluation" "Mozilla/5.0 (Windows NT 10.0; Win64; x64) AppleWebKit/537.36 (KHTML, like Gecko) Chrome/90.0.4430.212 Safari/537.36"
133.51.2.19 - - [21/May/2021:11:07:39 +0900] "GET /js/api/include.js?requester=-2&length=10&_cache=1621562859 HTTP/1.1" 200 1442 "https://crowd4u.org/ja/cylog_projects/1560/owner/tables/Evaluation" "Mozilla/5.0 (Windows NT 10.0; Win64; x64) AppleWebKit/537.36 (KHTML, like Gecko) Chrome/90.0.4430.212 Safari/537.36"
133.51.2.19 - - [21/May/2021:11:07:39 +0900] "GET /js/api/jquery.form.js?requester=-2&length=10&_cache=1621562859 HTTP/1.1" 200 11701 "https://crowd4u.org/ja/cylog_projects/1560/owner/tables/Evaluation" "Mozilla/5.0 (Windows NT 10.0; Win64; x64) AppleWebKit/537.36 (KHTML, like Gecko) Chrome/90.0.4430.212 Safari/537.36"
133.51.2.19 - - [21/May/2021:11:07:39 +0900] "GET /js/api/jquery-ui.js?requester=-2&length=10&_cache=1621562859 HTTP/1.1" 200 20240 "https://crowd4u.org/ja/cylog_projects/1560/owner/tables/Evaluation" "Mozilla/5.0 (Windows NT 10.0; Win64; x64) AppleWebKit/537.36 (KHTML, like Gecko) Chrome/90.0.4430.212 Safari/537.36"
133.51.2.19 - - [21/May/2021:11:07:39 +0900] "GET /js/api/xdr.js?requester=-2&length=10&_cache=1621562859 HTTP/1.1" 200 1083 "https://crowd4u.org/ja/cylog_projects/1560/owner/tables/Evaluation" "Mozilla/5.0 (Windows NT 10.0; Win64; x64) AppleWebKit/537.36 (KHTML, like Gecko) Chrome/90.0.4430.212 Safari/537.36"
133.51.2.19 - - [21/May/2021:11:07:39 +0900] "GET /script/api.js?requester=-2&length=10&_cache=1621562859 HTTP/1.1" 200 8940 "https://crowd4u.org/ja/cylog_projects/1560/owner/tables/Evaluation" "Mozilla/5.0 (Windows NT 10.0; Win64; x64) AppleWebKit/537.36 (KHTML, like Gecko) Chrome/90.0.4430.212 Safari/537.36"
133.51.2.19 - - [21/May/2021:11:07:46 +0900] "GET /api/group_achievement_rate?_=1621386625440 HTTP/1.1" 200 1132 "http://crowd4u.org/ja/projects" "Mozilla/5.0 (Windows NT 10.0; Win64; x64) AppleWebKit/537.36 (KHTML, like Gecko) Chrome/90.0.4430.212 Safari/537.36"
133.51.2.19 - - [21/May/2021:11:07:55 +0900] "GET /view/1560/Ask_Evaluation?worker_id=2 HTTP/1.1" 200 3183 "https://takumi-nakayama.github.io/" "Mozilla/5.0 (Windows NT 10.0; Win64; x64) AppleWebKit/537.36 (KHTML, like Gecko) Chrome/90.0.4430.212 Safari/537.36"
133.51.2.19 - - [21/May/2021:11:08:01 +0900] "GET /ja/cylog_projects/1560/owner/tables/Evaluation HTTP/1.1" 200 15177 "https://crowd4u.org/ja/cylog_projects/1560/owner" "Mozilla/5.0 (Windows NT 10.0; Win64; x64) AppleWebKit/537.36 (KHTML, like Gecko) Chrome/90.0.4430.212 Safari/537.36"
133.51.2.19 - - [21/May/2021:11:08:01 +0900] "GET /script/task_loader.js?requester=-2&length=10 HTTP/1.1" 200 1584 "https://crowd4u.org/ja/cylog_projects/1560/owner/tables/Evaluation" "Mozilla/5.0 (Windows NT 10.0; Win64; x64) AppleWebKit/537.36 (KHTML, like Gecko) Chrome/90.0.4430.212 Safari/537.36"
133.51.2.19 - - [21/May/2021:11:08:01 +0900] "GET /js/api/include.js?requester=-2&length=10&_cache=1621562881 HTTP/1.1" 200 1442 "https://crowd4u.org/ja/cylog_projects/1560/owner/tables/Evaluation" "Mozilla/5.0 (Windows NT 10.0; Win64; x64) AppleWebKit/537.36 (KHTML, like Gecko) Chrome/90.0.4430.212 Safari/537.36"
133.51.2.19 - - [21/May/2021:11:08:01 +0900] "GET /images/favicon.ico HTTP/1.1" 200 4248 "https://crowd4u.org/ja/cylog_projects/1560/owner/tables/Evaluation" "Mozilla/5.0 (Windows NT 10.0; Win64; x64) AppleWebKit/537.36 (KHTML, like Gecko) Chrome/90.0.4430.212 Safari/537.36"
133.51.2.19 - - [21/May/2021:11:08:01 +0900] "GET /js/api/jquery.form.js?requester=-2&length=10&_cache=1621562881 HTTP/1.1" 200 11701 "https://crowd4u.org/ja/cylog_projects/1560/owner/tables/Evaluation" "Mozilla/5.0 (Windows NT 10.0; Win64; x64) AppleWebKit/537.36 (KHTML, like Gecko) Chrome/90.0.4430.212 Safari/537.36"
133.51.2.19 - - [21/May/2021:11:08:01 +0900] "GET /js/api/jquery-ui.js?requester=-2&length=10&_cache=1621562881 HTTP/1.1" 200 20393 "https://crowd4u.org/ja/cylog_projects/1560/owner/tables/Evaluation" "Mozilla/5.0 (Windows NT 10.0; Win64; x64) AppleWebKit/537.36 (KHTML, like Gecko) Chrome/90.0.4430.212 Safari/537.36"
133.51.2.19 - - [21/May/2021:11:08:01 +0900] "GET /js/api/xdr.js?requester=-2&length=10&_cache=1621562881 HTTP/1.1" 200 1083 "https://crowd4u.org/ja/cylog_projects/1560/owner/tables/Evaluation" "Mozilla/5.0 (Windows NT 10.0; Win64; x64) AppleWebKit/537.36 (KHTML, like Gecko) Chrome/90.0.4430.212 Safari/537.36"
133.51.2.19 - - [21/May/2021:11:08:01 +0900] "GET /script/api.js?requester=-2&length=10&_cache=1621562881 HTTP/1.1" 200 8940 "https://crowd4u.org/ja/cylog_projects/1560/owner/tables/Evaluation" "Mozilla/5.0 (Windows NT 10.0; Win64; x64) AppleWebKit/537.36 (KHTML, like Gecko) Chrome/90.0.4430.212 Safari/537.36"
18.237.65.82 - - [21/May/2021:11:08:13 +0900] "GET /js/api/jquery-ui.js?requester=199&length=10&_cache=1621561831 HTTP/1.1" 200 73564 "-" "Mozilla/5.0 (Windows NT 6.1; Win64; x64) AppleWebKit/537.36 (KHTML, like Gecko) Chrome/72.0.3626.109 Safari/537.36"
133.51.2.19 - - [21/May/2021:11:08:25 +0900] "GET /ja/cylog_projects/1560/owner/tables/Evaluation HTTP/1.1" 200 15177 "https://crowd4u.org/ja/cylog_projects/1560/owner" "Mozilla/5.0 (Windows NT 10.0; Win64; x64) AppleWebKit/537.36 (KHTML, like Gecko) Chrome/90.0.4430.212 Safari/537.36"
133.51.2.19 - - [21/May/2021:11:08:26 +0900] "GET /script/task_loader.js?requester=-2&length=10 HTTP/1.1" 200 1584 "https://crowd4u.org/ja/cylog_projects/1560/owner/tables/Evaluation" "Mozilla/5.0 (Windows NT 10.0; Win64; x64) AppleWebKit/537.36 (KHTML, like Gecko) Chrome/90.0.4430.212 Safari/537.36"
133.51.2.19 - - [21/May/2021:11:08:26 +0900] "GET /images/favicon.ico HTTP/1.1" 200 4401 "https://crowd4u.org/ja/cylog_projects/1560/owner/tables/Evaluation" "Mozilla/5.0 (Windows NT 10.0; Win64; x64) AppleWebKit/537.36 (KHTML, like Gecko) Chrome/90.0.4430.212 Safari/537.36"
133.51.2.19 - - [21/May/2021:11:08:26 +0900] "GET /js/api/include.js?requester=-2&length=10&_cache=1621562906 HTTP/1.1" 200 1442 "https://crowd4u.org/ja/cylog_projects/1560/owner/tables/Evaluation" "Mozilla/5.0 (Windows NT 10.0; Win64; x64) AppleWebKit/537.36 (KHTML, like Gecko) Chrome/90.0.4430.212 Safari/537.36"
