126.95.99.93 - - [21/May/2021:11:01:28 +0900] "POST /event/galaxy_YCS_56?_task_id=4268969 HTTP/1.1" 303 971 "https://crowd4u.org/view/1560/Ask_Evaluation?worker_id=1" "Mozilla/5.0 (Windows NT 10.0; Win64; x64) AppleWebKit/537.36 (KHTML, like Gecko) Chrome/90.0.4430.212 Safari/537.36"
126.95.99.93 - - [21/May/2021:11:01:28 +0900] "GET /view/1560/Ask_Evaluation?worker_id=1 HTTP/1.1" 200 2785 "https://crowd4u.org/view/1560/Ask_Evaluation?worker_id=1" "Mozilla/5.0 (Windows NT 10.0; Win64; x64) AppleWebKit/537.36 (KHTML, like Gecko) Chrome/90.0.4430.212 Safari/537.36"
60.67.201.248 - - [21/May/2021:11:01:28 +0900] "POST /event/galaxy_YCS_56?_task_id=4269054 HTTP/1.1" 303 972 "https://crowd4u.org/view/1560/Ask_Evaluation?worker_id=12" "Mozilla/5.0 (Windows NT 10.0; Win64; x64) AppleWebKit/537.36 (KHTML, like Gecko) Chrome/90.0.4430.212 Safari/537.36"
60.67.201.248 - - [21/May/2021:11:01:28 +0900] "GET /view/1560/Ask_Evaluation?worker_id=12 HTTP/1.1" 200 2788 "https://crowd4u.org/view/1560/Ask_Evaluation?worker_id=12" "Mozilla/5.0 (Windows NT 10.0; Win64; x64) AppleWebKit/537.36 (KHTML, like Gecko) Chrome/90.0.4430.212 Safari/537.36"
126.2.165.238 - - [21/May/2021:11:01:31 +0900] "POST /event/galaxy_YCS_56?_task_id=4269169 HTTP/1.1" 303 971 "https://crowd4u.org/view/1560/Ask_Evaluation?worker_id=6" "Mozilla/5.0 (Windows NT 10.0; Win64; x64; rv:88.0) Gecko/20100101 Firefox/88.0"
126.2.165.238 - - [21/May/2021:11:01:31 +0900] "GET /view/1560/Ask_Evaluation?worker_id=6 HTTP/1.1" 200 2792 "https://crowd4u.org/view/1560/Ask_Evaluation?worker_id=6" "Mozilla/5.0 (Windows NT 10.0; Win64; x64; rv:88.0) Gecko/20100101 Firefox/88.0"
126.2.165.238 - - [21/May/2021:11:01:31 +0900] "GET /assets/ico/apple-touch-icon-144-precomposed.png HTTP/1.1" 302 843 "https://crowd4u.org/view/1560/Ask_Evaluation?worker_id=6" "Mozilla/5.0 (Windows NT 10.0; Win64; x64; rv:88.0) Gecko/20100101 Firefox/88.0"
61.211.142.58 - - [21/May/2021:11:01:32 +0900] "POST /event/galaxy_YCS_56?_task_id=4269045 HTTP/1.1" 303 819 "https://crowd4u.org/view/1560/Ask_Evaluation?worker_id=16" "Mozilla/5.0 (Macintosh; Intel Mac OS X 10_6_8) AppleWebKit/537.36 (KHTML, like Gecko) Chrome/49.0.2623.112 Safari/537.36"
61.211.142.58 - - [21/May/2021:11:01:32 +0900] "GET /view/1560/Ask_Evaluation?worker_id=16 HTTP/1.1" 200 2791 "https://crowd4u.org/view/1560/Ask_Evaluation?worker_id=16" "Mozilla/5.0 (Macintosh; Intel Mac OS X 10_6_8) AppleWebKit/537.36 (KHTML, like Gecko) Chrome/49.0.2623.112 Safari/537.36"
133.51.2.19 - - [21/May/2021:11:01:33 +0900] "GET /cylog_projects/1560/owner/tables/Evaluation HTTP/1.1" 302 1217 "https://crowd4u.org/ja/cylog_projects/1560/owner" "Mozilla/5.0 (Windows NT 10.0; Win64; x64) AppleWebKit/537.36 (KHTML, like Gecko) Chrome/90.0.4430.212 Safari/537.36"
133.51.2.19 - - [21/May/2021:11:01:33 +0900] "GET /ja/cylog_projects/1560/owner/tables/Evaluation HTTP/1.1" 200 11865 "https://crowd4u.org/ja/cylog_projects/1560/owner" "Mozilla/5.0 (Windows NT 10.0; Win64; x64) AppleWebKit/537.36 (KHTML, like Gecko) Chrome/90.0.4430.212 Safari/537.36"
133.51.2.19 - - [21/May/2021:11:01:33 +0900] "GET /script/task_loader.js?requester=-2&length=10 HTTP/1.1" 200 1584 "https://crowd4u.org/ja/cylog_projects/1560/owner/tables/Evaluation" "Mozilla/5.0 (Windows NT 10.0; Win64; x64) AppleWebKit/537.36 (KHTML, like Gecko) Chrome/90.0.4430.212 Safari/537.36"
133.51.2.19 - - [21/May/2021:11:01:33 +0900] "GET /js/api/include.js?requester=-2&length=10&_cache=1621562493 HTTP/1.1" 200 1442 "https://crowd4u.org/ja/cylog_projects/1560/owner/tables/Evaluation" "Mozilla/5.0 (Windows NT 10.0; Win64; x64) AppleWebKit/537.36 (KHTML, like Gecko) Chrome/90.0.4430.212 Safari/537.36"
133.51.2.19 - - [21/May/2021:11:01:33 +0900] "GET /js/api/jquery-ui.js?requester=-2&length=10&_cache=1621562493 HTTP/1.1" 200 20240 "https://crowd4u.org/ja/cylog_projects/1560/owner/tables/Evaluation" "Mozilla/5.0 (Windows NT 10.0; Win64; x64) AppleWebKit/537.36 (KHTML, like Gecko) Chrome/90.0.4430.212 Safari/537.36"
133.51.2.19 - - [21/May/2021:11:01:33 +0900] "GET /js/api/jquery.form.js?requester=-2&length=10&_cache=1621562493 HTTP/1.1" 200 11854 "https://crowd4u.org/ja/cylog_projects/1560/owner/tables/Evaluation" "Mozilla/5.0 (Windows NT 10.0; Win64; x64) AppleWebKit/537.36 (KHTML, like Gecko) Chrome/90.0.4430.212 Safari/537.36"
133.51.2.19 - - [21/May/2021:11:01:33 +0900] "GET /js/api/xdr.js?requester=-2&length=10&_cache=1621562493 HTTP/1.1" 200 930 "https://crowd4u.org/ja/cylog_projects/1560/owner/tables/Evaluation" "Mozilla/5.0 (Windows NT 10.0; Win64; x64) AppleWebKit/537.36 (KHTML, like Gecko) Chrome/90.0.4430.212 Safari/537.36"
133.51.2.19 - - [21/May/2021:11:01:33 +0900] "GET /script/api.js?requester=-2&length=10&_cache=1621562493 HTTP/1.1" 200 8940 "https://crowd4u.org/ja/cylog_projects/1560/owner/tables/Evaluation" "Mozilla/5.0 (Windows NT 10.0; Win64; x64) AppleWebKit/537.36 (KHTML, like Gecko) Chrome/90.0.4430.212 Safari/537.36"
111.239.157.94 - - [21/May/2021:11:01:34 +0900] "POST /event/galaxy_YCS_56?_task_id=4269198 HTTP/1.1" 303 971 "https://crowd4u.org/view/1560/Ask_Evaluation?worker_id=7" "Mozilla/5.0 (Windows NT 10.0; Win64; x64) AppleWebKit/537.36 (KHTML, like Gecko) Chrome/90.0.4430.212 Safari/537.36"
111.239.157.94 - - [21/May/2021:11:01:34 +0900] "GET /view/1560/Ask_Evaluation?worker_id=7 HTTP/1.1" 200 2792 "https://crowd4u.org/view/1560/Ask_Evaluation?worker_id=7" "Mozilla/5.0 (Windows NT 10.0; Win64; x64) AppleWebKit/537.36 (KHTML, like Gecko) Chrome/90.0.4430.212 Safari/537.36"
126.95.99.93 - - [21/May/2021:11:01:34 +0900] "POST /event/galaxy_YCS_56?_task_id=4268973 HTTP/1.1" 303 971 "https://crowd4u.org/view/1560/Ask_Evaluation?worker_id=1" "Mozilla/5.0 (Windows NT 10.0; Win64; x64) AppleWebKit/537.36 (KHTML, like Gecko) Chrome/90.0.4430.212 Safari/537.36"
126.95.99.93 - - [21/May/2021:11:01:34 +0900] "GET /view/1560/Ask_Evaluation?worker_id=1 HTTP/1.1" 200 2791 "https://crowd4u.org/view/1560/Ask_Evaluation?worker_id=1" "Mozilla/5.0 (Windows NT 10.0; Win64; x64) AppleWebKit/537.36 (KHTML, like Gecko) Chrome/90.0.4430.212 Safari/537.36"
111.239.158.198 - - [21/May/2021:11:01:35 +0900] "POST /event/galaxy_YCS_56?_task_id=4268968 HTTP/1.1" 303 972 "https://crowd4u.org/view/1560/Ask_Evaluation?worker_id=13" "Mozilla/5.0 (iPad; CPU OS 12_5_3 like Mac OS X) AppleWebKit/605.1.15 (KHTML, like Gecko) Version/12.1.2 Mobile/15E148 Safari/604.1"
60.67.201.248 - - [21/May/2021:11:01:35 +0900] "POST /event/galaxy_YCS_56?_task_id=4269058 HTTP/1.1" 303 972 "https://crowd4u.org/view/1560/Ask_Evaluation?worker_id=12" "Mozilla/5.0 (Windows NT 10.0; Win64; x64) AppleWebKit/537.36 (KHTML, like Gecko) Chrome/90.0.4430.212 Safari/537.36"
202.179.53.172 - - [21/May/2021:11:01:35 +0900] "POST /event/galaxy_YCS_56?_task_id=4269067 HTTP/1.1" 303 956 "https://crowd4u.org/view/1560/Ask_Evaluation?worker_id=8" "Mozilla/5.0 (Macintosh; Intel Mac OS X 10_11_6) AppleWebKit/605.1.15 (KHTML, like Gecko) Version/11.1.2 Safari/605.1.15"
60.67.201.248 - - [21/May/2021:11:01:35 +0900] "GET /view/1560/Ask_Evaluation?worker_id=12 HTTP/1.1" 200 2793 "https://crowd4u.org/view/1560/Ask_Evaluation?worker_id=12" "Mozilla/5.0 (Windows NT 10.0; Win64; x64) AppleWebKit/537.36 (KHTML, like Gecko) Chrome/90.0.4430.212 Safari/537.36"
111.239.158.198 - - [21/May/2021:11:01:35 +0900] "GET /view/1560/Ask_Evaluation?worker_id=13 HTTP/1.1" 200 2793 "https://crowd4u.org/view/1560/Ask_Evaluation?worker_id=13" "Mozilla/5.0 (iPad; CPU OS 12_5_3 like Mac OS X) AppleWebKit/605.1.15 (KHTML, like Gecko) Version/12.1.2 Mobile/15E148 Safari/604.1"
202.179.53.172 - - [21/May/2021:11:01:35 +0900] "GET /view/1560/Ask_Evaluation?worker_id=8 HTTP/1.1" 200 2790 "https://crowd4u.org/view/1560/Ask_Evaluation?worker_id=8" "Mozilla/5.0 (Macintosh; Intel Mac OS X 10_11_6) AppleWebKit/605.1.15 (KHTML, like Gecko) Version/11.1.2 Safari/605.1.15"
126.2.165.238 - - [21/May/2021:11:01:36 +0900] "POST /event/galaxy_YCS_56?_task_id=4269173 HTTP/1.1" 303 971 "https://crowd4u.org/view/1560/Ask_Evaluation?worker_id=6" "Mozilla/5.0 (Windows NT 10.0; Win64; x64; rv:88.0) Gecko/20100101 Firefox/88.0"
126.2.165.238 - - [21/May/2021:11:01:36 +0900] "GET /view/1560/Ask_Evaluation?worker_id=6 HTTP/1.1" 200 2792 "https://crowd4u.org/view/1560/Ask_Evaluation?worker_id=6" "Mozilla/5.0 (Windows NT 10.0; Win64; x64; rv:88.0) Gecko/20100101 Firefox/88.0"
61.211.142.58 - - [21/May/2021:11:01:36 +0900] "POST /event/galaxy_YCS_56?_task_id=4269049 HTTP/1.1" 303 819 "https://crowd4u.org/view/1560/Ask_Evaluation?worker_id=16" "Mozilla/5.0 (Macintosh; Intel Mac OS X 10_6_8) AppleWebKit/537.36 (KHTML, like Gecko) Chrome/49.0.2623.112 Safari/537.36"
61.211.142.58 - - [21/May/2021:11:01:36 +0900] "GET /view/1560/Ask_Evaluation?worker_id=16 HTTP/1.1" 200 2792 "https://crowd4u.org/view/1560/Ask_Evaluation?worker_id=16" "Mozilla/5.0 (Macintosh; Intel Mac OS X 10_6_8) AppleWebKit/537.36 (KHTML, like Gecko) Chrome/49.0.2623.112 Safari/537.36"
119.228.175.43 - - [21/May/2021:11:01:37 +0900] "POST /event/galaxy_YCS_56?_task_id=4269205 HTTP/1.1" 303 2954 "https://crowd4u.org/view/1560/Ask_Evaluation?worker_id=11" "Mozilla/5.0 (Windows NT 6.3; WOW64; Trident/7.0; rv:11.0) like Gecko"
119.228.175.43 - - [21/May/2021:11:01:37 +0900] "GET /view/1560/Ask_Evaluation?worker_id=11 HTTP/1.1" 200 2927 "https://crowd4u.org/view/1560/Ask_Evaluation?worker_id=11" "Mozilla/5.0 (Windows NT 6.3; WOW64; Trident/7.0; rv:11.0) like Gecko"
119.228.175.43 - - [21/May/2021:11:01:37 +0900] "GET /assets/ico/favicon.ico HTTP/1.1" 302 2938 "-" "Mozilla/5.0 (Windows NT 6.3; Win64; x64; Trident/7.0; rv:11.0) like Gecko"
119.228.175.43 - - [21/May/2021:11:01:37 +0900] "GET /en/assets/ico/favicon.ico HTTP/1.1" 404 9071 "-" "Mozilla/5.0 (Windows NT 6.3; Win64; x64; Trident/7.0; rv:11.0) like Gecko"
119.228.175.43 - - [21/May/2021:11:01:38 +0900] "GET /favicon.ico HTTP/1.1" 302 2922 "-" "Mozilla/5.0 (Windows NT 6.3; Win64; x64; Trident/7.0; rv:11.0) like Gecko"
119.228.175.43 - - [21/May/2021:11:01:38 +0900] "GET /en/favicon.ico HTTP/1.1" 404 8575 "-" "Mozilla/5.0 (Windows NT 6.3; Win64; x64; Trident/7.0; rv:11.0) like Gecko"
126.2.165.238 - - [21/May/2021:11:01:40 +0900] "POST /event/galaxy_YCS_56?_task_id=4269177 HTTP/1.1" 303 818 "https://crowd4u.org/view/1560/Ask_Evaluation?worker_id=6" "Mozilla/5.0 (Windows NT 10.0; Win64; x64; rv:88.0) Gecko/20100101 Firefox/88.0"
61.211.142.58 - - [21/May/2021:11:01:40 +0900] "POST /event/galaxy_YCS_56?_task_id=4269053 HTTP/1.1" 303 819 "https://crowd4u.org/view/1560/Ask_Evaluation?worker_id=16" "Mozilla/5.0 (Macintosh; Intel Mac OS X 10_6_8) AppleWebKit/537.36 (KHTML, like Gecko) Chrome/49.0.2623.112 Safari/537.36"
61.211.142.58 - - [21/May/2021:11:01:40 +0900] "GET /view/1560/Ask_Evaluation?worker_id=16 HTTP/1.1" 200 2795 "https://crowd4u.org/view/1560/Ask_Evaluation?worker_id=16" "Mozilla/5.0 (Macintosh; Intel Mac OS X 10_6_8) AppleWebKit/537.36 (KHTML, like Gecko) Chrome/49.0.2623.112 Safari/537.36"
126.2.165.238 - - [21/May/2021:11:01:40 +0900] "GET /view/1560/Ask_Evaluation?worker_id=6 HTTP/1.1" 200 2793 "https://crowd4u.org/view/1560/Ask_Evaluation?worker_id=6" "Mozilla/5.0 (Windows NT 10.0; Win64; x64; rv:88.0) Gecko/20100101 Firefox/88.0"
126.2.165.238 - - [21/May/2021:11:01:40 +0900] "GET /ja/assets/ico/apple-touch-icon-144-precomposed.png HTTP/1.1" 404 10086 "https://crowd4u.org/view/1560/Ask_Evaluation?worker_id=6" "Mozilla/5.0 (Windows NT 10.0; Win64; x64; rv:88.0) Gecko/20100101 Firefox/88.0"
60.67.201.248 - - [21/May/2021:11:01:41 +0900] "POST /event/galaxy_YCS_56?_task_id=4269062 HTTP/1.1" 303 972 "https://crowd4u.org/view/1560/Ask_Evaluation?worker_id=12" "Mozilla/5.0 (Windows NT 10.0; Win64; x64) AppleWebKit/537.36 (KHTML, like Gecko) Chrome/90.0.4430.212 Safari/537.36"
60.67.201.248 - - [21/May/2021:11:01:41 +0900] "GET /view/1560/Ask_Evaluation?worker_id=12 HTTP/1.1" 200 2793 "https://crowd4u.org/view/1560/Ask_Evaluation?worker_id=12" "Mozilla/5.0 (Windows NT 10.0; Win64; x64) AppleWebKit/537.36 (KHTML, like Gecko) Chrome/90.0.4430.212 Safari/537.36"
202.179.53.172 - - [21/May/2021:11:01:41 +0900] "POST /event/galaxy_YCS_56?_task_id=4269071 HTTP/1.1" 303 956 "https://crowd4u.org/view/1560/Ask_Evaluation?worker_id=8" "Mozilla/5.0 (Macintosh; Intel Mac OS X 10_11_6) AppleWebKit/605.1.15 (KHTML, like Gecko) Version/11.1.2 Safari/605.1.15"
126.95.99.93 - - [21/May/2021:11:01:41 +0900] "POST /event/galaxy_YCS_56?_task_id=4268977 HTTP/1.1" 303 971 "https://crowd4u.org/view/1560/Ask_Evaluation?worker_id=1" "Mozilla/5.0 (Windows NT 10.0; Win64; x64) AppleWebKit/537.36 (KHTML, like Gecko) Chrome/90.0.4430.212 Safari/537.36"
202.179.53.172 - - [21/May/2021:11:01:41 +0900] "GET /view/1560/Ask_Evaluation?worker_id=8 HTTP/1.1" 200 2792 "https://crowd4u.org/view/1560/Ask_Evaluation?worker_id=8" "Mozilla/5.0 (Macintosh; Intel Mac OS X 10_11_6) AppleWebKit/605.1.15 (KHTML, like Gecko) Version/11.1.2 Safari/605.1.15"
126.95.99.93 - - [21/May/2021:11:01:41 +0900] "GET /view/1560/Ask_Evaluation?worker_id=1 HTTP/1.1" 200 2788 "https://crowd4u.org/view/1560/Ask_Evaluation?worker_id=1" "Mozilla/5.0 (Windows NT 10.0; Win64; x64) AppleWebKit/537.36 (KHTML, like Gecko) Chrome/90.0.4430.212 Safari/537.36"
61.211.142.58 - - [21/May/2021:11:01:43 +0900] "POST /event/galaxy_YCS_56?_task_id=4269057 HTTP/1.1" 303 819 "https://crowd4u.org/view/1560/Ask_Evaluation?worker_id=16" "Mozilla/5.0 (Macintosh; Intel Mac OS X 10_6_8) AppleWebKit/537.36 (KHTML, like Gecko) Chrome/49.0.2623.112 Safari/537.36"
61.211.142.58 - - [21/May/2021:11:01:43 +0900] "GET /view/1560/Ask_Evaluation?worker_id=16 HTTP/1.1" 200 2790 "https://crowd4u.org/view/1560/Ask_Evaluation?worker_id=16" "Mozilla/5.0 (Macintosh; Intel Mac OS X 10_6_8) AppleWebKit/537.36 (KHTML, like Gecko) Chrome/49.0.2623.112 Safari/537.36"
119.228.175.43 - - [21/May/2021:11:01:44 +0900] "POST /event/galaxy_YCS_56?_task_id=4269209 HTTP/1.1" 303 2939 "https://crowd4u.org/view/1560/Ask_Evaluation?worker_id=11" "Mozilla/5.0 (Windows NT 6.3; WOW64; Trident/7.0; rv:11.0) like Gecko"
119.228.175.43 - - [21/May/2021:11:01:44 +0900] "GET /view/1560/Ask_Evaluation?worker_id=11 HTTP/1.1" 200 2927 "https://crowd4u.org/view/1560/Ask_Evaluation?worker_id=11" "Mozilla/5.0 (Windows NT 6.3; WOW64; Trident/7.0; rv:11.0) like Gecko"
119.228.175.43 - - [21/May/2021:11:01:44 +0900] "GET /assets/ico/favicon.ico HTTP/1.1" 302 2938 "-" "Mozilla/5.0 (Windows NT 6.3; Win64; x64; Trident/7.0; rv:11.0) like Gecko"
119.228.175.43 - - [21/May/2021:11:01:44 +0900] "GET /en/assets/ico/favicon.ico HTTP/1.1" 404 9071 "-" "Mozilla/5.0 (Windows NT 6.3; Win64; x64; Trident/7.0; rv:11.0) like Gecko"
119.228.175.43 - - [21/May/2021:11:01:45 +0900] "GET /favicon.ico HTTP/1.1" 302 2922 "-" "Mozilla/5.0 (Windows NT 6.3; Win64; x64; Trident/7.0; rv:11.0) like Gecko"
119.228.175.43 - - [21/May/2021:11:01:45 +0900] "GET /en/favicon.ico HTTP/1.1" 404 8591 "-" "Mozilla/5.0 (Windows NT 6.3; Win64; x64; Trident/7.0; rv:11.0) like Gecko"
126.2.165.238 - - [21/May/2021:11:01:45 +0900] "POST /event/galaxy_YCS_56?_task_id=4269181 HTTP/1.1" 303 971 "https://crowd4u.org/view/1560/Ask_Evaluation?worker_id=6" "Mozilla/5.0 (Windows NT 10.0; Win64; x64; rv:88.0) Gecko/20100101 Firefox/88.0"
126.2.165.238 - - [21/May/2021:11:01:45 +0900] "GET /view/1560/Ask_Evaluation?worker_id=6 HTTP/1.1" 200 2792 "https://crowd4u.org/view/1560/Ask_Evaluation?worker_id=6" "Mozilla/5.0 (Windows NT 10.0; Win64; x64; rv:88.0) Gecko/20100101 Firefox/88.0"
126.2.165.238 - - [21/May/2021:11:01:46 +0900] "GET /assets/ico/apple-touch-icon-144-precomposed.png HTTP/1.1" 302 843 "https://crowd4u.org/view/1560/Ask_Evaluation?worker_id=6" "Mozilla/5.0 (Windows NT 10.0; Win64; x64; rv:88.0) Gecko/20100101 Firefox/88.0"
133.51.2.19 - - [21/May/2021:11:01:46 +0900] "GET /api/group_achievement_rate?_=1621386625434 HTTP/1.1" 200 1132 "http://crowd4u.org/ja/projects" "Mozilla/5.0 (Windows NT 10.0; Win64; x64) AppleWebKit/537.36 (KHTML, like Gecko) Chrome/90.0.4430.212 Safari/537.36"
126.95.99.93 - - [21/May/2021:11:01:46 +0900] "POST /event/galaxy_YCS_56?_task_id=4268981 HTTP/1.1" 303 971 "https://crowd4u.org/view/1560/Ask_Evaluation?worker_id=1" "Mozilla/5.0 (Windows NT 10.0; Win64; x64) AppleWebKit/537.36 (KHTML, like Gecko) Chrome/90.0.4430.212 Safari/537.36"
126.95.99.93 - - [21/May/2021:11:01:46 +0900] "GET /view/1560/Ask_Evaluation?worker_id=1 HTTP/1.1" 200 2788 "https://crowd4u.org/view/1560/Ask_Evaluation?worker_id=1" "Mozilla/5.0 (Windows NT 10.0; Win64; x64) AppleWebKit/537.36 (KHTML, like Gecko) Chrome/90.0.4430.212 Safari/537.36"
34.209.40.73 - - [21/May/2021:11:01:47 +0900] "GET /event/LCrowd_UniCat_v2?_task_id=4270614 HTTP/1.1" 404 8761 "-" "Mozilla/5.0 (Windows NT 6.1; Win64; x64) AppleWebKit/537.36 (KHTML, like Gecko) Chrome/72.0.3626.109 Safari/537.36"
202.179.53.172 - - [21/May/2021:11:01:47 +0900] "POST /event/galaxy_YCS_56?_task_id=4269075 HTTP/1.1" 303 956 "https://crowd4u.org/view/1560/Ask_Evaluation?worker_id=8" "Mozilla/5.0 (Macintosh; Intel Mac OS X 10_11_6) AppleWebKit/605.1.15 (KHTML, like Gecko) Version/11.1.2 Safari/605.1.15"
202.179.53.172 - - [21/May/2021:11:01:47 +0900] "GET /view/1560/Ask_Evaluation?worker_id=8 HTTP/1.1" 200 2791 "https://crowd4u.org/view/1560/Ask_Evaluation?worker_id=8" "Mozilla/5.0 (Macintosh; Intel Mac OS X 10_11_6) AppleWebKit/605.1.15 (KHTML, like Gecko) Version/11.1.2 Safari/605.1.15"
180.145.212.204 - - [21/May/2021:11:01:47 +0900] "POST /event/galaxy_YCS_56?_task_id=4269118 HTTP/1.1" 303 972 "https://crowd4u.org/view/1560/Ask_Evaluation?worker_id=10" "Mozilla/5.0 (Windows NT 10.0; Win64; x64) AppleWebKit/537.36 (KHTML, like Gecko) Chrome/90.0.4430.212 Safari/537.36"
180.145.212.204 - - [21/May/2021:11:01:47 +0900] "GET /view/1560/Ask_Evaluation?worker_id=10 HTTP/1.1" 200 2947 "https://crowd4u.org/view/1560/Ask_Evaluation?worker_id=10" "Mozilla/5.0 (Windows NT 10.0; Win64; x64) AppleWebKit/537.36 (KHTML, like Gecko) Chrome/90.0.4430.212 Safari/537.36"
61.211.142.58 - - [21/May/2021:11:01:47 +0900] "POST /event/galaxy_YCS_56?_task_id=4269061 HTTP/1.1" 303 819 "https://crowd4u.org/view/1560/Ask_Evaluation?worker_id=16" "Mozilla/5.0 (Macintosh; Intel Mac OS X 10_6_8) AppleWebKit/537.36 (KHTML, like Gecko) Chrome/49.0.2623.112 Safari/537.36"
61.211.142.58 - - [21/May/2021:11:01:47 +0900] "GET /view/1560/Ask_Evaluation?worker_id=16 HTTP/1.1" 200 2792 "https://crowd4u.org/view/1560/Ask_Evaluation?worker_id=16" "Mozilla/5.0 (Macintosh; Intel Mac OS X 10_6_8) AppleWebKit/537.36 (KHTML, like Gecko) Chrome/49.0.2623.112 Safari/537.36"
27.253.251.244 - - [21/May/2021:11:01:48 +0900] "POST /event/galaxy_YCS_56?_task_id=4269195 HTTP/1.1" 303 971 "https://crowd4u.org/view/1560/Ask_Evaluation?worker_id=3" "Mozilla/5.0 (Windows NT 10.0; Win64; x64) AppleWebKit/537.36 (KHTML, like Gecko) Chrome/90.0.4430.212 Safari/537.36"
27.253.251.244 - - [21/May/2021:11:01:48 +0900] "GET /view/1560/Ask_Evaluation?worker_id=3 HTTP/1.1" 200 2791 "https://crowd4u.org/view/1560/Ask_Evaluation?worker_id=3" "Mozilla/5.0 (Windows NT 10.0; Win64; x64) AppleWebKit/537.36 (KHTML, like Gecko) Chrome/90.0.4430.212 Safari/537.36"
111.239.157.94 - - [21/May/2021:11:01:48 +0900] "POST /event/galaxy_YCS_56?_task_id=4269202 HTTP/1.1" 303 971 "https://crowd4u.org/view/1560/Ask_Evaluation?worker_id=7" "Mozilla/5.0 (Windows NT 10.0; Win64; x64) AppleWebKit/537.36 (KHTML, like Gecko) Chrome/90.0.4430.212 Safari/537.36"
111.239.157.94 - - [21/May/2021:11:01:48 +0900] "GET /view/1560/Ask_Evaluation?worker_id=7 HTTP/1.1" 200 2793 "https://crowd4u.org/view/1560/Ask_Evaluation?worker_id=7" "Mozilla/5.0 (Windows NT 10.0; Win64; x64) AppleWebKit/537.36 (KHTML, like Gecko) Chrome/90.0.4430.212 Safari/537.36"
111.239.158.198 - - [21/May/2021:11:01:50 +0900] "POST /event/galaxy_YCS_56?_task_id=4268972 HTTP/1.1" 303 972 "https://crowd4u.org/view/1560/Ask_Evaluation?worker_id=13" "Mozilla/5.0 (iPad; CPU OS 12_5_3 like Mac OS X) AppleWebKit/605.1.15 (KHTML, like Gecko) Version/12.1.2 Mobile/15E148 Safari/604.1"
119.228.175.43 - - [21/May/2021:11:01:50 +0900] "POST /event/galaxy_YCS_56?_task_id=4269213 HTTP/1.1" 303 2954 "https://crowd4u.org/view/1560/Ask_Evaluation?worker_id=11" "Mozilla/5.0 (Windows NT 6.3; WOW64; Trident/7.0; rv:11.0) like Gecko"
119.228.175.43 - - [21/May/2021:11:01:50 +0900] "GET /view/1560/Ask_Evaluation?worker_id=11 HTTP/1.1" 200 2927 "https://crowd4u.org/view/1560/Ask_Evaluation?worker_id=11" "Mozilla/5.0 (Windows NT 6.3; WOW64; Trident/7.0; rv:11.0) like Gecko"
111.239.158.198 - - [21/May/2021:11:01:50 +0900] "GET /view/1560/Ask_Evaluation?worker_id=13 HTTP/1.1" 200 2792 "https://crowd4u.org/view/1560/Ask_Evaluation?worker_id=13" "Mozilla/5.0 (iPad; CPU OS 12_5_3 like Mac OS X) AppleWebKit/605.1.15 (KHTML, like Gecko) Version/12.1.2 Mobile/15E148 Safari/604.1"
119.228.175.43 - - [21/May/2021:11:01:50 +0900] "GET /assets/ico/favicon.ico HTTP/1.1" 302 2938 "-" "Mozilla/5.0 (Windows NT 6.3; Win64; x64; Trident/7.0; rv:11.0) like Gecko"
119.228.175.43 - - [21/May/2021:11:01:50 +0900] "GET /en/assets/ico/favicon.ico HTTP/1.1" 404 9071 "-" "Mozilla/5.0 (Windows NT 6.3; Win64; x64; Trident/7.0; rv:11.0) like Gecko"
119.228.175.43 - - [21/May/2021:11:01:50 +0900] "GET /favicon.ico HTTP/1.1" 302 2922 "-" "Mozilla/5.0 (Windows NT 6.3; Win64; x64; Trident/7.0; rv:11.0) like Gecko"
119.228.175.43 - - [21/May/2021:11:01:50 +0900] "GET /en/favicon.ico HTTP/1.1" 404 8591 "-" "Mozilla/5.0 (Windows NT 6.3; Win64; x64; Trident/7.0; rv:11.0) like Gecko"
61.211.142.58 - - [21/May/2021:11:01:51 +0900] "POST /event/galaxy_YCS_56?_task_id=4269065 HTTP/1.1" 303 819 "https://crowd4u.org/view/1560/Ask_Evaluation?worker_id=16" "Mozilla/5.0 (Macintosh; Intel Mac OS X 10_6_8) AppleWebKit/537.36 (KHTML, like Gecko) Chrome/49.0.2623.112 Safari/537.36"
61.211.142.58 - - [21/May/2021:11:01:51 +0900] "GET /view/1560/Ask_Evaluation?worker_id=16 HTTP/1.1" 200 2792 "https://crowd4u.org/view/1560/Ask_Evaluation?worker_id=16" "Mozilla/5.0 (Macintosh; Intel Mac OS X 10_6_8) AppleWebKit/537.36 (KHTML, like Gecko) Chrome/49.0.2623.112 Safari/537.36"
128.1.248.26 - - [21/May/2021:11:01:51 +0900] "GET / HTTP/1.1" 302 2540 "-" "Mozilla/5.0 (Windows NT 10.0; Win64; x64) AppleWebKit/537.36 (KHTML, like Gecko) Chrome/60.0.3112.113 Safari/537.36"
128.1.248.26 - - [21/May/2021:11:01:51 +0900] "GET /en/ HTTP/1.1" 200 10038 "https://133.51.2.4/" "Mozilla/5.0 (Windows NT 10.0; Win64; x64) AppleWebKit/537.36 (KHTML, like Gecko) Chrome/60.0.3112.113 Safari/537.36"
202.179.53.172 - - [21/May/2021:11:01:53 +0900] "POST /event/galaxy_YCS_56?_task_id=4269079 HTTP/1.1" 303 956 "https://crowd4u.org/view/1560/Ask_Evaluation?worker_id=8" "Mozilla/5.0 (Macintosh; Intel Mac OS X 10_11_6) AppleWebKit/605.1.15 (KHTML, like Gecko) Version/11.1.2 Safari/605.1.15"
202.179.53.172 - - [21/May/2021:11:01:53 +0900] "GET /view/1560/Ask_Evaluation?worker_id=8 HTTP/1.1" 200 2788 "https://crowd4u.org/view/1560/Ask_Evaluation?worker_id=8" "Mozilla/5.0 (Macintosh; Intel Mac OS X 10_11_6) AppleWebKit/605.1.15 (KHTML, like Gecko) Version/11.1.2 Safari/605.1.15"
126.2.165.238 - - [21/May/2021:11:01:53 +0900] "POST /event/galaxy_YCS_56?_task_id=4269185 HTTP/1.1" 303 971 "https://crowd4u.org/view/1560/Ask_Evaluation?worker_id=6" "Mozilla/5.0 (Windows NT 10.0; Win64; x64; rv:88.0) Gecko/20100101 Firefox/88.0"
126.2.165.238 - - [21/May/2021:11:01:53 +0900] "GET /view/1560/Ask_Evaluation?worker_id=6 HTTP/1.1" 200 2997 "https://crowd4u.org/view/1560/Ask_Evaluation?worker_id=6" "Mozilla/5.0 (Windows NT 10.0; Win64; x64; rv:88.0) Gecko/20100101 Firefox/88.0"
126.2.165.238 - - [21/May/2021:11:01:53 +0900] "GET /css/crowd4u.css?date=20141127 HTTP/1.1" 200 2411 "https://crowd4u.org/view/1560/Ask_Evaluation?worker_id=6" "Mozilla/5.0 (Windows NT 10.0; Win64; x64; rv:88.0) Gecko/20100101 Firefox/88.0"
60.67.201.248 - - [21/May/2021:11:01:54 +0900] "POST /event/galaxy_YCS_56?_task_id=4269066 HTTP/1.1" 303 972 "https://crowd4u.org/view/1560/Ask_Evaluation?worker_id=12" "Mozilla/5.0 (Windows NT 10.0; Win64; x64) AppleWebKit/537.36 (KHTML, like Gecko) Chrome/90.0.4430.212 Safari/537.36"
60.67.201.248 - - [21/May/2021:11:01:54 +0900] "GET /view/1560/Ask_Evaluation?worker_id=12 HTTP/1.1" 200 2793 "https://crowd4u.org/view/1560/Ask_Evaluation?worker_id=12" "Mozilla/5.0 (Windows NT 10.0; Win64; x64) AppleWebKit/537.36 (KHTML, like Gecko) Chrome/90.0.4430.212 Safari/537.36"
61.211.142.58 - - [21/May/2021:11:01:56 +0900] "POST /event/galaxy_YCS_56?_task_id=4269069 HTTP/1.1" 303 972 "https://crowd4u.org/view/1560/Ask_Evaluation?worker_id=16" "Mozilla/5.0 (Macintosh; Intel Mac OS X 10_6_8) AppleWebKit/537.36 (KHTML, like Gecko) Chrome/49.0.2623.112 Safari/537.36"
61.211.142.58 - - [21/May/2021:11:01:56 +0900] "GET /view/1560/Ask_Evaluation?worker_id=16 HTTP/1.1" 200 2792 "https://crowd4u.org/view/1560/Ask_Evaluation?worker_id=16" "Mozilla/5.0 (Macintosh; Intel Mac OS X 10_6_8) AppleWebKit/537.36 (KHTML, like Gecko) Chrome/49.0.2623.112 Safari/537.36"
111.239.158.198 - - [21/May/2021:11:01:57 +0900] "POST /event/galaxy_YCS_56?_task_id=4268976 HTTP/1.1" 303 972 "https://crowd4u.org/view/1560/Ask_Evaluation?worker_id=13" "Mozilla/5.0 (iPad; CPU OS 12_5_3 like Mac OS X) AppleWebKit/605.1.15 (KHTML, like Gecko) Version/12.1.2 Mobile/15E148 Safari/604.1"
119.228.175.43 - - [21/May/2021:11:01:57 +0900] "POST /event/galaxy_YCS_56?_task_id=4269217 HTTP/1.1" 303 2939 "https://crowd4u.org/view/1560/Ask_Evaluation?worker_id=11" "Mozilla/5.0 (Windows NT 6.3; WOW64; Trident/7.0; rv:11.0) like Gecko"
119.228.175.43 - - [21/May/2021:11:01:57 +0900] "GET /view/1560/Ask_Evaluation?worker_id=11 HTTP/1.1" 200 2927 "https://crowd4u.org/view/1560/Ask_Evaluation?worker_id=11" "Mozilla/5.0 (Windows NT 6.3; WOW64; Trident/7.0; rv:11.0) like Gecko"
111.239.158.198 - - [21/May/2021:11:01:57 +0900] "GET /view/1560/Ask_Evaluation?worker_id=13 HTTP/1.1" 200 2792 "https://crowd4u.org/view/1560/Ask_Evaluation?worker_id=13" "Mozilla/5.0 (iPad; CPU OS 12_5_3 like Mac OS X) AppleWebKit/605.1.15 (KHTML, like Gecko) Version/12.1.2 Mobile/15E148 Safari/604.1"
119.228.175.43 - - [21/May/2021:11:01:58 +0900] "GET /assets/ico/favicon.ico HTTP/1.1" 302 2938 "-" "Mozilla/5.0 (Windows NT 6.3; Win64; x64; Trident/7.0; rv:11.0) like Gecko"
119.228.175.43 - - [21/May/2021:11:01:58 +0900] "GET /en/assets/ico/favicon.ico HTTP/1.1" 404 9071 "-" "Mozilla/5.0 (Windows NT 6.3; Win64; x64; Trident/7.0; rv:11.0) like Gecko"
119.228.175.43 - - [21/May/2021:11:01:58 +0900] "GET /favicon.ico HTTP/1.1" 302 2922 "-" "Mozilla/5.0 (Windows NT 6.3; Win64; x64; Trident/7.0; rv:11.0) like Gecko"
119.228.175.43 - - [21/May/2021:11:01:58 +0900] "GET /en/favicon.ico HTTP/1.1" 404 8575 "-" "Mozilla/5.0 (Windows NT 6.3; Win64; x64; Trident/7.0; rv:11.0) like Gecko"
111.239.157.94 - - [21/May/2021:11:01:58 +0900] "POST /event/galaxy_YCS_56?_task_id=4269206 HTTP/1.1" 303 971 "https://crowd4u.org/view/1560/Ask_Evaluation?worker_id=7" "Mozilla/5.0 (Windows NT 10.0; Win64; x64) AppleWebKit/537.36 (KHTML, like Gecko) Chrome/90.0.4430.212 Safari/537.36"
111.239.157.94 - - [21/May/2021:11:01:58 +0900] "GET /view/1560/Ask_Evaluation?worker_id=7 HTTP/1.1" 200 2792 "https://crowd4u.org/view/1560/Ask_Evaluation?worker_id=7" "Mozilla/5.0 (Windows NT 10.0; Win64; x64) AppleWebKit/537.36 (KHTML, like Gecko) Chrome/90.0.4430.212 Safari/537.36"
202.179.53.172 - - [21/May/2021:11:01:59 +0900] "POST /event/galaxy_YCS_56?_task_id=4269083 HTTP/1.1" 303 956 "https://crowd4u.org/view/1560/Ask_Evaluation?worker_id=8" "Mozilla/5.0 (Macintosh; Intel Mac OS X 10_11_6) AppleWebKit/605.1.15 (KHTML, like Gecko) Version/11.1.2 Safari/605.1.15"
202.179.53.172 - - [21/May/2021:11:01:59 +0900] "GET /view/1560/Ask_Evaluation?worker_id=8 HTTP/1.1" 200 2792 "https://crowd4u.org/view/1560/Ask_Evaluation?worker_id=8" "Mozilla/5.0 (Macintosh; Intel Mac OS X 10_11_6) AppleWebKit/605.1.15 (KHTML, like Gecko) Version/11.1.2 Safari/605.1.15"
126.95.99.93 - - [21/May/2021:11:02:00 +0900] "POST /event/galaxy_YCS_56?_task_id=4268985 HTTP/1.1" 303 971 "https://crowd4u.org/view/1560/Ask_Evaluation?worker_id=1" "Mozilla/5.0 (Windows NT 10.0; Win64; x64) AppleWebKit/537.36 (KHTML, like Gecko) Chrome/90.0.4430.212 Safari/537.36"
126.95.99.93 - - [21/May/2021:11:02:00 +0900] "GET /view/1560/Ask_Evaluation?worker_id=1 HTTP/1.1" 200 2787 "https://crowd4u.org/view/1560/Ask_Evaluation?worker_id=1" "Mozilla/5.0 (Windows NT 10.0; Win64; x64) AppleWebKit/537.36 (KHTML, like Gecko) Chrome/90.0.4430.212 Safari/537.36"
61.211.142.58 - - [21/May/2021:11:02:01 +0900] "POST /event/galaxy_YCS_56?_task_id=4269073 HTTP/1.1" 303 819 "https://crowd4u.org/view/1560/Ask_Evaluation?worker_id=16" "Mozilla/5.0 (Macintosh; Intel Mac OS X 10_6_8) AppleWebKit/537.36 (KHTML, like Gecko) Chrome/49.0.2623.112 Safari/537.36"
61.211.142.58 - - [21/May/2021:11:02:01 +0900] "GET /view/1560/Ask_Evaluation?worker_id=16 HTTP/1.1" 200 2795 "https://crowd4u.org/view/1560/Ask_Evaluation?worker_id=16" "Mozilla/5.0 (Macintosh; Intel Mac OS X 10_6_8) AppleWebKit/537.36 (KHTML, like Gecko) Chrome/49.0.2623.112 Safari/537.36"
27.253.251.244 - - [21/May/2021:11:02:01 +0900] "POST /event/galaxy_YCS_56?_task_id=4269199 HTTP/1.1" 303 971 "https://crowd4u.org/view/1560/Ask_Evaluation?worker_id=3" "Mozilla/5.0 (Windows NT 10.0; Win64; x64) AppleWebKit/537.36 (KHTML, like Gecko) Chrome/90.0.4430.212 Safari/537.36"
119.228.175.43 - - [21/May/2021:11:02:01 +0900] "POST /event/galaxy_YCS_56?_task_id=4269221 HTTP/1.1" 303 869 "https://crowd4u.org/view/1560/Ask_Evaluation?worker_id=11" "Mozilla/5.0 (Windows NT 6.3; WOW64; Trident/7.0; rv:11.0) like Gecko"
60.67.201.248 - - [21/May/2021:11:02:01 +0900] "POST /event/galaxy_YCS_56?_task_id=4269070 HTTP/1.1" 303 972 "https://crowd4u.org/view/1560/Ask_Evaluation?worker_id=12" "Mozilla/5.0 (Windows NT 10.0; Win64; x64) AppleWebKit/537.36 (KHTML, like Gecko) Chrome/90.0.4430.212 Safari/537.36"
119.228.175.43 - - [21/May/2021:11:02:01 +0900] "GET /view/1560/Ask_Evaluation?worker_id=11 HTTP/1.1" 200 2927 "https://crowd4u.org/view/1560/Ask_Evaluation?worker_id=11" "Mozilla/5.0 (Windows NT 6.3; WOW64; Trident/7.0; rv:11.0) like Gecko"
60.67.201.248 - - [21/May/2021:11:02:01 +0900] "GET /view/1560/Ask_Evaluation?worker_id=12 HTTP/1.1" 200 2792 "https://crowd4u.org/view/1560/Ask_Evaluation?worker_id=12" "Mozilla/5.0 (Windows NT 10.0; Win64; x64) AppleWebKit/537.36 (KHTML, like Gecko) Chrome/90.0.4430.212 Safari/537.36"
27.253.251.244 - - [21/May/2021:11:02:01 +0900] "GET /view/1560/Ask_Evaluation?worker_id=3 HTTP/1.1" 200 2791 "https://crowd4u.org/view/1560/Ask_Evaluation?worker_id=3" "Mozilla/5.0 (Windows NT 10.0; Win64; x64) AppleWebKit/537.36 (KHTML, like Gecko) Chrome/90.0.4430.212 Safari/537.36"
119.228.175.43 - - [21/May/2021:11:02:02 +0900] "GET /assets/ico/favicon.ico HTTP/1.1" 302 2938 "-" "Mozilla/5.0 (Windows NT 6.3; Win64; x64; Trident/7.0; rv:11.0) like Gecko"
119.228.175.43 - - [21/May/2021:11:02:02 +0900] "GET /en/assets/ico/favicon.ico HTTP/1.1" 404 9087 "-" "Mozilla/5.0 (Windows NT 6.3; Win64; x64; Trident/7.0; rv:11.0) like Gecko"
119.228.175.43 - - [21/May/2021:11:02:02 +0900] "GET /favicon.ico HTTP/1.1" 302 2922 "-" "Mozilla/5.0 (Windows NT 6.3; Win64; x64; Trident/7.0; rv:11.0) like Gecko"
119.228.175.43 - - [21/May/2021:11:02:02 +0900] "GET /en/favicon.ico HTTP/1.1" 404 8591 "-" "Mozilla/5.0 (Windows NT 6.3; Win64; x64; Trident/7.0; rv:11.0) like Gecko"
180.145.212.204 - - [21/May/2021:11:02:02 +0900] "POST /event/galaxy_YCS_56?_task_id=4269122 HTTP/1.1" 303 972 "https://crowd4u.org/view/1560/Ask_Evaluation?worker_id=10" "Mozilla/5.0 (Windows NT 10.0; Win64; x64) AppleWebKit/537.36 (KHTML, like Gecko) Chrome/90.0.4430.212 Safari/537.36"
180.145.212.204 - - [21/May/2021:11:02:03 +0900] "GET /view/1560/Ask_Evaluation?worker_id=10 HTTP/1.1" 200 2793 "https://crowd4u.org/view/1560/Ask_Evaluation?worker_id=10" "Mozilla/5.0 (Windows NT 10.0; Win64; x64) AppleWebKit/537.36 (KHTML, like Gecko) Chrome/90.0.4430.212 Safari/537.36"
61.211.142.58 - - [21/May/2021:11:02:04 +0900] "POST /event/galaxy_YCS_56?_task_id=4269077 HTTP/1.1" 303 819 "https://crowd4u.org/view/1560/Ask_Evaluation?worker_id=16" "Mozilla/5.0 (Macintosh; Intel Mac OS X 10_6_8) AppleWebKit/537.36 (KHTML, like Gecko) Chrome/49.0.2623.112 Safari/537.36"
61.211.142.58 - - [21/May/2021:11:02:04 +0900] "GET /view/1560/Ask_Evaluation?worker_id=16 HTTP/1.1" 200 2791 "https://crowd4u.org/view/1560/Ask_Evaluation?worker_id=16" "Mozilla/5.0 (Macintosh; Intel Mac OS X 10_6_8) AppleWebKit/537.36 (KHTML, like Gecko) Chrome/49.0.2623.112 Safari/537.36"
111.239.158.198 - - [21/May/2021:11:02:04 +0900] "POST /event/galaxy_YCS_56?_task_id=4268980 HTTP/1.1" 303 972 "https://crowd4u.org/view/1560/Ask_Evaluation?worker_id=13" "Mozilla/5.0 (iPad; CPU OS 12_5_3 like Mac OS X) AppleWebKit/605.1.15 (KHTML, like Gecko) Version/12.1.2 Mobile/15E148 Safari/604.1"
202.179.53.172 - - [21/May/2021:11:02:05 +0900] "POST /event/galaxy_YCS_56?_task_id=4269087 HTTP/1.1" 303 956 "https://crowd4u.org/view/1560/Ask_Evaluation?worker_id=8" "Mozilla/5.0 (Macintosh; Intel Mac OS X 10_11_6) AppleWebKit/605.1.15 (KHTML, like Gecko) Version/11.1.2 Safari/605.1.15"
202.179.53.172 - - [21/May/2021:11:02:05 +0900] "GET /view/1560/Ask_Evaluation?worker_id=8 HTTP/1.1" 200 2791 "https://crowd4u.org/view/1560/Ask_Evaluation?worker_id=8" "Mozilla/5.0 (Macintosh; Intel Mac OS X 10_11_6) AppleWebKit/605.1.15 (KHTML, like Gecko) Version/11.1.2 Safari/605.1.15"
111.239.158.198 - - [21/May/2021:11:02:05 +0900] "GET /view/1560/Ask_Evaluation?worker_id=13 HTTP/1.1" 200 2790 "https://crowd4u.org/view/1560/Ask_Evaluation?worker_id=13" "Mozilla/5.0 (iPad; CPU OS 12_5_3 like Mac OS X) AppleWebKit/605.1.15 (KHTML, like Gecko) Version/12.1.2 Mobile/15E148 Safari/604.1"
126.95.99.93 - - [21/May/2021:11:02:05 +0900] "POST /event/galaxy_YCS_56?_task_id=4268989 HTTP/1.1" 303 818 "https://crowd4u.org/view/1560/Ask_Evaluation?worker_id=1" "Mozilla/5.0 (Windows NT 10.0; Win64; x64) AppleWebKit/537.36 (KHTML, like Gecko) Chrome/90.0.4430.212 Safari/537.36"
126.95.99.93 - - [21/May/2021:11:02:05 +0900] "GET /view/1560/Ask_Evaluation?worker_id=1 HTTP/1.1" 200 2783 "https://crowd4u.org/view/1560/Ask_Evaluation?worker_id=1" "Mozilla/5.0 (Windows NT 10.0; Win64; x64) AppleWebKit/537.36 (KHTML, like Gecko) Chrome/90.0.4430.212 Safari/537.36"
119.228.175.43 - - [21/May/2021:11:02:05 +0900] "POST /event/galaxy_YCS_56?_task_id=4269225 HTTP/1.1" 303 869 "https://crowd4u.org/view/1560/Ask_Evaluation?worker_id=11" "Mozilla/5.0 (Windows NT 6.3; WOW64; Trident/7.0; rv:11.0) like Gecko"
119.228.175.43 - - [21/May/2021:11:02:05 +0900] "GET /view/1560/Ask_Evaluation?worker_id=11 HTTP/1.1" 200 2927 "https://crowd4u.org/view/1560/Ask_Evaluation?worker_id=11" "Mozilla/5.0 (Windows NT 6.3; WOW64; Trident/7.0; rv:11.0) like Gecko"
119.228.175.43 - - [21/May/2021:11:02:06 +0900] "GET /assets/ico/favicon.ico HTTP/1.1" 302 2938 "-" "Mozilla/5.0 (Windows NT 6.3; Win64; x64; Trident/7.0; rv:11.0) like Gecko"
119.228.175.43 - - [21/May/2021:11:02:06 +0900] "GET /en/assets/ico/favicon.ico HTTP/1.1" 404 9071 "-" "Mozilla/5.0 (Windows NT 6.3; Win64; x64; Trident/7.0; rv:11.0) like Gecko"
119.228.175.43 - - [21/May/2021:11:02:06 +0900] "GET /favicon.ico HTTP/1.1" 302 2922 "-" "Mozilla/5.0 (Windows NT 6.3; Win64; x64; Trident/7.0; rv:11.0) like Gecko"
119.228.175.43 - - [21/May/2021:11:02:06 +0900] "GET /en/favicon.ico HTTP/1.1" 404 8591 "-" "Mozilla/5.0 (Windows NT 6.3; Win64; x64; Trident/7.0; rv:11.0) like Gecko"
60.67.201.248 - - [21/May/2021:11:02:07 +0900] "POST /event/galaxy_YCS_56?_task_id=4269074 HTTP/1.1" 303 972 "https://crowd4u.org/view/1560/Ask_Evaluation?worker_id=12" "Mozilla/5.0 (Windows NT 10.0; Win64; x64) AppleWebKit/537.36 (KHTML, like Gecko) Chrome/90.0.4430.212 Safari/537.36"
111.239.157.94 - - [21/May/2021:11:02:07 +0900] "POST /event/galaxy_YCS_56?_task_id=4269210 HTTP/1.1" 303 971 "https://crowd4u.org/view/1560/Ask_Evaluation?worker_id=7" "Mozilla/5.0 (Windows NT 10.0; Win64; x64) AppleWebKit/537.36 (KHTML, like Gecko) Chrome/90.0.4430.212 Safari/537.36"
60.67.201.248 - - [21/May/2021:11:02:07 +0900] "GET /view/1560/Ask_Evaluation?worker_id=12 HTTP/1.1" 200 2789 "https://crowd4u.org/view/1560/Ask_Evaluation?worker_id=12" "Mozilla/5.0 (Windows NT 10.0; Win64; x64) AppleWebKit/537.36 (KHTML, like Gecko) Chrome/90.0.4430.212 Safari/537.36"
111.239.157.94 - - [21/May/2021:11:02:08 +0900] "GET /view/1560/Ask_Evaluation?worker_id=7 HTTP/1.1" 200 2791 "https://crowd4u.org/view/1560/Ask_Evaluation?worker_id=7" "Mozilla/5.0 (Windows NT 10.0; Win64; x64) AppleWebKit/537.36 (KHTML, like Gecko) Chrome/90.0.4430.212 Safari/537.36"
27.253.251.244 - - [21/May/2021:11:02:10 +0900] "POST /event/galaxy_YCS_56?_task_id=4269203 HTTP/1.1" 303 971 "https://crowd4u.org/view/1560/Ask_Evaluation?worker_id=3" "Mozilla/5.0 (Windows NT 10.0; Win64; x64) AppleWebKit/537.36 (KHTML, like Gecko) Chrome/90.0.4430.212 Safari/537.36"
27.253.251.244 - - [21/May/2021:11:02:10 +0900] "GET /view/1560/Ask_Evaluation?worker_id=3 HTTP/1.1" 200 2794 "https://crowd4u.org/view/1560/Ask_Evaluation?worker_id=3" "Mozilla/5.0 (Windows NT 10.0; Win64; x64) AppleWebKit/537.36 (KHTML, like Gecko) Chrome/90.0.4430.212 Safari/537.36"
126.95.99.93 - - [21/May/2021:11:02:11 +0900] "POST /event/galaxy_YCS_56?_task_id=4268993 HTTP/1.1" 303 971 "https://crowd4u.org/view/1560/Ask_Evaluation?worker_id=1" "Mozilla/5.0 (Windows NT 10.0; Win64; x64) AppleWebKit/537.36 (KHTML, like Gecko) Chrome/90.0.4430.212 Safari/537.36"
126.95.99.93 - - [21/May/2021:11:02:11 +0900] "GET /view/1560/Ask_Evaluation?worker_id=1 HTTP/1.1" 200 2789 "https://crowd4u.org/view/1560/Ask_Evaluation?worker_id=1" "Mozilla/5.0 (Windows NT 10.0; Win64; x64) AppleWebKit/537.36 (KHTML, like Gecko) Chrome/90.0.4430.212 Safari/537.36"
61.211.142.58 - - [21/May/2021:11:02:12 +0900] "POST /event/galaxy_YCS_56?_task_id=4269081 HTTP/1.1" 303 972 "https://crowd4u.org/view/1560/Ask_Evaluation?worker_id=16" "Mozilla/5.0 (Macintosh; Intel Mac OS X 10_6_8) AppleWebKit/537.36 (KHTML, like Gecko) Chrome/49.0.2623.112 Safari/537.36"
61.211.142.58 - - [21/May/2021:11:02:12 +0900] "GET /view/1560/Ask_Evaluation?worker_id=16 HTTP/1.1" 200 2792 "https://crowd4u.org/view/1560/Ask_Evaluation?worker_id=16" "Mozilla/5.0 (Macintosh; Intel Mac OS X 10_6_8) AppleWebKit/537.36 (KHTML, like Gecko) Chrome/49.0.2623.112 Safari/537.36"
111.239.158.198 - - [21/May/2021:11:02:12 +0900] "POST /event/galaxy_YCS_56?_task_id=4268984 HTTP/1.1" 303 972 "https://crowd4u.org/view/1560/Ask_Evaluation?worker_id=13" "Mozilla/5.0 (iPad; CPU OS 12_5_3 like Mac OS X) AppleWebKit/605.1.15 (KHTML, like Gecko) Version/12.1.2 Mobile/15E148 Safari/604.1"
202.179.53.172 - - [21/May/2021:11:02:12 +0900] "POST /event/galaxy_YCS_56?_task_id=4269091 HTTP/1.1" 303 956 "https://crowd4u.org/view/1560/Ask_Evaluation?worker_id=8" "Mozilla/5.0 (Macintosh; Intel Mac OS X 10_11_6) AppleWebKit/605.1.15 (KHTML, like Gecko) Version/11.1.2 Safari/605.1.15"
111.239.158.198 - - [21/May/2021:11:02:12 +0900] "GET /view/1560/Ask_Evaluation?worker_id=13 HTTP/1.1" 200 2792 "https://crowd4u.org/view/1560/Ask_Evaluation?worker_id=13" "Mozilla/5.0 (iPad; CPU OS 12_5_3 like Mac OS X) AppleWebKit/605.1.15 (KHTML, like Gecko) Version/12.1.2 Mobile/15E148 Safari/604.1"
202.179.53.172 - - [21/May/2021:11:02:12 +0900] "GET /view/1560/Ask_Evaluation?worker_id=8 HTTP/1.1" 200 2793 "https://crowd4u.org/view/1560/Ask_Evaluation?worker_id=8" "Mozilla/5.0 (Macintosh; Intel Mac OS X 10_11_6) AppleWebKit/605.1.15 (KHTML, like Gecko) Version/11.1.2 Safari/605.1.15"
119.228.175.43 - - [21/May/2021:11:02:12 +0900] "POST /event/galaxy_YCS_56?_task_id=4269229 HTTP/1.1" 303 2954 "https://crowd4u.org/view/1560/Ask_Evaluation?worker_id=11" "Mozilla/5.0 (Windows NT 6.3; WOW64; Trident/7.0; rv:11.0) like Gecko"
119.228.175.43 - - [21/May/2021:11:02:12 +0900] "GET /view/1560/Ask_Evaluation?worker_id=11 HTTP/1.1" 200 2927 "https://crowd4u.org/view/1560/Ask_Evaluation?worker_id=11" "Mozilla/5.0 (Windows NT 6.3; WOW64; Trident/7.0; rv:11.0) like Gecko"
119.228.175.43 - - [21/May/2021:11:02:13 +0900] "GET /assets/ico/favicon.ico HTTP/1.1" 302 2938 "-" "Mozilla/5.0 (Windows NT 6.3; Win64; x64; Trident/7.0; rv:11.0) like Gecko"
119.228.175.43 - - [21/May/2021:11:02:13 +0900] "GET /en/assets/ico/favicon.ico HTTP/1.1" 404 9071 "-" "Mozilla/5.0 (Windows NT 6.3; Win64; x64; Trident/7.0; rv:11.0) like Gecko"
119.228.175.43 - - [21/May/2021:11:02:13 +0900] "GET /favicon.ico HTTP/1.1" 302 2922 "-" "Mozilla/5.0 (Windows NT 6.3; Win64; x64; Trident/7.0; rv:11.0) like Gecko"
119.228.175.43 - - [21/May/2021:11:02:13 +0900] "GET /en/favicon.ico HTTP/1.1" 404 8575 "-" "Mozilla/5.0 (Windows NT 6.3; Win64; x64; Trident/7.0; rv:11.0) like Gecko"
111.239.157.94 - - [21/May/2021:11:02:16 +0900] "POST /event/galaxy_YCS_56?_task_id=4269214 HTTP/1.1" 303 971 "https://crowd4u.org/view/1560/Ask_Evaluation?worker_id=7" "Mozilla/5.0 (Windows NT 10.0; Win64; x64) AppleWebKit/537.36 (KHTML, like Gecko) Chrome/90.0.4430.212 Safari/537.36"
111.239.157.94 - - [21/May/2021:11:02:16 +0900] "GET /view/1560/Ask_Evaluation?worker_id=7 HTTP/1.1" 200 2791 "https://crowd4u.org/view/1560/Ask_Evaluation?worker_id=7" "Mozilla/5.0 (Windows NT 10.0; Win64; x64) AppleWebKit/537.36 (KHTML, like Gecko) Chrome/90.0.4430.212 Safari/537.36"
180.145.212.204 - - [21/May/2021:11:02:16 +0900] "POST /event/galaxy_YCS_56?_task_id=4269126 HTTP/1.1" 303 972 "https://crowd4u.org/view/1560/Ask_Evaluation?worker_id=10" "Mozilla/5.0 (Windows NT 10.0; Win64; x64) AppleWebKit/537.36 (KHTML, like Gecko) Chrome/90.0.4430.212 Safari/537.36"
180.145.212.204 - - [21/May/2021:11:02:16 +0900] "GET /view/1560/Ask_Evaluation?worker_id=10 HTTP/1.1" 200 2791 "https://crowd4u.org/view/1560/Ask_Evaluation?worker_id=10" "Mozilla/5.0 (Windows NT 10.0; Win64; x64) AppleWebKit/537.36 (KHTML, like Gecko) Chrome/90.0.4430.212 Safari/537.36"
61.211.142.58 - - [21/May/2021:11:02:16 +0900] "POST /event/galaxy_YCS_56?_task_id=4269085 HTTP/1.1" 303 819 "https://crowd4u.org/view/1560/Ask_Evaluation?worker_id=16" "Mozilla/5.0 (Macintosh; Intel Mac OS X 10_6_8) AppleWebKit/537.36 (KHTML, like Gecko) Chrome/49.0.2623.112 Safari/537.36"
126.95.99.93 - - [21/May/2021:11:02:16 +0900] "POST /event/galaxy_YCS_56?_task_id=4268997 HTTP/1.1" 303 818 "https://crowd4u.org/view/1560/Ask_Evaluation?worker_id=1" "Mozilla/5.0 (Windows NT 10.0; Win64; x64) AppleWebKit/537.36 (KHTML, like Gecko) Chrome/90.0.4430.212 Safari/537.36"
126.95.99.93 - - [21/May/2021:11:02:16 +0900] "GET /view/1560/Ask_Evaluation?worker_id=1 HTTP/1.1" 200 2788 "https://crowd4u.org/view/1560/Ask_Evaluation?worker_id=1" "Mozilla/5.0 (Windows NT 10.0; Win64; x64) AppleWebKit/537.36 (KHTML, like Gecko) Chrome/90.0.4430.212 Safari/537.36"
61.211.142.58 - - [21/May/2021:11:02:16 +0900] "GET /view/1560/Ask_Evaluation?worker_id=16 HTTP/1.1" 200 2792 "https://crowd4u.org/view/1560/Ask_Evaluation?worker_id=16" "Mozilla/5.0 (Macintosh; Intel Mac OS X 10_6_8) AppleWebKit/537.36 (KHTML, like Gecko) Chrome/49.0.2623.112 Safari/537.36"
202.179.53.172 - - [21/May/2021:11:02:17 +0900] "POST /event/galaxy_YCS_56?_task_id=4269095 HTTP/1.1" 303 818 "https://crowd4u.org/view/1560/Ask_Evaluation?worker_id=8" "Mozilla/5.0 (Macintosh; Intel Mac OS X 10_11_6) AppleWebKit/605.1.15 (KHTML, like Gecko) Version/11.1.2 Safari/605.1.15"
202.179.53.172 - - [21/May/2021:11:02:17 +0900] "GET /view/1560/Ask_Evaluation?worker_id=8 HTTP/1.1" 200 2792 "https://crowd4u.org/view/1560/Ask_Evaluation?worker_id=8" "Mozilla/5.0 (Macintosh; Intel Mac OS X 10_11_6) AppleWebKit/605.1.15 (KHTML, like Gecko) Version/11.1.2 Safari/605.1.15"
119.228.175.43 - - [21/May/2021:11:02:17 +0900] "POST /event/galaxy_YCS_56?_task_id=4269233 HTTP/1.1" 303 2939 "https://crowd4u.org/view/1560/Ask_Evaluation?worker_id=11" "Mozilla/5.0 (Windows NT 6.3; WOW64; Trident/7.0; rv:11.0) like Gecko"
119.228.175.43 - - [21/May/2021:11:02:17 +0900] "GET /view/1560/Ask_Evaluation?worker_id=11 HTTP/1.1" 200 2927 "https://crowd4u.org/view/1560/Ask_Evaluation?worker_id=11" "Mozilla/5.0 (Windows NT 6.3; WOW64; Trident/7.0; rv:11.0) like Gecko"
119.228.175.43 - - [21/May/2021:11:02:18 +0900] "GET /assets/ico/favicon.ico HTTP/1.1" 302 2938 "-" "Mozilla/5.0 (Windows NT 6.3; Win64; x64; Trident/7.0; rv:11.0) like Gecko"
119.228.175.43 - - [21/May/2021:11:02:18 +0900] "GET /en/assets/ico/favicon.ico HTTP/1.1" 404 9071 "-" "Mozilla/5.0 (Windows NT 6.3; Win64; x64; Trident/7.0; rv:11.0) like Gecko"
119.228.175.43 - - [21/May/2021:11:02:18 +0900] "GET /favicon.ico HTTP/1.1" 302 2922 "-" "Mozilla/5.0 (Windows NT 6.3; Win64; x64; Trident/7.0; rv:11.0) like Gecko"
119.228.175.43 - - [21/May/2021:11:02:18 +0900] "GET /en/favicon.ico HTTP/1.1" 404 8575 "-" "Mozilla/5.0 (Windows NT 6.3; Win64; x64; Trident/7.0; rv:11.0) like Gecko"
111.239.158.198 - - [21/May/2021:11:02:19 +0900] "POST /event/galaxy_YCS_56?_task_id=4268988 HTTP/1.1" 303 972 "https://crowd4u.org/view/1560/Ask_Evaluation?worker_id=13" "Mozilla/5.0 (iPad; CPU OS 12_5_3 like Mac OS X) AppleWebKit/605.1.15 (KHTML, like Gecko) Version/12.1.2 Mobile/15E148 Safari/604.1"
111.239.158.198 - - [21/May/2021:11:02:19 +0900] "GET /view/1560/Ask_Evaluation?worker_id=13 HTTP/1.1" 200 2794 "https://crowd4u.org/view/1560/Ask_Evaluation?worker_id=13" "Mozilla/5.0 (iPad; CPU OS 12_5_3 like Mac OS X) AppleWebKit/605.1.15 (KHTML, like Gecko) Version/12.1.2 Mobile/15E148 Safari/604.1"
202.179.53.172 - - [21/May/2021:11:02:22 +0900] "POST /event/galaxy_YCS_56?_task_id=4269099 HTTP/1.1" 303 818 "https://crowd4u.org/view/1560/Ask_Evaluation?worker_id=8" "Mozilla/5.0 (Macintosh; Intel Mac OS X 10_11_6) AppleWebKit/605.1.15 (KHTML, like Gecko) Version/11.1.2 Safari/605.1.15"
202.179.53.172 - - [21/May/2021:11:02:22 +0900] "GET /view/1560/Ask_Evaluation?worker_id=8 HTTP/1.1" 200 2789 "https://crowd4u.org/view/1560/Ask_Evaluation?worker_id=8" "Mozilla/5.0 (Macintosh; Intel Mac OS X 10_11_6) AppleWebKit/605.1.15 (KHTML, like Gecko) Version/11.1.2 Safari/605.1.15"
111.239.157.94 - - [21/May/2021:11:02:22 +0900] "POST /event/galaxy_YCS_56?_task_id=4269218 HTTP/1.1" 303 971 "https://crowd4u.org/view/1560/Ask_Evaluation?worker_id=7" "Mozilla/5.0 (Windows NT 10.0; Win64; x64) AppleWebKit/537.36 (KHTML, like Gecko) Chrome/90.0.4430.212 Safari/537.36"
111.239.157.94 - - [21/May/2021:11:02:22 +0900] "GET /view/1560/Ask_Evaluation?worker_id=7 HTTP/1.1" 200 2790 "https://crowd4u.org/view/1560/Ask_Evaluation?worker_id=7" "Mozilla/5.0 (Windows NT 10.0; Win64; x64) AppleWebKit/537.36 (KHTML, like Gecko) Chrome/90.0.4430.212 Safari/537.36"
61.211.142.58 - - [21/May/2021:11:02:22 +0900] "POST /event/galaxy_YCS_56?_task_id=4269089 HTTP/1.1" 303 972 "https://crowd4u.org/view/1560/Ask_Evaluation?worker_id=16" "Mozilla/5.0 (Macintosh; Intel Mac OS X 10_6_8) AppleWebKit/537.36 (KHTML, like Gecko) Chrome/49.0.2623.112 Safari/537.36"
61.211.142.58 - - [21/May/2021:11:02:22 +0900] "GET /view/1560/Ask_Evaluation?worker_id=16 HTTP/1.1" 200 2792 "https://crowd4u.org/view/1560/Ask_Evaluation?worker_id=16" "Mozilla/5.0 (Macintosh; Intel Mac OS X 10_6_8) AppleWebKit/537.36 (KHTML, like Gecko) Chrome/49.0.2623.112 Safari/537.36"
119.228.175.43 - - [21/May/2021:11:02:23 +0900] "POST /event/galaxy_YCS_56?_task_id=4269237 HTTP/1.1" 303 2954 "https://crowd4u.org/view/1560/Ask_Evaluation?worker_id=11" "Mozilla/5.0 (Windows NT 6.3; WOW64; Trident/7.0; rv:11.0) like Gecko"
119.228.175.43 - - [21/May/2021:11:02:23 +0900] "GET /view/1560/Ask_Evaluation?worker_id=11 HTTP/1.1" 200 2927 "https://crowd4u.org/view/1560/Ask_Evaluation?worker_id=11" "Mozilla/5.0 (Windows NT 6.3; WOW64; Trident/7.0; rv:11.0) like Gecko"
60.67.201.248 - - [21/May/2021:11:02:23 +0900] "POST /event/galaxy_YCS_56?_task_id=4269078 HTTP/1.1" 303 972 "https://crowd4u.org/view/1560/Ask_Evaluation?worker_id=12" "Mozilla/5.0 (Windows NT 10.0; Win64; x64) AppleWebKit/537.36 (KHTML, like Gecko) Chrome/90.0.4430.212 Safari/537.36"
60.67.201.248 - - [21/May/2021:11:02:23 +0900] "GET /view/1560/Ask_Evaluation?worker_id=12 HTTP/1.1" 200 2793 "https://crowd4u.org/view/1560/Ask_Evaluation?worker_id=12" "Mozilla/5.0 (Windows NT 10.0; Win64; x64) AppleWebKit/537.36 (KHTML, like Gecko) Chrome/90.0.4430.212 Safari/537.36"
119.228.175.43 - - [21/May/2021:11:02:23 +0900] "GET /assets/ico/favicon.ico HTTP/1.1" 302 2938 "-" "Mozilla/5.0 (Windows NT 6.3; Win64; x64; Trident/7.0; rv:11.0) like Gecko"
119.228.175.43 - - [21/May/2021:11:02:23 +0900] "GET /en/assets/ico/favicon.ico HTTP/1.1" 404 9071 "-" "Mozilla/5.0 (Windows NT 6.3; Win64; x64; Trident/7.0; rv:11.0) like Gecko"
119.228.175.43 - - [21/May/2021:11:02:23 +0900] "GET /favicon.ico HTTP/1.1" 302 2922 "-" "Mozilla/5.0 (Windows NT 6.3; Win64; x64; Trident/7.0; rv:11.0) like Gecko"
119.228.175.43 - - [21/May/2021:11:02:23 +0900] "GET /en/favicon.ico HTTP/1.1" 404 8676 "-" "Mozilla/5.0 (Windows NT 6.3; Win64; x64; Trident/7.0; rv:11.0) like Gecko"
27.253.251.244 - - [21/May/2021:11:02:24 +0900] "POST /event/galaxy_YCS_56?_task_id=4269207 HTTP/1.1" 303 971 "https://crowd4u.org/view/1560/Ask_Evaluation?worker_id=3" "Mozilla/5.0 (Windows NT 10.0; Win64; x64) AppleWebKit/537.36 (KHTML, like Gecko) Chrome/90.0.4430.212 Safari/537.36"
27.253.251.244 - - [21/May/2021:11:02:25 +0900] "GET /view/1560/Ask_Evaluation?worker_id=3 HTTP/1.1" 200 2791 "https://crowd4u.org/view/1560/Ask_Evaluation?worker_id=3" "Mozilla/5.0 (Windows NT 10.0; Win64; x64) AppleWebKit/537.36 (KHTML, like Gecko) Chrome/90.0.4430.212 Safari/537.36"
111.239.158.198 - - [21/May/2021:11:02:25 +0900] "POST /event/galaxy_YCS_56?_task_id=4268992 HTTP/1.1" 303 972 "https://crowd4u.org/view/1560/Ask_Evaluation?worker_id=13" "Mozilla/5.0 (iPad; CPU OS 12_5_3 like Mac OS X) AppleWebKit/605.1.15 (KHTML, like Gecko) Version/12.1.2 Mobile/15E148 Safari/604.1"
111.239.158.198 - - [21/May/2021:11:02:25 +0900] "GET /view/1560/Ask_Evaluation?worker_id=13 HTTP/1.1" 200 2792 "https://crowd4u.org/view/1560/Ask_Evaluation?worker_id=13" "Mozilla/5.0 (iPad; CPU OS 12_5_3 like Mac OS X) AppleWebKit/605.1.15 (KHTML, like Gecko) Version/12.1.2 Mobile/15E148 Safari/604.1"
