202.179.53.172 - - [21/May/2021:11:00:02 +0900] "GET /view/1560/Ask_Evaluation?worker_id=8 HTTP/1.1" 200 4622 "https://takumi-nakayama.github.io/hougen-task/sub-task/s-task8.html" "Mozilla/5.0 (Macintosh; Intel Mac OS X 10_11_6) AppleWebKit/605.1.15 (KHTML, like Gecko) Version/11.1.2 Safari/605.1.15"
202.179.53.172 - - [21/May/2021:11:00:02 +0900] "GET /js/jquery-1.11.1.min.js HTTP/1.1" 200 33810 "https://crowd4u.org/view/1560/Ask_Evaluation?worker_id=8" "Mozilla/5.0 (Macintosh; Intel Mac OS X 10_11_6) AppleWebKit/605.1.15 (KHTML, like Gecko) Version/11.1.2 Safari/605.1.15"
202.179.53.172 - - [21/May/2021:11:00:02 +0900] "GET /assets/ico/favicon.ico HTTP/1.1" 302 952 "https://crowd4u.org/view/1560/Ask_Evaluation?worker_id=8" "Mozilla/5.0 (Macintosh; Intel Mac OS X 10_11_6) AppleWebKit/605.1.15 (KHTML, like Gecko) Version/11.1.2 Safari/605.1.15"
202.179.53.172 - - [21/May/2021:11:00:02 +0900] "GET /ja/assets/ico/favicon.ico HTTP/1.1" 404 8967 "https://crowd4u.org/view/1560/Ask_Evaluation?worker_id=8" "Mozilla/5.0 (Macintosh; Intel Mac OS X 10_11_6) AppleWebKit/605.1.15 (KHTML, like Gecko) Version/11.1.2 Safari/605.1.15"
27.253.251.244 - - [21/May/2021:11:00:03 +0900] "GET /view/1560/Ask_Evaluation?worker_id=3 HTTP/1.1" 200 4818 "https://takumi-nakayama.github.io/" "Mozilla/5.0 (Windows NT 10.0; Win64; x64) AppleWebKit/537.36 (KHTML, like Gecko) Chrome/90.0.4430.212 Safari/537.36"
27.253.251.244 - - [21/May/2021:11:00:04 +0900] "GET /js/jquery-1.11.1.min.js HTTP/1.1" 200 33810 "https://crowd4u.org/view/1560/Ask_Evaluation?worker_id=3" "Mozilla/5.0 (Windows NT 10.0; Win64; x64) AppleWebKit/537.36 (KHTML, like Gecko) Chrome/90.0.4430.212 Safari/537.36"
126.2.165.238 - - [21/May/2021:11:00:04 +0900] "POST /event/galaxy_YCS_56?_task_id=4269121 HTTP/1.1" 303 971 "https://crowd4u.org/view/1560/Ask_Evaluation?worker_id=6" "Mozilla/5.0 (Windows NT 10.0; Win64; x64; rv:88.0) Gecko/20100101 Firefox/88.0"
126.2.165.238 - - [21/May/2021:11:00:04 +0900] "GET /view/1560/Ask_Evaluation?worker_id=6 HTTP/1.1" 200 2792 "https://crowd4u.org/view/1560/Ask_Evaluation?worker_id=6" "Mozilla/5.0 (Windows NT 10.0; Win64; x64; rv:88.0) Gecko/20100101 Firefox/88.0"
27.253.251.244 - - [21/May/2021:11:00:04 +0900] "GET /assets/ico/favicon.ico HTTP/1.1" 302 799 "https://crowd4u.org/view/1560/Ask_Evaluation?worker_id=3" "Mozilla/5.0 (Windows NT 10.0; Win64; x64) AppleWebKit/537.36 (KHTML, like Gecko) Chrome/90.0.4430.212 Safari/537.36"
126.2.165.238 - - [21/May/2021:11:00:05 +0900] "GET /ja/assets/ico/apple-touch-icon-144-precomposed.png HTTP/1.1" 404 10086 "https://crowd4u.org/view/1560/Ask_Evaluation?worker_id=6" "Mozilla/5.0 (Windows NT 10.0; Win64; x64; rv:88.0) Gecko/20100101 Firefox/88.0"
27.253.251.244 - - [21/May/2021:11:00:05 +0900] "GET /ja/assets/ico/favicon.ico HTTP/1.1" 404 8967 "https://crowd4u.org/view/1560/Ask_Evaluation?worker_id=3" "Mozilla/5.0 (Windows NT 10.0; Win64; x64) AppleWebKit/537.36 (KHTML, like Gecko) Chrome/90.0.4430.212 Safari/537.36"
140.227.42.13 - - [21/May/2021:11:00:07 +0900] "GET /script/task_loader.js?requester=283&length=10 HTTP/1.1" 200 1284 "http://gospel.aid.design.kyushu-u.ac.jp/" "Mozilla/5.0 (Windows NT 10.0; Win64; x64) AppleWebKit/537.36 (KHTML, like Gecko) Chrome/90.0.4430.212 Safari/537.36 Edg/90.0.818.62"
140.227.42.13 - - [21/May/2021:11:00:07 +0900] "GET /js/api/require-jquery.js HTTP/1.1" 200 99370 "http://gospel.aid.design.kyushu-u.ac.jp/" "Mozilla/5.0 (Windows NT 10.0; Win64; x64) AppleWebKit/537.36 (KHTML, like Gecko) Chrome/90.0.4430.212 Safari/537.36 Edg/90.0.818.62"
140.227.42.13 - - [21/May/2021:11:00:07 +0900] "GET /js/api/include.js?requester=283&length=10&_cache=1621562407 HTTP/1.1" 200 1140 "http://gospel.aid.design.kyushu-u.ac.jp/" "Mozilla/5.0 (Windows NT 10.0; Win64; x64) AppleWebKit/537.36 (KHTML, like Gecko) Chrome/90.0.4430.212 Safari/537.36 Edg/90.0.818.62"
140.227.42.13 - - [21/May/2021:11:00:08 +0900] "GET /js/api/jquery-ui.js?requester=283&length=10&_cache=1621562407 HTTP/1.1" 200 20066 "http://gospel.aid.design.kyushu-u.ac.jp/" "Mozilla/5.0 (Windows NT 10.0; Win64; x64) AppleWebKit/537.36 (KHTML, like Gecko) Chrome/90.0.4430.212 Safari/537.36 Edg/90.0.818.62"
140.227.42.13 - - [21/May/2021:11:00:08 +0900] "GET /js/api/xdr.js?requester=283&length=10&_cache=1621562407 HTTP/1.1" 200 844 "http://gospel.aid.design.kyushu-u.ac.jp/" "Mozilla/5.0 (Windows NT 10.0; Win64; x64) AppleWebKit/537.36 (KHTML, like Gecko) Chrome/90.0.4430.212 Safari/537.36 Edg/90.0.818.62"
140.227.42.13 - - [21/May/2021:11:00:08 +0900] "GET /js/api/jquery.form.js?requester=283&length=10&_cache=1621562407 HTTP/1.1" 200 11557 "http://gospel.aid.design.kyushu-u.ac.jp/" "Mozilla/5.0 (Windows NT 10.0; Win64; x64) AppleWebKit/537.36 (KHTML, like Gecko) Chrome/90.0.4430.212 Safari/537.36 Edg/90.0.818.62"
140.227.42.13 - - [21/May/2021:11:00:08 +0900] "GET /script/api.js?requester=283&length=10&_cache=1621562407 HTTP/1.1" 200 8630 "http://gospel.aid.design.kyushu-u.ac.jp/" "Mozilla/5.0 (Windows NT 10.0; Win64; x64) AppleWebKit/537.36 (KHTML, like Gecko) Chrome/90.0.4430.212 Safari/537.36 Edg/90.0.818.62"
140.227.42.13 - - [21/May/2021:11:00:08 +0900] "GET /css/dialog.css?date=20141113 HTTP/1.1" 200 892 "http://gospel.aid.design.kyushu-u.ac.jp/" "Mozilla/5.0 (Windows NT 10.0; Win64; x64) AppleWebKit/537.36 (KHTML, like Gecko) Chrome/90.0.4430.212 Safari/537.36 Edg/90.0.818.62"
126.2.165.238 - - [21/May/2021:11:00:10 +0900] "POST /event/galaxy_YCS_56?_task_id=4269125 HTTP/1.1" 303 971 "https://crowd4u.org/view/1560/Ask_Evaluation?worker_id=6" "Mozilla/5.0 (Windows NT 10.0; Win64; x64; rv:88.0) Gecko/20100101 Firefox/88.0"
126.2.165.238 - - [21/May/2021:11:00:10 +0900] "GET /view/1560/Ask_Evaluation?worker_id=6 HTTP/1.1" 200 2791 "https://crowd4u.org/view/1560/Ask_Evaluation?worker_id=6" "Mozilla/5.0 (Windows NT 10.0; Win64; x64; rv:88.0) Gecko/20100101 Firefox/88.0"
126.2.165.238 - - [21/May/2021:11:00:10 +0900] "GET /assets/ico/apple-touch-icon-144-precomposed.png HTTP/1.1" 302 843 "https://crowd4u.org/view/1560/Ask_Evaluation?worker_id=6" "Mozilla/5.0 (Windows NT 10.0; Win64; x64; rv:88.0) Gecko/20100101 Firefox/88.0"
60.67.201.248 - - [21/May/2021:11:00:18 +0900] "GET /view/1560/Ask_Evaluation?worker_id=12 HTTP/1.1" 200 4819 "https://takumi-nakayama.github.io/" "Mozilla/5.0 (Windows NT 10.0; Win64; x64) AppleWebKit/537.36 (KHTML, like Gecko) Chrome/90.0.4430.212 Safari/537.36"
60.67.201.248 - - [21/May/2021:11:00:18 +0900] "GET /js/jquery-1.11.1.min.js HTTP/1.1" 200 33810 "https://crowd4u.org/view/1560/Ask_Evaluation?worker_id=12" "Mozilla/5.0 (Windows NT 10.0; Win64; x64) AppleWebKit/537.36 (KHTML, like Gecko) Chrome/90.0.4430.212 Safari/537.36"
60.67.201.248 - - [21/May/2021:11:00:20 +0900] "GET /assets/ico/favicon.ico HTTP/1.1" 302 799 "https://crowd4u.org/view/1560/Ask_Evaluation?worker_id=12" "Mozilla/5.0 (Windows NT 10.0; Win64; x64) AppleWebKit/537.36 (KHTML, like Gecko) Chrome/90.0.4430.212 Safari/537.36"
60.67.201.248 - - [21/May/2021:11:00:20 +0900] "GET /ja/assets/ico/favicon.ico HTTP/1.1" 404 8967 "https://crowd4u.org/view/1560/Ask_Evaluation?worker_id=12" "Mozilla/5.0 (Windows NT 10.0; Win64; x64) AppleWebKit/537.36 (KHTML, like Gecko) Chrome/90.0.4430.212 Safari/537.36"
126.2.165.238 - - [21/May/2021:11:00:21 +0900] "POST /event/galaxy_YCS_56?_task_id=4269129 HTTP/1.1" 303 971 "https://crowd4u.org/view/1560/Ask_Evaluation?worker_id=6" "Mozilla/5.0 (Windows NT 10.0; Win64; x64; rv:88.0) Gecko/20100101 Firefox/88.0"
126.2.165.238 - - [21/May/2021:11:00:21 +0900] "GET /view/1560/Ask_Evaluation?worker_id=6 HTTP/1.1" 200 2791 "https://crowd4u.org/view/1560/Ask_Evaluation?worker_id=6" "Mozilla/5.0 (Windows NT 10.0; Win64; x64; rv:88.0) Gecko/20100101 Firefox/88.0"
126.2.165.238 - - [21/May/2021:11:00:21 +0900] "GET /assets/ico/apple-touch-icon-144-precomposed.png HTTP/1.1" 302 843 "https://crowd4u.org/view/1560/Ask_Evaluation?worker_id=6" "Mozilla/5.0 (Windows NT 10.0; Win64; x64; rv:88.0) Gecko/20100101 Firefox/88.0"
202.179.53.172 - - [21/May/2021:11:00:22 +0900] "POST /event/galaxy_YCS_56?_task_id=4269031 HTTP/1.1" 303 956 "https://crowd4u.org/view/1560/Ask_Evaluation?worker_id=8" "Mozilla/5.0 (Macintosh; Intel Mac OS X 10_11_6) AppleWebKit/605.1.15 (KHTML, like Gecko) Version/11.1.2 Safari/605.1.15"
202.179.53.172 - - [21/May/2021:11:00:23 +0900] "GET /view/1560/Ask_Evaluation?worker_id=8 HTTP/1.1" 200 2793 "https://crowd4u.org/view/1560/Ask_Evaluation?worker_id=8" "Mozilla/5.0 (Macintosh; Intel Mac OS X 10_11_6) AppleWebKit/605.1.15 (KHTML, like Gecko) Version/11.1.2 Safari/605.1.15"
182.158.226.3 - - [21/May/2021:11:00:23 +0900] "GET /api/group_achievement_rate?_=1621559521032 HTTP/1.1" 200 1129 "https://crowd4u.org/en/projects" "Mozilla/5.0 (Macintosh; Intel Mac OS X 10_15_7) AppleWebKit/537.36 (KHTML, like Gecko) Chrome/90.0.4430.212 Safari/537.36"
126.95.99.93 - - [21/May/2021:11:00:23 +0900] "GET /view/1560/Ask_Evaluation?worker_id=1 HTTP/1.1" 200 4811 "https://takumi-nakayama.github.io/" "Mozilla/5.0 (Windows NT 10.0; Win64; x64) AppleWebKit/537.36 (KHTML, like Gecko) Chrome/90.0.4430.212 Safari/537.36"
126.95.99.93 - - [21/May/2021:11:00:24 +0900] "GET /js/jquery-1.11.1.min.js HTTP/1.1" 200 33810 "https://crowd4u.org/view/1560/Ask_Evaluation?worker_id=1" "Mozilla/5.0 (Windows NT 10.0; Win64; x64) AppleWebKit/537.36 (KHTML, like Gecko) Chrome/90.0.4430.212 Safari/537.36"
126.95.99.93 - - [21/May/2021:11:00:24 +0900] "GET /assets/ico/favicon.ico HTTP/1.1" 302 799 "https://crowd4u.org/view/1560/Ask_Evaluation?worker_id=1" "Mozilla/5.0 (Windows NT 10.0; Win64; x64) AppleWebKit/537.36 (KHTML, like Gecko) Chrome/90.0.4430.212 Safari/537.36"
126.95.99.93 - - [21/May/2021:11:00:24 +0900] "GET /ja/assets/ico/favicon.ico HTTP/1.1" 404 8967 "https://crowd4u.org/view/1560/Ask_Evaluation?worker_id=1" "Mozilla/5.0 (Windows NT 10.0; Win64; x64) AppleWebKit/537.36 (KHTML, like Gecko) Chrome/90.0.4430.212 Safari/537.36"
111.239.158.198 - - [21/May/2021:11:00:25 +0900] "GET /view/1560/Ask_Evaluation?worker_id=13 HTTP/1.1" 200 4621 "https://takumi-nakayama.github.io/hougen-task/sub-task/s-task13.html" "Mozilla/5.0 (iPad; CPU OS 12_5_3 like Mac OS X) AppleWebKit/605.1.15 (KHTML, like Gecko) Version/12.1.2 Mobile/15E148 Safari/604.1"
111.239.158.198 - - [21/May/2021:11:00:25 +0900] "GET /js/jquery-1.11.1.min.js HTTP/1.1" 200 33810 "https://crowd4u.org/view/1560/Ask_Evaluation?worker_id=13" "Mozilla/5.0 (iPad; CPU OS 12_5_3 like Mac OS X) AppleWebKit/605.1.15 (KHTML, like Gecko) Version/12.1.2 Mobile/15E148 Safari/604.1"
34.214.50.123 - - [21/May/2021:11:00:27 +0900] "GET /js/api/jquery-ui.js?requester=199&length=10&_cache=1621561712 HTTP/1.1" 200 73564 "-" "Mozilla/5.0 (Windows NT 6.1; Win64; x64) AppleWebKit/537.36 (KHTML, like Gecko) Chrome/72.0.3626.109 Safari/537.36"
111.239.158.198 - - [21/May/2021:11:00:27 +0900] "GET /assets/ico/favicon.ico HTTP/1.1" 302 2634 "https://crowd4u.org/view/1560/Ask_Evaluation?worker_id=13" "Mozilla/5.0 (iPad; CPU OS 12_5_3 like Mac OS X) AppleWebKit/605.1.15 (KHTML, like Gecko) Version/12.1.2 Mobile/15E148 Safari/604.1"
111.239.158.198 - - [21/May/2021:11:00:27 +0900] "GET /ja/assets/ico/favicon.ico HTTP/1.1" 404 8967 "https://crowd4u.org/view/1560/Ask_Evaluation?worker_id=13" "Mozilla/5.0 (iPad; CPU OS 12_5_3 like Mac OS X) AppleWebKit/605.1.15 (KHTML, like Gecko) Version/12.1.2 Mobile/15E148 Safari/604.1"
126.2.165.238 - - [21/May/2021:11:00:28 +0900] "POST /event/galaxy_YCS_56?_task_id=4269133 HTTP/1.1" 303 971 "https://crowd4u.org/view/1560/Ask_Evaluation?worker_id=6" "Mozilla/5.0 (Windows NT 10.0; Win64; x64; rv:88.0) Gecko/20100101 Firefox/88.0"
126.2.165.238 - - [21/May/2021:11:00:28 +0900] "GET /view/1560/Ask_Evaluation?worker_id=6 HTTP/1.1" 200 2792 "https://crowd4u.org/view/1560/Ask_Evaluation?worker_id=6" "Mozilla/5.0 (Windows NT 10.0; Win64; x64; rv:88.0) Gecko/20100101 Firefox/88.0"
126.2.165.238 - - [21/May/2021:11:00:29 +0900] "GET /ja/assets/ico/apple-touch-icon-144-precomposed.png HTTP/1.1" 404 10086 "https://crowd4u.org/view/1560/Ask_Evaluation?worker_id=6" "Mozilla/5.0 (Windows NT 10.0; Win64; x64; rv:88.0) Gecko/20100101 Firefox/88.0"
118.20.3.141 - - [21/May/2021:11:00:30 +0900] "GET /img/banner/crowd4u_ja_182x47.png HTTP/1.1" 200 8867 "https://www.cc.tsukuba.ac.jp/" "Mozilla/5.0 (iPhone; CPU iPhone OS 14_5_1 like Mac OS X) AppleWebKit/605.1.15 (KHTML, like Gecko) Version/14.1 Mobile/15E148 Safari/604.1"
202.179.53.172 - - [21/May/2021:11:00:31 +0900] "POST /event/galaxy_YCS_56?_task_id=4269035 HTTP/1.1" 303 956 "https://crowd4u.org/view/1560/Ask_Evaluation?worker_id=8" "Mozilla/5.0 (Macintosh; Intel Mac OS X 10_11_6) AppleWebKit/605.1.15 (KHTML, like Gecko) Version/11.1.2 Safari/605.1.15"
202.179.53.172 - - [21/May/2021:11:00:31 +0900] "GET /view/1560/Ask_Evaluation?worker_id=8 HTTP/1.1" 200 2793 "https://crowd4u.org/view/1560/Ask_Evaluation?worker_id=8" "Mozilla/5.0 (Macintosh; Intel Mac OS X 10_11_6) AppleWebKit/605.1.15 (KHTML, like Gecko) Version/11.1.2 Safari/605.1.15"
180.145.212.204 - - [21/May/2021:11:00:34 +0900] "GET /view/1560/Ask_Evaluation?worker_id=10 HTTP/1.1" 200 4813 "https://takumi-nakayama.github.io/" "Mozilla/5.0 (Windows NT 10.0; Win64; x64) AppleWebKit/537.36 (KHTML, like Gecko) Chrome/90.0.4430.212 Safari/537.36"
119.228.175.43 - - [21/May/2021:11:00:35 +0900] "GET /view/1560/Ask_Evaluation?worker_id=11 HTTP/1.1" 200 5012 "https://takumi-nakayama.github.io/hougen-task/sub-task/s-task11.html" "Mozilla/5.0 (Windows NT 6.3; WOW64; Trident/7.0; rv:11.0) like Gecko"
119.228.175.43 - - [21/May/2021:11:00:36 +0900] "GET /js/jquery-1.11.1.min.js HTTP/1.1" 200 34232 "https://crowd4u.org/view/1560/Ask_Evaluation?worker_id=11" "Mozilla/5.0 (Windows NT 6.3; WOW64; Trident/7.0; rv:11.0) like Gecko"
119.228.175.43 - - [21/May/2021:11:00:36 +0900] "GET /assets/ico/favicon.ico HTTP/1.1" 302 2938 "-" "Mozilla/5.0 (Windows NT 6.3; Win64; x64; Trident/7.0; rv:11.0) like Gecko"
119.228.175.43 - - [21/May/2021:11:00:36 +0900] "GET /en/assets/ico/favicon.ico HTTP/1.1" 404 9087 "-" "Mozilla/5.0 (Windows NT 6.3; Win64; x64; Trident/7.0; rv:11.0) like Gecko"
119.228.175.43 - - [21/May/2021:11:00:36 +0900] "GET /favicon.ico HTTP/1.1" 302 2922 "-" "Mozilla/5.0 (Windows NT 6.3; Win64; x64; Trident/7.0; rv:11.0) like Gecko"
119.228.175.43 - - [21/May/2021:11:00:36 +0900] "GET /en/favicon.ico HTTP/1.1" 404 8575 "-" "Mozilla/5.0 (Windows NT 6.3; Win64; x64; Trident/7.0; rv:11.0) like Gecko"
34.209.40.73 - - [21/May/2021:11:00:37 +0900] "GET /js/api/jquery.form.js?requester=199&length=10&_cache=1621561779 HTTP/1.1" 200 39835 "-" "Mozilla/5.0 (Windows NT 6.1; Win64; x64) AppleWebKit/537.36 (KHTML, like Gecko) Chrome/72.0.3626.109 Safari/537.36"
126.2.165.238 - - [21/May/2021:11:00:38 +0900] "POST /event/galaxy_YCS_56?_task_id=4269137 HTTP/1.1" 303 971 "https://crowd4u.org/view/1560/Ask_Evaluation?worker_id=6" "Mozilla/5.0 (Windows NT 10.0; Win64; x64; rv:88.0) Gecko/20100101 Firefox/88.0"
126.2.165.238 - - [21/May/2021:11:00:39 +0900] "GET /view/1560/Ask_Evaluation?worker_id=6 HTTP/1.1" 200 2793 "https://crowd4u.org/view/1560/Ask_Evaluation?worker_id=6" "Mozilla/5.0 (Windows NT 10.0; Win64; x64; rv:88.0) Gecko/20100101 Firefox/88.0"
126.2.165.238 - - [21/May/2021:11:00:39 +0900] "GET /assets/ico/apple-touch-icon-144-precomposed.png HTTP/1.1" 302 843 "https://crowd4u.org/view/1560/Ask_Evaluation?worker_id=6" "Mozilla/5.0 (Windows NT 10.0; Win64; x64; rv:88.0) Gecko/20100101 Firefox/88.0"
126.95.99.93 - - [21/May/2021:11:00:41 +0900] "POST /event/galaxy_YCS_56?_task_id=4268948 HTTP/1.1" 303 2848 "https://crowd4u.org/view/1560/Ask_Evaluation?worker_id=1" "Mozilla/5.0 (Windows NT 10.0; Win64; x64) AppleWebKit/537.36 (KHTML, like Gecko) Chrome/90.0.4430.212 Safari/537.36"
126.95.99.93 - - [21/May/2021:11:00:41 +0900] "GET /view/1560/Ask_Evaluation?worker_id=1 HTTP/1.1" 200 2785 "https://crowd4u.org/view/1560/Ask_Evaluation?worker_id=1" "Mozilla/5.0 (Windows NT 10.0; Win64; x64) AppleWebKit/537.36 (KHTML, like Gecko) Chrome/90.0.4430.212 Safari/537.36"
60.67.201.248 - - [21/May/2021:11:00:41 +0900] "POST /event/galaxy_YCS_56?_task_id=4269030 HTTP/1.1" 303 2849 "https://crowd4u.org/view/1560/Ask_Evaluation?worker_id=12" "Mozilla/5.0 (Windows NT 10.0; Win64; x64) AppleWebKit/537.36 (KHTML, like Gecko) Chrome/90.0.4430.212 Safari/537.36"
60.67.201.248 - - [21/May/2021:11:00:41 +0900] "GET /view/1560/Ask_Evaluation?worker_id=12 HTTP/1.1" 200 2793 "https://crowd4u.org/view/1560/Ask_Evaluation?worker_id=12" "Mozilla/5.0 (Windows NT 10.0; Win64; x64) AppleWebKit/537.36 (KHTML, like Gecko) Chrome/90.0.4430.212 Safari/537.36"
202.179.53.172 - - [21/May/2021:11:00:41 +0900] "POST /event/galaxy_YCS_56?_task_id=4269039 HTTP/1.1" 303 956 "https://crowd4u.org/view/1560/Ask_Evaluation?worker_id=8" "Mozilla/5.0 (Macintosh; Intel Mac OS X 10_11_6) AppleWebKit/605.1.15 (KHTML, like Gecko) Version/11.1.2 Safari/605.1.15"
202.179.53.172 - - [21/May/2021:11:00:42 +0900] "GET /view/1560/Ask_Evaluation?worker_id=8 HTTP/1.1" 200 2790 "https://crowd4u.org/view/1560/Ask_Evaluation?worker_id=8" "Mozilla/5.0 (Macintosh; Intel Mac OS X 10_11_6) AppleWebKit/605.1.15 (KHTML, like Gecko) Version/11.1.2 Safari/605.1.15"
126.2.165.238 - - [21/May/2021:11:00:45 +0900] "POST /event/galaxy_YCS_56?_task_id=4269141 HTTP/1.1" 303 971 "https://crowd4u.org/view/1560/Ask_Evaluation?worker_id=6" "Mozilla/5.0 (Windows NT 10.0; Win64; x64; rv:88.0) Gecko/20100101 Firefox/88.0"
126.2.165.238 - - [21/May/2021:11:00:45 +0900] "GET /view/1560/Ask_Evaluation?worker_id=6 HTTP/1.1" 200 2791 "https://crowd4u.org/view/1560/Ask_Evaluation?worker_id=6" "Mozilla/5.0 (Windows NT 10.0; Win64; x64; rv:88.0) Gecko/20100101 Firefox/88.0"
126.2.165.238 - - [21/May/2021:11:00:45 +0900] "GET /ja/assets/ico/apple-touch-icon-144-precomposed.png HTTP/1.1" 404 10086 "https://crowd4u.org/view/1560/Ask_Evaluation?worker_id=6" "Mozilla/5.0 (Windows NT 10.0; Win64; x64; rv:88.0) Gecko/20100101 Firefox/88.0"
133.51.2.19 - - [21/May/2021:11:00:46 +0900] "GET /api/group_achievement_rate?_=1621386625433 HTTP/1.1" 200 1132 "http://crowd4u.org/ja/projects" "Mozilla/5.0 (Windows NT 10.0; Win64; x64) AppleWebKit/537.36 (KHTML, like Gecko) Chrome/90.0.4430.212 Safari/537.36"
126.95.99.93 - - [21/May/2021:11:00:48 +0900] "POST /event/galaxy_YCS_56?_task_id=4268953 HTTP/1.1" 303 971 "https://crowd4u.org/view/1560/Ask_Evaluation?worker_id=1" "Mozilla/5.0 (Windows NT 10.0; Win64; x64) AppleWebKit/537.36 (KHTML, like Gecko) Chrome/90.0.4430.212 Safari/537.36"
126.95.99.93 - - [21/May/2021:11:00:48 +0900] "GET /view/1560/Ask_Evaluation?worker_id=1 HTTP/1.1" 200 2790 "https://crowd4u.org/view/1560/Ask_Evaluation?worker_id=1" "Mozilla/5.0 (Windows NT 10.0; Win64; x64) AppleWebKit/537.36 (KHTML, like Gecko) Chrome/90.0.4430.212 Safari/537.36"
60.67.201.248 - - [21/May/2021:11:00:49 +0900] "POST /event/galaxy_YCS_56?_task_id=4269034 HTTP/1.1" 303 972 "https://crowd4u.org/view/1560/Ask_Evaluation?worker_id=12" "Mozilla/5.0 (Windows NT 10.0; Win64; x64) AppleWebKit/537.36 (KHTML, like Gecko) Chrome/90.0.4430.212 Safari/537.36"
60.67.201.248 - - [21/May/2021:11:00:49 +0900] "GET /view/1560/Ask_Evaluation?worker_id=12 HTTP/1.1" 200 2792 "https://crowd4u.org/view/1560/Ask_Evaluation?worker_id=12" "Mozilla/5.0 (Windows NT 10.0; Win64; x64) AppleWebKit/537.36 (KHTML, like Gecko) Chrome/90.0.4430.212 Safari/537.36"
202.179.53.172 - - [21/May/2021:11:00:50 +0900] "POST /event/galaxy_YCS_56?_task_id=4269043 HTTP/1.1" 303 956 "https://crowd4u.org/view/1560/Ask_Evaluation?worker_id=8" "Mozilla/5.0 (Macintosh; Intel Mac OS X 10_11_6) AppleWebKit/605.1.15 (KHTML, like Gecko) Version/11.1.2 Safari/605.1.15"
202.179.53.172 - - [21/May/2021:11:00:50 +0900] "GET /view/1560/Ask_Evaluation?worker_id=8 HTTP/1.1" 200 2794 "https://crowd4u.org/view/1560/Ask_Evaluation?worker_id=8" "Mozilla/5.0 (Macintosh; Intel Mac OS X 10_11_6) AppleWebKit/605.1.15 (KHTML, like Gecko) Version/11.1.2 Safari/605.1.15"
49.7.21.80 - - [21/May/2021:11:00:51 +0900] "GET /en/ HTTP/1.1" 200 9897 "-" "Sogou web spider/4.0(+http://www.sogou.com/docs/help/webmasters.htm#07)"
126.2.165.238 - - [21/May/2021:11:00:51 +0900] "POST /event/galaxy_YCS_56?_task_id=4269145 HTTP/1.1" 303 971 "https://crowd4u.org/view/1560/Ask_Evaluation?worker_id=6" "Mozilla/5.0 (Windows NT 10.0; Win64; x64; rv:88.0) Gecko/20100101 Firefox/88.0"
126.2.165.238 - - [21/May/2021:11:00:51 +0900] "GET /view/1560/Ask_Evaluation?worker_id=6 HTTP/1.1" 200 2790 "https://crowd4u.org/view/1560/Ask_Evaluation?worker_id=6" "Mozilla/5.0 (Windows NT 10.0; Win64; x64; rv:88.0) Gecko/20100101 Firefox/88.0"
126.2.165.238 - - [21/May/2021:11:00:51 +0900] "GET /ja/assets/ico/apple-touch-icon-144-precomposed.png HTTP/1.1" 404 10086 "https://crowd4u.org/view/1560/Ask_Evaluation?worker_id=6" "Mozilla/5.0 (Windows NT 10.0; Win64; x64; rv:88.0) Gecko/20100101 Firefox/88.0"
119.228.175.43 - - [21/May/2021:11:00:51 +0900] "POST /event/galaxy_YCS_56?_task_id=4269189 HTTP/1.1" 303 2954 "https://crowd4u.org/view/1560/Ask_Evaluation?worker_id=11" "Mozilla/5.0 (Windows NT 6.3; WOW64; Trident/7.0; rv:11.0) like Gecko"
119.228.175.43 - - [21/May/2021:11:00:51 +0900] "GET /view/1560/Ask_Evaluation?worker_id=11 HTTP/1.1" 200 2927 "https://crowd4u.org/view/1560/Ask_Evaluation?worker_id=11" "Mozilla/5.0 (Windows NT 6.3; WOW64; Trident/7.0; rv:11.0) like Gecko"
119.228.175.43 - - [21/May/2021:11:00:52 +0900] "GET /assets/ico/favicon.ico HTTP/1.1" 302 2938 "-" "Mozilla/5.0 (Windows NT 6.3; Win64; x64; Trident/7.0; rv:11.0) like Gecko"
119.228.175.43 - - [21/May/2021:11:00:52 +0900] "GET /browserconfig.xml HTTP/1.1" 302 2922 "-" "Mozilla/5.0 (Windows NT 6.3; Win64; x64; Trident/7.0; rv:11.0) like Gecko"
119.228.175.43 - - [21/May/2021:11:00:52 +0900] "GET /en/assets/ico/favicon.ico HTTP/1.1" 404 9071 "-" "Mozilla/5.0 (Windows NT 6.3; Win64; x64; Trident/7.0; rv:11.0) like Gecko"
119.228.175.43 - - [21/May/2021:11:00:52 +0900] "GET /en/browserconfig.xml HTTP/1.1" 404 8863 "-" "Mozilla/5.0 (Windows NT 6.3; Win64; x64; Trident/7.0; rv:11.0) like Gecko"
119.228.175.43 - - [21/May/2021:11:00:52 +0900] "GET /favicon.ico HTTP/1.1" 302 2922 "-" "Mozilla/5.0 (Windows NT 6.3; Win64; x64; Trident/7.0; rv:11.0) like Gecko"
119.228.175.43 - - [21/May/2021:11:00:52 +0900] "GET /en/favicon.ico HTTP/1.1" 404 8575 "-" "Mozilla/5.0 (Windows NT 6.3; Win64; x64; Trident/7.0; rv:11.0) like Gecko"
111.239.158.198 - - [21/May/2021:11:00:52 +0900] "POST /event/galaxy_YCS_56?_task_id=4268952 HTTP/1.1" 303 972 "https://crowd4u.org/view/1560/Ask_Evaluation?worker_id=13" "Mozilla/5.0 (iPad; CPU OS 12_5_3 like Mac OS X) AppleWebKit/605.1.15 (KHTML, like Gecko) Version/12.1.2 Mobile/15E148 Safari/604.1"
111.239.158.198 - - [21/May/2021:11:00:52 +0900] "GET /view/1560/Ask_Evaluation?worker_id=13 HTTP/1.1" 200 2791 "https://crowd4u.org/view/1560/Ask_Evaluation?worker_id=13" "Mozilla/5.0 (iPad; CPU OS 12_5_3 like Mac OS X) AppleWebKit/605.1.15 (KHTML, like Gecko) Version/12.1.2 Mobile/15E148 Safari/604.1"
126.95.99.93 - - [21/May/2021:11:00:54 +0900] "POST /event/galaxy_YCS_56?_task_id=4268957 HTTP/1.1" 303 971 "https://crowd4u.org/view/1560/Ask_Evaluation?worker_id=1" "Mozilla/5.0 (Windows NT 10.0; Win64; x64) AppleWebKit/537.36 (KHTML, like Gecko) Chrome/90.0.4430.212 Safari/537.36"
126.95.99.93 - - [21/May/2021:11:00:54 +0900] "GET /view/1560/Ask_Evaluation?worker_id=1 HTTP/1.1" 200 2788 "https://crowd4u.org/view/1560/Ask_Evaluation?worker_id=1" "Mozilla/5.0 (Windows NT 10.0; Win64; x64) AppleWebKit/537.36 (KHTML, like Gecko) Chrome/90.0.4430.212 Safari/537.36"
34.211.152.213 - - [21/May/2021:11:00:54 +0900] "GET /js/api/jquery-ui.js?requester=199&length=10&_cache=1621561766 HTTP/1.1" 200 73564 "-" "Mozilla/5.0 (Windows NT 6.1; Win64; x64) AppleWebKit/537.36 (KHTML, like Gecko) Chrome/72.0.3626.109 Safari/537.36"
34.211.152.213 - - [21/May/2021:11:00:54 +0900] "GET /js/api/xdr.js?requester=199&length=10&_cache=1621561766 HTTP/1.1" 200 1878 "-" "Mozilla/5.0 (Windows NT 6.1; Win64; x64) AppleWebKit/537.36 (KHTML, like Gecko) Chrome/72.0.3626.109 Safari/537.36"
202.179.53.172 - - [21/May/2021:11:00:56 +0900] "POST /event/galaxy_YCS_56?_task_id=4269047 HTTP/1.1" 303 956 "https://crowd4u.org/view/1560/Ask_Evaluation?worker_id=8" "Mozilla/5.0 (Macintosh; Intel Mac OS X 10_11_6) AppleWebKit/605.1.15 (KHTML, like Gecko) Version/11.1.2 Safari/605.1.15"
202.179.53.172 - - [21/May/2021:11:00:56 +0900] "GET /view/1560/Ask_Evaluation?worker_id=8 HTTP/1.1" 200 2790 "https://crowd4u.org/view/1560/Ask_Evaluation?worker_id=8" "Mozilla/5.0 (Macintosh; Intel Mac OS X 10_11_6) AppleWebKit/605.1.15 (KHTML, like Gecko) Version/11.1.2 Safari/605.1.15"
60.67.201.248 - - [21/May/2021:11:00:56 +0900] "POST /event/galaxy_YCS_56?_task_id=4269038 HTTP/1.1" 303 972 "https://crowd4u.org/view/1560/Ask_Evaluation?worker_id=12" "Mozilla/5.0 (Windows NT 10.0; Win64; x64) AppleWebKit/537.36 (KHTML, like Gecko) Chrome/90.0.4430.212 Safari/537.36"
60.67.201.248 - - [21/May/2021:11:00:56 +0900] "GET /view/1560/Ask_Evaluation?worker_id=12 HTTP/1.1" 200 2793 "https://crowd4u.org/view/1560/Ask_Evaluation?worker_id=12" "Mozilla/5.0 (Windows NT 10.0; Win64; x64) AppleWebKit/537.36 (KHTML, like Gecko) Chrome/90.0.4430.212 Safari/537.36"
126.2.165.238 - - [21/May/2021:11:00:58 +0900] "POST /event/galaxy_YCS_56?_task_id=4269149 HTTP/1.1" 303 971 "https://crowd4u.org/view/1560/Ask_Evaluation?worker_id=6" "Mozilla/5.0 (Windows NT 10.0; Win64; x64; rv:88.0) Gecko/20100101 Firefox/88.0"
126.2.165.238 - - [21/May/2021:11:00:58 +0900] "GET /view/1560/Ask_Evaluation?worker_id=6 HTTP/1.1" 200 2791 "https://crowd4u.org/view/1560/Ask_Evaluation?worker_id=6" "Mozilla/5.0 (Windows NT 10.0; Win64; x64; rv:88.0) Gecko/20100101 Firefox/88.0"
126.2.165.238 - - [21/May/2021:11:00:58 +0900] "GET /ja/assets/ico/apple-touch-icon-144-precomposed.png HTTP/1.1" 404 10086 "https://crowd4u.org/view/1560/Ask_Evaluation?worker_id=6" "Mozilla/5.0 (Windows NT 10.0; Win64; x64; rv:88.0) Gecko/20100101 Firefox/88.0"
61.211.142.58 - - [21/May/2021:11:01:00 +0900] "GET /view/1560/Ask_Evaluation?worker_id=16 HTTP/1.1" 200 4817 "https://takumi-nakayama.github.io/hougen-task/sub-task/s-task16.html" "Mozilla/5.0 (Macintosh; Intel Mac OS X 10_6_8) AppleWebKit/537.36 (KHTML, like Gecko) Chrome/49.0.2623.112 Safari/537.36"
61.211.142.58 - - [21/May/2021:11:01:00 +0900] "GET /js/jquery-1.11.1.min.js HTTP/1.1" 200 33810 "https://crowd4u.org/view/1560/Ask_Evaluation?worker_id=16" "Mozilla/5.0 (Macintosh; Intel Mac OS X 10_6_8) AppleWebKit/537.36 (KHTML, like Gecko) Chrome/49.0.2623.112 Safari/537.36"
61.211.142.58 - - [21/May/2021:11:01:01 +0900] "GET /assets/ico/favicon.ico HTTP/1.1" 302 799 "https://crowd4u.org/view/1560/Ask_Evaluation?worker_id=16" "Mozilla/5.0 (Macintosh; Intel Mac OS X 10_6_8) AppleWebKit/537.36 (KHTML, like Gecko) Chrome/49.0.2623.112 Safari/537.36"
61.211.142.58 - - [21/May/2021:11:01:01 +0900] "GET /ja/assets/ico/favicon.ico HTTP/1.1" 404 8967 "https://crowd4u.org/view/1560/Ask_Evaluation?worker_id=16" "Mozilla/5.0 (Macintosh; Intel Mac OS X 10_6_8) AppleWebKit/537.36 (KHTML, like Gecko) Chrome/49.0.2623.112 Safari/537.36"
119.228.175.43 - - [21/May/2021:11:01:02 +0900] "POST /event/galaxy_YCS_56?_task_id=4269193 HTTP/1.1" 303 2954 "https://crowd4u.org/view/1560/Ask_Evaluation?worker_id=11" "Mozilla/5.0 (Windows NT 6.3; WOW64; Trident/7.0; rv:11.0) like Gecko"
119.228.175.43 - - [21/May/2021:11:01:02 +0900] "GET /view/1560/Ask_Evaluation?worker_id=11 HTTP/1.1" 200 2927 "https://crowd4u.org/view/1560/Ask_Evaluation?worker_id=11" "Mozilla/5.0 (Windows NT 6.3; WOW64; Trident/7.0; rv:11.0) like Gecko"
119.228.175.43 - - [21/May/2021:11:01:02 +0900] "GET /assets/ico/favicon.ico HTTP/1.1" 302 2938 "-" "Mozilla/5.0 (Windows NT 6.3; Win64; x64; Trident/7.0; rv:11.0) like Gecko"
119.228.175.43 - - [21/May/2021:11:01:02 +0900] "GET /en/assets/ico/favicon.ico HTTP/1.1" 404 9071 "-" "Mozilla/5.0 (Windows NT 6.3; Win64; x64; Trident/7.0; rv:11.0) like Gecko"
119.228.175.43 - - [21/May/2021:11:01:02 +0900] "GET /favicon.ico HTTP/1.1" 302 2922 "-" "Mozilla/5.0 (Windows NT 6.3; Win64; x64; Trident/7.0; rv:11.0) like Gecko"
111.239.158.198 - - [21/May/2021:11:01:02 +0900] "POST /event/galaxy_YCS_56?_task_id=4268956 HTTP/1.1" 303 972 "https://crowd4u.org/view/1560/Ask_Evaluation?worker_id=13" "Mozilla/5.0 (iPad; CPU OS 12_5_3 like Mac OS X) AppleWebKit/605.1.15 (KHTML, like Gecko) Version/12.1.2 Mobile/15E148 Safari/604.1"
119.228.175.43 - - [21/May/2021:11:01:02 +0900] "GET /en/favicon.ico HTTP/1.1" 404 8575 "-" "Mozilla/5.0 (Windows NT 6.3; Win64; x64; Trident/7.0; rv:11.0) like Gecko"
111.239.158.198 - - [21/May/2021:11:01:03 +0900] "GET /view/1560/Ask_Evaluation?worker_id=13 HTTP/1.1" 200 2792 "https://crowd4u.org/view/1560/Ask_Evaluation?worker_id=13" "Mozilla/5.0 (iPad; CPU OS 12_5_3 like Mac OS X) AppleWebKit/605.1.15 (KHTML, like Gecko) Version/12.1.2 Mobile/15E148 Safari/604.1"
60.67.201.248 - - [21/May/2021:11:01:03 +0900] "POST /event/galaxy_YCS_56?_task_id=4269042 HTTP/1.1" 303 972 "https://crowd4u.org/view/1560/Ask_Evaluation?worker_id=12" "Mozilla/5.0 (Windows NT 10.0; Win64; x64) AppleWebKit/537.36 (KHTML, like Gecko) Chrome/90.0.4430.212 Safari/537.36"
60.67.201.248 - - [21/May/2021:11:01:03 +0900] "GET /view/1560/Ask_Evaluation?worker_id=12 HTTP/1.1" 200 2794 "https://crowd4u.org/view/1560/Ask_Evaluation?worker_id=12" "Mozilla/5.0 (Windows NT 10.0; Win64; x64) AppleWebKit/537.36 (KHTML, like Gecko) Chrome/90.0.4430.212 Safari/537.36"
111.239.157.94 - - [21/May/2021:11:01:03 +0900] "GET /view/1560/Ask_Evaluation?worker_id=7 HTTP/1.1" 200 4819 "https://takumi-nakayama.github.io/" "Mozilla/5.0 (Windows NT 10.0; Win64; x64) AppleWebKit/537.36 (KHTML, like Gecko) Chrome/90.0.4430.212 Safari/537.36"
111.239.157.94 - - [21/May/2021:11:01:03 +0900] "GET /js/jquery-1.11.1.min.js HTTP/1.1" 200 33810 "https://crowd4u.org/view/1560/Ask_Evaluation?worker_id=7" "Mozilla/5.0 (Windows NT 10.0; Win64; x64) AppleWebKit/537.36 (KHTML, like Gecko) Chrome/90.0.4430.212 Safari/537.36"
126.2.165.238 - - [21/May/2021:11:01:03 +0900] "POST /event/galaxy_YCS_56?_task_id=4269153 HTTP/1.1" 303 971 "https://crowd4u.org/view/1560/Ask_Evaluation?worker_id=6" "Mozilla/5.0 (Windows NT 10.0; Win64; x64; rv:88.0) Gecko/20100101 Firefox/88.0"
126.2.165.238 - - [21/May/2021:11:01:04 +0900] "GET /view/1560/Ask_Evaluation?worker_id=6 HTTP/1.1" 200 2791 "https://crowd4u.org/view/1560/Ask_Evaluation?worker_id=6" "Mozilla/5.0 (Windows NT 10.0; Win64; x64; rv:88.0) Gecko/20100101 Firefox/88.0"
126.2.165.238 - - [21/May/2021:11:01:04 +0900] "GET /ja/assets/ico/apple-touch-icon-144-precomposed.png HTTP/1.1" 404 10086 "https://crowd4u.org/view/1560/Ask_Evaluation?worker_id=6" "Mozilla/5.0 (Windows NT 10.0; Win64; x64; rv:88.0) Gecko/20100101 Firefox/88.0"
111.239.157.94 - - [21/May/2021:11:01:04 +0900] "GET /assets/ico/favicon.ico HTTP/1.1" 302 799 "https://crowd4u.org/view/1560/Ask_Evaluation?worker_id=7" "Mozilla/5.0 (Windows NT 10.0; Win64; x64) AppleWebKit/537.36 (KHTML, like Gecko) Chrome/90.0.4430.212 Safari/537.36"
126.95.99.93 - - [21/May/2021:11:01:04 +0900] "POST /event/galaxy_YCS_56?_task_id=4268961 HTTP/1.1" 303 971 "https://crowd4u.org/view/1560/Ask_Evaluation?worker_id=1" "Mozilla/5.0 (Windows NT 10.0; Win64; x64) AppleWebKit/537.36 (KHTML, like Gecko) Chrome/90.0.4430.212 Safari/537.36"
111.239.157.94 - - [21/May/2021:11:01:04 +0900] "GET /ja/assets/ico/favicon.ico HTTP/1.1" 404 8967 "https://crowd4u.org/view/1560/Ask_Evaluation?worker_id=7" "Mozilla/5.0 (Windows NT 10.0; Win64; x64) AppleWebKit/537.36 (KHTML, like Gecko) Chrome/90.0.4430.212 Safari/537.36"
126.95.99.93 - - [21/May/2021:11:01:04 +0900] "GET /view/1560/Ask_Evaluation?worker_id=1 HTTP/1.1" 200 2788 "https://crowd4u.org/view/1560/Ask_Evaluation?worker_id=1" "Mozilla/5.0 (Windows NT 10.0; Win64; x64) AppleWebKit/537.36 (KHTML, like Gecko) Chrome/90.0.4430.212 Safari/537.36"
180.145.212.204 - - [21/May/2021:11:01:05 +0900] "POST /event/galaxy_YCS_56?_task_id=4269110 HTTP/1.1" 303 972 "https://crowd4u.org/view/1560/Ask_Evaluation?worker_id=10" "Mozilla/5.0 (Windows NT 10.0; Win64; x64) AppleWebKit/537.36 (KHTML, like Gecko) Chrome/90.0.4430.212 Safari/537.36"
180.145.212.204 - - [21/May/2021:11:01:06 +0900] "GET /view/1560/Ask_Evaluation?worker_id=10 HTTP/1.1" 200 2792 "https://crowd4u.org/view/1560/Ask_Evaluation?worker_id=10" "Mozilla/5.0 (Windows NT 10.0; Win64; x64) AppleWebKit/537.36 (KHTML, like Gecko) Chrome/90.0.4430.212 Safari/537.36"
202.179.53.172 - - [21/May/2021:11:01:06 +0900] "POST /event/galaxy_YCS_56?_task_id=4269051 HTTP/1.1" 303 971 "https://crowd4u.org/view/1560/Ask_Evaluation?worker_id=8" "Mozilla/5.0 (Macintosh; Intel Mac OS X 10_11_6) AppleWebKit/605.1.15 (KHTML, like Gecko) Version/11.1.2 Safari/605.1.15"
202.179.53.172 - - [21/May/2021:11:01:06 +0900] "GET /view/1560/Ask_Evaluation?worker_id=8 HTTP/1.1" 200 2792 "https://crowd4u.org/view/1560/Ask_Evaluation?worker_id=8" "Mozilla/5.0 (Macintosh; Intel Mac OS X 10_11_6) AppleWebKit/605.1.15 (KHTML, like Gecko) Version/11.1.2 Safari/605.1.15"
61.211.142.58 - - [21/May/2021:11:01:08 +0900] "POST /event/galaxy_YCS_56?_task_id=4269029 HTTP/1.1" 303 972 "https://crowd4u.org/view/1560/Ask_Evaluation?worker_id=16" "Mozilla/5.0 (Macintosh; Intel Mac OS X 10_6_8) AppleWebKit/537.36 (KHTML, like Gecko) Chrome/49.0.2623.112 Safari/537.36"
61.211.142.58 - - [21/May/2021:11:01:08 +0900] "GET /view/1560/Ask_Evaluation?worker_id=16 HTTP/1.1" 200 2793 "https://crowd4u.org/view/1560/Ask_Evaluation?worker_id=16" "Mozilla/5.0 (Macintosh; Intel Mac OS X 10_6_8) AppleWebKit/537.36 (KHTML, like Gecko) Chrome/49.0.2623.112 Safari/537.36"
60.67.201.248 - - [21/May/2021:11:01:09 +0900] "POST /event/galaxy_YCS_56?_task_id=4269046 HTTP/1.1" 303 972 "https://crowd4u.org/view/1560/Ask_Evaluation?worker_id=12" "Mozilla/5.0 (Windows NT 10.0; Win64; x64) AppleWebKit/537.36 (KHTML, like Gecko) Chrome/90.0.4430.212 Safari/537.36"
60.67.201.248 - - [21/May/2021:11:01:09 +0900] "GET /view/1560/Ask_Evaluation?worker_id=12 HTTP/1.1" 200 2793 "https://crowd4u.org/view/1560/Ask_Evaluation?worker_id=12" "Mozilla/5.0 (Windows NT 10.0; Win64; x64) AppleWebKit/537.36 (KHTML, like Gecko) Chrome/90.0.4430.212 Safari/537.36"
126.2.165.238 - - [21/May/2021:11:01:09 +0900] "POST /event/galaxy_YCS_56?_task_id=4269157 HTTP/1.1" 303 971 "https://crowd4u.org/view/1560/Ask_Evaluation?worker_id=6" "Mozilla/5.0 (Windows NT 10.0; Win64; x64; rv:88.0) Gecko/20100101 Firefox/88.0"
126.2.165.238 - - [21/May/2021:11:01:09 +0900] "GET /view/1560/Ask_Evaluation?worker_id=6 HTTP/1.1" 200 2792 "https://crowd4u.org/view/1560/Ask_Evaluation?worker_id=6" "Mozilla/5.0 (Windows NT 10.0; Win64; x64; rv:88.0) Gecko/20100101 Firefox/88.0"
119.228.175.43 - - [21/May/2021:11:01:09 +0900] "POST /event/galaxy_YCS_56?_task_id=4269197 HTTP/1.1" 303 2954 "https://crowd4u.org/view/1560/Ask_Evaluation?worker_id=11" "Mozilla/5.0 (Windows NT 6.3; WOW64; Trident/7.0; rv:11.0) like Gecko"
119.228.175.43 - - [21/May/2021:11:01:09 +0900] "GET /view/1560/Ask_Evaluation?worker_id=11 HTTP/1.1" 200 2927 "https://crowd4u.org/view/1560/Ask_Evaluation?worker_id=11" "Mozilla/5.0 (Windows NT 6.3; WOW64; Trident/7.0; rv:11.0) like Gecko"
126.2.165.238 - - [21/May/2021:11:01:10 +0900] "GET /ja/assets/ico/apple-touch-icon-144-precomposed.png HTTP/1.1" 404 10086 "https://crowd4u.org/view/1560/Ask_Evaluation?worker_id=6" "Mozilla/5.0 (Windows NT 10.0; Win64; x64; rv:88.0) Gecko/20100101 Firefox/88.0"
119.228.175.43 - - [21/May/2021:11:01:10 +0900] "GET /assets/ico/favicon.ico HTTP/1.1" 302 2938 "-" "Mozilla/5.0 (Windows NT 6.3; Win64; x64; Trident/7.0; rv:11.0) like Gecko"
119.228.175.43 - - [21/May/2021:11:01:10 +0900] "GET /en/assets/ico/favicon.ico HTTP/1.1" 404 9071 "-" "Mozilla/5.0 (Windows NT 6.3; Win64; x64; Trident/7.0; rv:11.0) like Gecko"
119.228.175.43 - - [21/May/2021:11:01:10 +0900] "GET /favicon.ico HTTP/1.1" 302 2922 "-" "Mozilla/5.0 (Windows NT 6.3; Win64; x64; Trident/7.0; rv:11.0) like Gecko"
119.228.175.43 - - [21/May/2021:11:01:10 +0900] "GET /en/favicon.ico HTTP/1.1" 404 8575 "-" "Mozilla/5.0 (Windows NT 6.3; Win64; x64; Trident/7.0; rv:11.0) like Gecko"
126.95.99.93 - - [21/May/2021:11:01:11 +0900] "POST /event/galaxy_YCS_56?_task_id=4268965 HTTP/1.1" 303 971 "https://crowd4u.org/view/1560/Ask_Evaluation?worker_id=1" "Mozilla/5.0 (Windows NT 10.0; Win64; x64) AppleWebKit/537.36 (KHTML, like Gecko) Chrome/90.0.4430.212 Safari/537.36"
126.95.99.93 - - [21/May/2021:11:01:11 +0900] "GET /view/1560/Ask_Evaluation?worker_id=1 HTTP/1.1" 200 2788 "https://crowd4u.org/view/1560/Ask_Evaluation?worker_id=1" "Mozilla/5.0 (Windows NT 10.0; Win64; x64) AppleWebKit/537.36 (KHTML, like Gecko) Chrome/90.0.4430.212 Safari/537.36"
34.222.4.216 - - [21/May/2021:11:01:11 +0900] "GET /script/api.js?requester=199&length=10&_cache=1621561766 HTTP/1.1" 200 8505 "-" "Mozilla/5.0 (Windows NT 6.1; Win64; x64) AppleWebKit/537.36 (KHTML, like Gecko) Chrome/72.0.3626.109 Safari/537.36"
202.179.53.172 - - [21/May/2021:11:01:12 +0900] "POST /event/galaxy_YCS_56?_task_id=4269055 HTTP/1.1" 303 956 "https://crowd4u.org/view/1560/Ask_Evaluation?worker_id=8" "Mozilla/5.0 (Macintosh; Intel Mac OS X 10_11_6) AppleWebKit/605.1.15 (KHTML, like Gecko) Version/11.1.2 Safari/605.1.15"
202.179.53.172 - - [21/May/2021:11:01:12 +0900] "GET /view/1560/Ask_Evaluation?worker_id=8 HTTP/1.1" 200 2792 "https://crowd4u.org/view/1560/Ask_Evaluation?worker_id=8" "Mozilla/5.0 (Macintosh; Intel Mac OS X 10_11_6) AppleWebKit/605.1.15 (KHTML, like Gecko) Version/11.1.2 Safari/605.1.15"
61.211.142.58 - - [21/May/2021:11:01:12 +0900] "POST /event/galaxy_YCS_56?_task_id=4269033 HTTP/1.1" 303 819 "https://crowd4u.org/view/1560/Ask_Evaluation?worker_id=16" "Mozilla/5.0 (Macintosh; Intel Mac OS X 10_6_8) AppleWebKit/537.36 (KHTML, like Gecko) Chrome/49.0.2623.112 Safari/537.36"
61.211.142.58 - - [21/May/2021:11:01:12 +0900] "GET /view/1560/Ask_Evaluation?worker_id=16 HTTP/1.1" 200 2795 "https://crowd4u.org/view/1560/Ask_Evaluation?worker_id=16" "Mozilla/5.0 (Macintosh; Intel Mac OS X 10_6_8) AppleWebKit/537.36 (KHTML, like Gecko) Chrome/49.0.2623.112 Safari/537.36"
27.253.251.244 - - [21/May/2021:11:01:14 +0900] "POST /event/galaxy_YCS_56?_task_id=4269191 HTTP/1.1" 303 971 "https://crowd4u.org/view/1560/Ask_Evaluation?worker_id=3" "Mozilla/5.0 (Windows NT 10.0; Win64; x64) AppleWebKit/537.36 (KHTML, like Gecko) Chrome/90.0.4430.212 Safari/537.36"
27.253.251.244 - - [21/May/2021:11:01:14 +0900] "GET /view/1560/Ask_Evaluation?worker_id=3 HTTP/1.1" 200 2793 "https://crowd4u.org/view/1560/Ask_Evaluation?worker_id=3" "Mozilla/5.0 (Windows NT 10.0; Win64; x64) AppleWebKit/537.36 (KHTML, like Gecko) Chrome/90.0.4430.212 Safari/537.36"
111.239.157.94 - - [21/May/2021:11:01:15 +0900] "POST /event/galaxy_YCS_56?_task_id=4269190 HTTP/1.1" 303 2848 "https://crowd4u.org/view/1560/Ask_Evaluation?worker_id=7" "Mozilla/5.0 (Windows NT 10.0; Win64; x64) AppleWebKit/537.36 (KHTML, like Gecko) Chrome/90.0.4430.212 Safari/537.36"
111.239.157.94 - - [21/May/2021:11:01:16 +0900] "GET /view/1560/Ask_Evaluation?worker_id=7 HTTP/1.1" 200 2793 "https://crowd4u.org/view/1560/Ask_Evaluation?worker_id=7" "Mozilla/5.0 (Windows NT 10.0; Win64; x64) AppleWebKit/537.36 (KHTML, like Gecko) Chrome/90.0.4430.212 Safari/537.36"
133.51.2.19 - - [21/May/2021:11:01:16 +0900] "GET /ja/cylog_projects/1560/owner HTTP/1.1" 200 11469 "https://crowd4u.org/ja/admin/cylog_projects" "Mozilla/5.0 (Windows NT 10.0; Win64; x64) AppleWebKit/537.36 (KHTML, like Gecko) Chrome/90.0.4430.212 Safari/537.36"
133.51.2.19 - - [21/May/2021:11:01:16 +0900] "GET /script/task_loader.js?requester=-2&length=10 HTTP/1.1" 200 1584 "https://crowd4u.org/ja/cylog_projects/1560/owner" "Mozilla/5.0 (Windows NT 10.0; Win64; x64) AppleWebKit/537.36 (KHTML, like Gecko) Chrome/90.0.4430.212 Safari/537.36"
133.51.2.19 - - [21/May/2021:11:01:16 +0900] "GET /js/api/include.js?requester=-2&length=10&_cache=1621562476 HTTP/1.1" 200 1442 "https://crowd4u.org/ja/cylog_projects/1560/owner" "Mozilla/5.0 (Windows NT 10.0; Win64; x64) AppleWebKit/537.36 (KHTML, like Gecko) Chrome/90.0.4430.212 Safari/537.36"
133.51.2.19 - - [21/May/2021:11:01:16 +0900] "GET /images/favicon.ico HTTP/1.1" 200 4248 "https://crowd4u.org/ja/cylog_projects/1560/owner" "Mozilla/5.0 (Windows NT 10.0; Win64; x64) AppleWebKit/537.36 (KHTML, like Gecko) Chrome/90.0.4430.212 Safari/537.36"
133.51.2.19 - - [21/May/2021:11:01:16 +0900] "GET /js/api/jquery.form.js?requester=-2&length=10&_cache=1621562476 HTTP/1.1" 200 11701 "https://crowd4u.org/ja/cylog_projects/1560/owner" "Mozilla/5.0 (Windows NT 10.0; Win64; x64) AppleWebKit/537.36 (KHTML, like Gecko) Chrome/90.0.4430.212 Safari/537.36"
133.51.2.19 - - [21/May/2021:11:01:16 +0900] "GET /js/api/jquery-ui.js?requester=-2&length=10&_cache=1621562476 HTTP/1.1" 200 20393 "https://crowd4u.org/ja/cylog_projects/1560/owner" "Mozilla/5.0 (Windows NT 10.0; Win64; x64) AppleWebKit/537.36 (KHTML, like Gecko) Chrome/90.0.4430.212 Safari/537.36"
133.51.2.19 - - [21/May/2021:11:01:16 +0900] "GET /js/api/xdr.js?requester=-2&length=10&_cache=1621562476 HTTP/1.1" 200 930 "https://crowd4u.org/ja/cylog_projects/1560/owner" "Mozilla/5.0 (Windows NT 10.0; Win64; x64) AppleWebKit/537.36 (KHTML, like Gecko) Chrome/90.0.4430.212 Safari/537.36"
61.211.142.58 - - [21/May/2021:11:01:16 +0900] "POST /event/galaxy_YCS_56?_task_id=4269037 HTTP/1.1" 303 819 "https://crowd4u.org/view/1560/Ask_Evaluation?worker_id=16" "Mozilla/5.0 (Macintosh; Intel Mac OS X 10_6_8) AppleWebKit/537.36 (KHTML, like Gecko) Chrome/49.0.2623.112 Safari/537.36"
133.51.2.19 - - [21/May/2021:11:01:16 +0900] "GET /script/api.js?requester=-2&length=10&_cache=1621562476 HTTP/1.1" 200 8940 "https://crowd4u.org/ja/cylog_projects/1560/owner" "Mozilla/5.0 (Windows NT 10.0; Win64; x64) AppleWebKit/537.36 (KHTML, like Gecko) Chrome/90.0.4430.212 Safari/537.36"
61.211.142.58 - - [21/May/2021:11:01:16 +0900] "GET /view/1560/Ask_Evaluation?worker_id=16 HTTP/1.1" 200 2792 "https://crowd4u.org/view/1560/Ask_Evaluation?worker_id=16" "Mozilla/5.0 (Macintosh; Intel Mac OS X 10_6_8) AppleWebKit/537.36 (KHTML, like Gecko) Chrome/49.0.2623.112 Safari/537.36"
111.239.158.198 - - [21/May/2021:11:01:17 +0900] "POST /event/galaxy_YCS_56?_task_id=4268960 HTTP/1.1" 303 972 "https://crowd4u.org/view/1560/Ask_Evaluation?worker_id=13" "Mozilla/5.0 (iPad; CPU OS 12_5_3 like Mac OS X) AppleWebKit/605.1.15 (KHTML, like Gecko) Version/12.1.2 Mobile/15E148 Safari/604.1"
111.239.158.198 - - [21/May/2021:11:01:17 +0900] "GET /view/1560/Ask_Evaluation?worker_id=13 HTTP/1.1" 200 2790 "https://crowd4u.org/view/1560/Ask_Evaluation?worker_id=13" "Mozilla/5.0 (iPad; CPU OS 12_5_3 like Mac OS X) AppleWebKit/605.1.15 (KHTML, like Gecko) Version/12.1.2 Mobile/15E148 Safari/604.1"
180.145.212.204 - - [21/May/2021:11:01:18 +0900] "POST /event/galaxy_YCS_56?_task_id=4269114 HTTP/1.1" 303 972 "https://crowd4u.org/view/1560/Ask_Evaluation?worker_id=10" "Mozilla/5.0 (Windows NT 10.0; Win64; x64) AppleWebKit/537.36 (KHTML, like Gecko) Chrome/90.0.4430.212 Safari/537.36"
180.145.212.204 - - [21/May/2021:11:01:18 +0900] "GET /view/1560/Ask_Evaluation?worker_id=10 HTTP/1.1" 200 2793 "https://crowd4u.org/view/1560/Ask_Evaluation?worker_id=10" "Mozilla/5.0 (Windows NT 10.0; Win64; x64) AppleWebKit/537.36 (KHTML, like Gecko) Chrome/90.0.4430.212 Safari/537.36"
126.2.165.238 - - [21/May/2021:11:01:19 +0900] "POST /event/galaxy_YCS_56?_task_id=4269161 HTTP/1.1" 303 971 "https://crowd4u.org/view/1560/Ask_Evaluation?worker_id=6" "Mozilla/5.0 (Windows NT 10.0; Win64; x64; rv:88.0) Gecko/20100101 Firefox/88.0"
202.179.53.172 - - [21/May/2021:11:01:19 +0900] "POST /event/galaxy_YCS_56?_task_id=4269059 HTTP/1.1" 303 956 "https://crowd4u.org/view/1560/Ask_Evaluation?worker_id=8" "Mozilla/5.0 (Macintosh; Intel Mac OS X 10_11_6) AppleWebKit/605.1.15 (KHTML, like Gecko) Version/11.1.2 Safari/605.1.15"
126.2.165.238 - - [21/May/2021:11:01:19 +0900] "GET /view/1560/Ask_Evaluation?worker_id=6 HTTP/1.1" 200 2791 "https://crowd4u.org/view/1560/Ask_Evaluation?worker_id=6" "Mozilla/5.0 (Windows NT 10.0; Win64; x64; rv:88.0) Gecko/20100101 Firefox/88.0"
202.179.53.172 - - [21/May/2021:11:01:19 +0900] "GET /view/1560/Ask_Evaluation?worker_id=8 HTTP/1.1" 200 2789 "https://crowd4u.org/view/1560/Ask_Evaluation?worker_id=8" "Mozilla/5.0 (Macintosh; Intel Mac OS X 10_11_6) AppleWebKit/605.1.15 (KHTML, like Gecko) Version/11.1.2 Safari/605.1.15"
126.2.165.238 - - [21/May/2021:11:01:19 +0900] "GET /ja/assets/ico/apple-touch-icon-144-precomposed.png HTTP/1.1" 404 10086 "https://crowd4u.org/view/1560/Ask_Evaluation?worker_id=6" "Mozilla/5.0 (Windows NT 10.0; Win64; x64; rv:88.0) Gecko/20100101 Firefox/88.0"
60.67.201.248 - - [21/May/2021:11:01:19 +0900] "POST /event/galaxy_YCS_56?_task_id=4269050 HTTP/1.1" 303 972 "https://crowd4u.org/view/1560/Ask_Evaluation?worker_id=12" "Mozilla/5.0 (Windows NT 10.0; Win64; x64) AppleWebKit/537.36 (KHTML, like Gecko) Chrome/90.0.4430.212 Safari/537.36"
60.67.201.248 - - [21/May/2021:11:01:19 +0900] "GET /view/1560/Ask_Evaluation?worker_id=12 HTTP/1.1" 200 2791 "https://crowd4u.org/view/1560/Ask_Evaluation?worker_id=12" "Mozilla/5.0 (Windows NT 10.0; Win64; x64) AppleWebKit/537.36 (KHTML, like Gecko) Chrome/90.0.4430.212 Safari/537.36"
182.158.226.3 - - [21/May/2021:11:01:23 +0900] "GET /api/group_achievement_rate?_=1621559521033 HTTP/1.1" 200 1129 "https://crowd4u.org/en/projects" "Mozilla/5.0 (Macintosh; Intel Mac OS X 10_15_7) AppleWebKit/537.36 (KHTML, like Gecko) Chrome/90.0.4430.212 Safari/537.36"
119.228.175.43 - - [21/May/2021:11:01:24 +0900] "POST /event/galaxy_YCS_56?_task_id=4269201 HTTP/1.1" 303 2954 "https://crowd4u.org/view/1560/Ask_Evaluation?worker_id=11" "Mozilla/5.0 (Windows NT 6.3; WOW64; Trident/7.0; rv:11.0) like Gecko"
119.228.175.43 - - [21/May/2021:11:01:24 +0900] "GET /view/1560/Ask_Evaluation?worker_id=11 HTTP/1.1" 200 2927 "https://crowd4u.org/view/1560/Ask_Evaluation?worker_id=11" "Mozilla/5.0 (Windows NT 6.3; WOW64; Trident/7.0; rv:11.0) like Gecko"
111.239.158.198 - - [21/May/2021:11:01:24 +0900] "POST /event/galaxy_YCS_56?_task_id=4268964 HTTP/1.1" 303 972 "https://crowd4u.org/view/1560/Ask_Evaluation?worker_id=13" "Mozilla/5.0 (iPad; CPU OS 12_5_3 like Mac OS X) AppleWebKit/605.1.15 (KHTML, like Gecko) Version/12.1.2 Mobile/15E148 Safari/604.1"
111.239.158.198 - - [21/May/2021:11:01:24 +0900] "GET /view/1560/Ask_Evaluation?worker_id=13 HTTP/1.1" 200 2793 "https://crowd4u.org/view/1560/Ask_Evaluation?worker_id=13" "Mozilla/5.0 (iPad; CPU OS 12_5_3 like Mac OS X) AppleWebKit/605.1.15 (KHTML, like Gecko) Version/12.1.2 Mobile/15E148 Safari/604.1"
111.239.157.94 - - [21/May/2021:11:01:24 +0900] "POST /event/galaxy_YCS_56?_task_id=4269194 HTTP/1.1" 303 971 "https://crowd4u.org/view/1560/Ask_Evaluation?worker_id=7" "Mozilla/5.0 (Windows NT 10.0; Win64; x64) AppleWebKit/537.36 (KHTML, like Gecko) Chrome/90.0.4430.212 Safari/537.36"
119.228.175.43 - - [21/May/2021:11:01:24 +0900] "GET /assets/ico/favicon.ico HTTP/1.1" 302 2938 "-" "Mozilla/5.0 (Windows NT 6.3; Win64; x64; Trident/7.0; rv:11.0) like Gecko"
111.239.157.94 - - [21/May/2021:11:01:24 +0900] "GET /view/1560/Ask_Evaluation?worker_id=7 HTTP/1.1" 200 2792 "https://crowd4u.org/view/1560/Ask_Evaluation?worker_id=7" "Mozilla/5.0 (Windows NT 10.0; Win64; x64) AppleWebKit/537.36 (KHTML, like Gecko) Chrome/90.0.4430.212 Safari/537.36"
119.228.175.43 - - [21/May/2021:11:01:24 +0900] "GET /en/assets/ico/favicon.ico HTTP/1.1" 404 9071 "-" "Mozilla/5.0 (Windows NT 6.3; Win64; x64; Trident/7.0; rv:11.0) like Gecko"
119.228.175.43 - - [21/May/2021:11:01:24 +0900] "GET /favicon.ico HTTP/1.1" 302 2922 "-" "Mozilla/5.0 (Windows NT 6.3; Win64; x64; Trident/7.0; rv:11.0) like Gecko"
119.228.175.43 - - [21/May/2021:11:01:24 +0900] "GET /en/favicon.ico HTTP/1.1" 404 8591 "-" "Mozilla/5.0 (Windows NT 6.3; Win64; x64; Trident/7.0; rv:11.0) like Gecko"
126.2.165.238 - - [21/May/2021:11:01:24 +0900] "POST /event/galaxy_YCS_56?_task_id=4269165 HTTP/1.1" 303 971 "https://crowd4u.org/view/1560/Ask_Evaluation?worker_id=6" "Mozilla/5.0 (Windows NT 10.0; Win64; x64; rv:88.0) Gecko/20100101 Firefox/88.0"
126.2.165.238 - - [21/May/2021:11:01:24 +0900] "GET /view/1560/Ask_Evaluation?worker_id=6 HTTP/1.1" 200 2792 "https://crowd4u.org/view/1560/Ask_Evaluation?worker_id=6" "Mozilla/5.0 (Windows NT 10.0; Win64; x64; rv:88.0) Gecko/20100101 Firefox/88.0"
126.2.165.238 - - [21/May/2021:11:01:25 +0900] "GET /assets/ico/apple-touch-icon-144-precomposed.png HTTP/1.1" 302 843 "https://crowd4u.org/view/1560/Ask_Evaluation?worker_id=6" "Mozilla/5.0 (Windows NT 10.0; Win64; x64; rv:88.0) Gecko/20100101 Firefox/88.0"
61.211.142.58 - - [21/May/2021:11:01:27 +0900] "POST /event/galaxy_YCS_56?_task_id=4269041 HTTP/1.1" 303 972 "https://crowd4u.org/view/1560/Ask_Evaluation?worker_id=16" "Mozilla/5.0 (Macintosh; Intel Mac OS X 10_6_8) AppleWebKit/537.36 (KHTML, like Gecko) Chrome/49.0.2623.112 Safari/537.36"
61.211.142.58 - - [21/May/2021:11:01:27 +0900] "GET /view/1560/Ask_Evaluation?worker_id=16 HTTP/1.1" 200 2792 "https://crowd4u.org/view/1560/Ask_Evaluation?worker_id=16" "Mozilla/5.0 (Macintosh; Intel Mac OS X 10_6_8) AppleWebKit/537.36 (KHTML, like Gecko) Chrome/49.0.2623.112 Safari/537.36"
202.179.53.172 - - [21/May/2021:11:01:27 +0900] "POST /event/galaxy_YCS_56?_task_id=4269063 HTTP/1.1" 303 956 "https://crowd4u.org/view/1560/Ask_Evaluation?worker_id=8" "Mozilla/5.0 (Macintosh; Intel Mac OS X 10_11_6) AppleWebKit/605.1.15 (KHTML, like Gecko) Version/11.1.2 Safari/605.1.15"
202.179.53.172 - - [21/May/2021:11:01:28 +0900] "GET /view/1560/Ask_Evaluation?worker_id=8 HTTP/1.1" 200 2792 "https://crowd4u.org/view/1560/Ask_Evaluation?worker_id=8" "Mozilla/5.0 (Macintosh; Intel Mac OS X 10_11_6) AppleWebKit/605.1.15 (KHTML, like Gecko) Version/11.1.2 Safari/605.1.15"
