111.239.158.198 - - [21/May/2021:11:03:14 +0900] "GET /view/1560/Ask_Evaluation?worker_id=13 HTTP/1.1" 200 2791 "https://crowd4u.org/view/1560/Ask_Evaluation?worker_id=13" "Mozilla/5.0 (iPad; CPU OS 12_5_3 like Mac OS X) AppleWebKit/605.1.15 (KHTML, like Gecko) Version/12.1.2 Mobile/15E148 Safari/604.1"
35.164.155.147 - - [21/May/2021:11:03:14 +0900] "GET /js/api/require-jquery.js HTTP/1.1" 200 348834 "-" "Mozilla/5.0 (Windows NT 6.1; Win64; x64) AppleWebKit/537.36 (KHTML, like Gecko) Chrome/72.0.3626.109 Safari/537.36"
119.228.175.43 - - [21/May/2021:11:03:15 +0900] "POST /event/galaxy_YCS_56?_task_id=4269257 HTTP/1.1" 303 2954 "https://crowd4u.org/view/1560/Ask_Evaluation?worker_id=11" "Mozilla/5.0 (Windows NT 6.3; WOW64; Trident/7.0; rv:11.0) like Gecko"
119.228.175.43 - - [21/May/2021:11:03:15 +0900] "GET /view/1560/Ask_Evaluation?worker_id=11 HTTP/1.1" 200 2927 "https://crowd4u.org/view/1560/Ask_Evaluation?worker_id=11" "Mozilla/5.0 (Windows NT 6.3; WOW64; Trident/7.0; rv:11.0) like Gecko"
119.228.175.43 - - [21/May/2021:11:03:15 +0900] "GET /assets/ico/favicon.ico HTTP/1.1" 302 2938 "-" "Mozilla/5.0 (Windows NT 6.3; Win64; x64; Trident/7.0; rv:11.0) like Gecko"
119.228.175.43 - - [21/May/2021:11:03:15 +0900] "GET /en/assets/ico/favicon.ico HTTP/1.1" 404 9071 "-" "Mozilla/5.0 (Windows NT 6.3; Win64; x64; Trident/7.0; rv:11.0) like Gecko"
119.228.175.43 - - [21/May/2021:11:03:15 +0900] "GET /favicon.ico HTTP/1.1" 302 2922 "-" "Mozilla/5.0 (Windows NT 6.3; Win64; x64; Trident/7.0; rv:11.0) like Gecko"
119.228.175.43 - - [21/May/2021:11:03:15 +0900] "GET /en/favicon.ico HTTP/1.1" 404 8591 "-" "Mozilla/5.0 (Windows NT 6.3; Win64; x64; Trident/7.0; rv:11.0) like Gecko"
111.239.157.94 - - [21/May/2021:11:03:17 +0900] "POST /event/galaxy_YCS_56?_task_id=4269250 HTTP/1.1" 303 971 "https://crowd4u.org/view/1560/Ask_Evaluation?worker_id=7" "Mozilla/5.0 (Windows NT 10.0; Win64; x64) AppleWebKit/537.36 (KHTML, like Gecko) Chrome/90.0.4430.212 Safari/537.36"
60.67.201.248 - - [21/May/2021:11:03:17 +0900] "POST /event/galaxy_YCS_56?_task_id=4269102 HTTP/1.1" 303 972 "https://crowd4u.org/view/1560/Ask_Evaluation?worker_id=12" "Mozilla/5.0 (Windows NT 10.0; Win64; x64) AppleWebKit/537.36 (KHTML, like Gecko) Chrome/90.0.4430.212 Safari/537.36"
60.67.201.248 - - [21/May/2021:11:03:17 +0900] "GET /view/1560/Ask_Evaluation?worker_id=12 HTTP/1.1" 200 2790 "https://crowd4u.org/view/1560/Ask_Evaluation?worker_id=12" "Mozilla/5.0 (Windows NT 10.0; Win64; x64) AppleWebKit/537.36 (KHTML, like Gecko) Chrome/90.0.4430.212 Safari/537.36"
111.239.157.94 - - [21/May/2021:11:03:17 +0900] "GET /view/1560/Ask_Evaluation?worker_id=7 HTTP/1.1" 200 2791 "https://crowd4u.org/view/1560/Ask_Evaluation?worker_id=7" "Mozilla/5.0 (Windows NT 10.0; Win64; x64) AppleWebKit/537.36 (KHTML, like Gecko) Chrome/90.0.4430.212 Safari/537.36"
111.239.158.198 - - [21/May/2021:11:03:18 +0900] "POST /event/galaxy_YCS_56?_task_id=4269024 HTTP/1.1" 303 819 "https://crowd4u.org/view/1560/Ask_Evaluation?worker_id=13" "Mozilla/5.0 (iPad; CPU OS 12_5_3 like Mac OS X) AppleWebKit/605.1.15 (KHTML, like Gecko) Version/12.1.2 Mobile/15E148 Safari/604.1"
111.239.158.198 - - [21/May/2021:11:03:18 +0900] "GET /view/1560/Ask_Evaluation?worker_id=13 HTTP/1.1" 200 2793 "https://crowd4u.org/view/1560/Ask_Evaluation?worker_id=13" "Mozilla/5.0 (iPad; CPU OS 12_5_3 like Mac OS X) AppleWebKit/605.1.15 (KHTML, like Gecko) Version/12.1.2 Mobile/15E148 Safari/604.1"
126.95.99.93 - - [21/May/2021:11:03:19 +0900] "GET /view/1565/Ask_Evaluation?worker_id=1 HTTP/1.1" 200 3149 "https://takumi-nakayama.github.io/" "Mozilla/5.0 (Windows NT 10.0; Win64; x64) AppleWebKit/537.36 (KHTML, like Gecko) Chrome/90.0.4430.212 Safari/537.36"
119.228.175.43 - - [21/May/2021:11:03:20 +0900] "POST /event/galaxy_YCS_56?_task_id=4269261 HTTP/1.1" 303 869 "https://crowd4u.org/view/1560/Ask_Evaluation?worker_id=11" "Mozilla/5.0 (Windows NT 6.3; WOW64; Trident/7.0; rv:11.0) like Gecko"
119.228.175.43 - - [21/May/2021:11:03:20 +0900] "GET /view/1560/Ask_Evaluation?worker_id=11 HTTP/1.1" 200 2927 "https://crowd4u.org/view/1560/Ask_Evaluation?worker_id=11" "Mozilla/5.0 (Windows NT 6.3; WOW64; Trident/7.0; rv:11.0) like Gecko"
119.228.175.43 - - [21/May/2021:11:03:20 +0900] "GET /assets/ico/favicon.ico HTTP/1.1" 302 2938 "-" "Mozilla/5.0 (Windows NT 6.3; Win64; x64; Trident/7.0; rv:11.0) like Gecko"
119.228.175.43 - - [21/May/2021:11:03:20 +0900] "GET /en/assets/ico/favicon.ico HTTP/1.1" 404 9071 "-" "Mozilla/5.0 (Windows NT 6.3; Win64; x64; Trident/7.0; rv:11.0) like Gecko"
119.228.175.43 - - [21/May/2021:11:03:20 +0900] "GET /favicon.ico HTTP/1.1" 302 2922 "-" "Mozilla/5.0 (Windows NT 6.3; Win64; x64; Trident/7.0; rv:11.0) like Gecko"
119.228.175.43 - - [21/May/2021:11:03:20 +0900] "GET /en/favicon.ico HTTP/1.1" 404 8575 "-" "Mozilla/5.0 (Windows NT 6.3; Win64; x64; Trident/7.0; rv:11.0) like Gecko"
202.179.53.172 - - [21/May/2021:11:03:20 +0900] "GET /view/1560/Ask_Evaluation?worker_id=8 HTTP/1.1" 200 3150 "https://takumi-nakayama.github.io/hougen-task/sub-task/s-task8.html" "Mozilla/5.0 (Macintosh; Intel Mac OS X 10_11_6) AppleWebKit/605.1.15 (KHTML, like Gecko) Version/11.1.2 Safari/605.1.15"
111.239.157.94 - - [21/May/2021:11:03:22 +0900] "POST /event/galaxy_YCS_56?_task_id=4269254 HTTP/1.1" 303 818 "https://crowd4u.org/view/1560/Ask_Evaluation?worker_id=7" "Mozilla/5.0 (Windows NT 10.0; Win64; x64) AppleWebKit/537.36 (KHTML, like Gecko) Chrome/90.0.4430.212 Safari/537.36"
111.239.157.94 - - [21/May/2021:11:03:22 +0900] "GET /view/1560/Ask_Evaluation?worker_id=7 HTTP/1.1" 200 2791 "https://crowd4u.org/view/1560/Ask_Evaluation?worker_id=7" "Mozilla/5.0 (Windows NT 10.0; Win64; x64) AppleWebKit/537.36 (KHTML, like Gecko) Chrome/90.0.4430.212 Safari/537.36"
60.67.201.248 - - [21/May/2021:11:03:22 +0900] "POST /event/galaxy_YCS_56?_task_id=4269106 HTTP/1.1" 303 819 "https://crowd4u.org/view/1560/Ask_Evaluation?worker_id=12" "Mozilla/5.0 (Windows NT 10.0; Win64; x64) AppleWebKit/537.36 (KHTML, like Gecko) Chrome/90.0.4430.212 Safari/537.36"
60.67.201.248 - - [21/May/2021:11:03:22 +0900] "GET /view/1560/Ask_Evaluation?worker_id=12 HTTP/1.1" 200 2997 "https://crowd4u.org/view/1560/Ask_Evaluation?worker_id=12" "Mozilla/5.0 (Windows NT 10.0; Win64; x64) AppleWebKit/537.36 (KHTML, like Gecko) Chrome/90.0.4430.212 Safari/537.36"
111.239.158.198 - - [21/May/2021:11:03:22 +0900] "POST /event/galaxy_YCS_56?_task_id=4269028 HTTP/1.1" 303 819 "https://crowd4u.org/view/1560/Ask_Evaluation?worker_id=13" "Mozilla/5.0 (iPad; CPU OS 12_5_3 like Mac OS X) AppleWebKit/605.1.15 (KHTML, like Gecko) Version/12.1.2 Mobile/15E148 Safari/604.1"
60.67.201.248 - - [21/May/2021:11:03:22 +0900] "GET /css/crowd4u.css?date=20141127 HTTP/1.1" 200 2411 "https://crowd4u.org/view/1560/Ask_Evaluation?worker_id=12" "Mozilla/5.0 (Windows NT 10.0; Win64; x64) AppleWebKit/537.36 (KHTML, like Gecko) Chrome/90.0.4430.212 Safari/537.36"
60.67.201.248 - - [21/May/2021:11:03:22 +0900] "GET /css/bootstrap-modal.css HTTP/1.1" 200 1436 "https://crowd4u.org/view/1560/Ask_Evaluation?worker_id=12" "Mozilla/5.0 (Windows NT 10.0; Win64; x64) AppleWebKit/537.36 (KHTML, like Gecko) Chrome/90.0.4430.212 Safari/537.36"
60.67.201.248 - - [21/May/2021:11:03:22 +0900] "GET /css/sp.css HTTP/1.1" 200 1127 "https://crowd4u.org/view/1560/Ask_Evaluation?worker_id=12" "Mozilla/5.0 (Windows NT 10.0; Win64; x64) AppleWebKit/537.36 (KHTML, like Gecko) Chrome/90.0.4430.212 Safari/537.36"
60.67.201.248 - - [21/May/2021:11:03:22 +0900] "GET /js/jquery.js HTTP/1.1" 200 33725 "https://crowd4u.org/view/1560/Ask_Evaluation?worker_id=12" "Mozilla/5.0 (Windows NT 10.0; Win64; x64) AppleWebKit/537.36 (KHTML, like Gecko) Chrome/90.0.4430.212 Safari/537.36"
60.67.201.248 - - [21/May/2021:11:03:22 +0900] "GET /js/bootstrap-modal.js HTTP/1.1" 200 2597 "https://crowd4u.org/view/1560/Ask_Evaluation?worker_id=12" "Mozilla/5.0 (Windows NT 10.0; Win64; x64) AppleWebKit/537.36 (KHTML, like Gecko) Chrome/90.0.4430.212 Safari/537.36"
60.67.201.248 - - [21/May/2021:11:03:22 +0900] "GET /js/scrollsmooth.js HTTP/1.1" 200 798 "https://crowd4u.org/view/1560/Ask_Evaluation?worker_id=12" "Mozilla/5.0 (Windows NT 10.0; Win64; x64) AppleWebKit/537.36 (KHTML, like Gecko) Chrome/90.0.4430.212 Safari/537.36"
60.67.201.248 - - [21/May/2021:11:03:22 +0900] "GET /js/scrolltopcontrol.js HTTP/1.1" 200 2225 "https://crowd4u.org/view/1560/Ask_Evaluation?worker_id=12" "Mozilla/5.0 (Windows NT 10.0; Win64; x64) AppleWebKit/537.36 (KHTML, like Gecko) Chrome/90.0.4430.212 Safari/537.36"
60.67.201.248 - - [21/May/2021:11:03:22 +0900] "GET /img/c4u_logo.png HTTP/1.1" 200 5506 "https://crowd4u.org/view/1560/Ask_Evaluation?worker_id=12" "Mozilla/5.0 (Windows NT 10.0; Win64; x64) AppleWebKit/537.36 (KHTML, like Gecko) Chrome/90.0.4430.212 Safari/537.36"
60.67.201.248 - - [21/May/2021:11:03:22 +0900] "GET /img/icon3w.png HTTP/1.1" 200 2919 "https://crowd4u.org/view/1560/Ask_Evaluation?worker_id=12" "Mozilla/5.0 (Windows NT 10.0; Win64; x64) AppleWebKit/537.36 (KHTML, like Gecko) Chrome/90.0.4430.212 Safari/537.36"
111.239.158.198 - - [21/May/2021:11:03:22 +0900] "GET /view/1560/Ask_Evaluation?worker_id=13 HTTP/1.1" 200 2997 "https://crowd4u.org/view/1560/Ask_Evaluation?worker_id=13" "Mozilla/5.0 (iPad; CPU OS 12_5_3 like Mac OS X) AppleWebKit/605.1.15 (KHTML, like Gecko) Version/12.1.2 Mobile/15E148 Safari/604.1"
60.67.201.248 - - [21/May/2021:11:03:22 +0900] "GET /img/icon7w.png HTTP/1.1" 200 3743 "https://crowd4u.org/view/1560/Ask_Evaluation?worker_id=12" "Mozilla/5.0 (Windows NT 10.0; Win64; x64) AppleWebKit/537.36 (KHTML, like Gecko) Chrome/90.0.4430.212 Safari/537.36"
60.67.201.248 - - [21/May/2021:11:03:22 +0900] "GET /img/icon1w.png HTTP/1.1" 200 3375 "https://crowd4u.org/view/1560/Ask_Evaluation?worker_id=12" "Mozilla/5.0 (Windows NT 10.0; Win64; x64) AppleWebKit/537.36 (KHTML, like Gecko) Chrome/90.0.4430.212 Safari/537.36"
60.67.201.248 - - [21/May/2021:11:03:22 +0900] "GET /img/icon5w.png HTTP/1.1" 200 4607 "https://crowd4u.org/view/1560/Ask_Evaluation?worker_id=12" "Mozilla/5.0 (Windows NT 10.0; Win64; x64) AppleWebKit/537.36 (KHTML, like Gecko) Chrome/90.0.4430.212 Safari/537.36"
60.67.201.248 - - [21/May/2021:11:03:22 +0900] "GET /img/google_play1.png HTTP/1.1" 200 7673 "https://crowd4u.org/view/1560/Ask_Evaluation?worker_id=12" "Mozilla/5.0 (Windows NT 10.0; Win64; x64) AppleWebKit/537.36 (KHTML, like Gecko) Chrome/90.0.4430.212 Safari/537.36"
60.67.201.248 - - [21/May/2021:11:03:22 +0900] "GET /img/title30.png?date=20141127 HTTP/1.1" 200 1310 "https://crowd4u.org/css/crowd4u.css?date=20141127" "Mozilla/5.0 (Windows NT 10.0; Win64; x64) AppleWebKit/537.36 (KHTML, like Gecko) Chrome/90.0.4430.212 Safari/537.36"
60.67.201.248 - - [21/May/2021:11:03:22 +0900] "GET /img/up.png HTTP/1.1" 200 1746 "https://crowd4u.org/view/1560/Ask_Evaluation?worker_id=12" "Mozilla/5.0 (Windows NT 10.0; Win64; x64) AppleWebKit/537.36 (KHTML, like Gecko) Chrome/90.0.4430.212 Safari/537.36"
111.239.158.198 - - [21/May/2021:11:03:22 +0900] "GET /css/crowd4u.css?date=20141127 HTTP/1.1" 200 2411 "https://crowd4u.org/view/1560/Ask_Evaluation?worker_id=13" "Mozilla/5.0 (iPad; CPU OS 12_5_3 like Mac OS X) AppleWebKit/605.1.15 (KHTML, like Gecko) Version/12.1.2 Mobile/15E148 Safari/604.1"
60.67.201.248 - - [21/May/2021:11:03:22 +0900] "GET /img/favicon.ico HTTP/1.1" 200 1508 "https://crowd4u.org/view/1560/Ask_Evaluation?worker_id=12" "Mozilla/5.0 (Windows NT 10.0; Win64; x64) AppleWebKit/537.36 (KHTML, like Gecko) Chrome/90.0.4430.212 Safari/537.36"
111.239.158.198 - - [21/May/2021:11:03:22 +0900] "GET /js/scrollsmooth.js HTTP/1.1" 200 645 "https://crowd4u.org/view/1560/Ask_Evaluation?worker_id=13" "Mozilla/5.0 (iPad; CPU OS 12_5_3 like Mac OS X) AppleWebKit/605.1.15 (KHTML, like Gecko) Version/12.1.2 Mobile/15E148 Safari/604.1"
111.239.158.198 - - [21/May/2021:11:03:22 +0900] "GET /css/bootstrap-modal.css HTTP/1.1" 200 1421 "https://crowd4u.org/view/1560/Ask_Evaluation?worker_id=13" "Mozilla/5.0 (iPad; CPU OS 12_5_3 like Mac OS X) AppleWebKit/605.1.15 (KHTML, like Gecko) Version/12.1.2 Mobile/15E148 Safari/604.1"
111.239.158.198 - - [21/May/2021:11:03:22 +0900] "GET /js/scrolltopcontrol.js HTTP/1.1" 200 2072 "https://crowd4u.org/view/1560/Ask_Evaluation?worker_id=13" "Mozilla/5.0 (iPad; CPU OS 12_5_3 like Mac OS X) AppleWebKit/605.1.15 (KHTML, like Gecko) Version/12.1.2 Mobile/15E148 Safari/604.1"
111.239.158.198 - - [21/May/2021:11:03:22 +0900] "GET /css/sp.css HTTP/1.1" 200 1265 "https://crowd4u.org/view/1560/Ask_Evaluation?worker_id=13" "Mozilla/5.0 (iPad; CPU OS 12_5_3 like Mac OS X) AppleWebKit/605.1.15 (KHTML, like Gecko) Version/12.1.2 Mobile/15E148 Safari/604.1"
111.239.158.198 - - [21/May/2021:11:03:22 +0900] "GET /js/bootstrap-modal.js HTTP/1.1" 200 2582 "https://crowd4u.org/view/1560/Ask_Evaluation?worker_id=13" "Mozilla/5.0 (iPad; CPU OS 12_5_3 like Mac OS X) AppleWebKit/605.1.15 (KHTML, like Gecko) Version/12.1.2 Mobile/15E148 Safari/604.1"
111.239.158.198 - - [21/May/2021:11:03:23 +0900] "GET /img/icon1w.png HTTP/1.1" 200 3375 "https://crowd4u.org/view/1560/Ask_Evaluation?worker_id=13" "Mozilla/5.0 (iPad; CPU OS 12_5_3 like Mac OS X) AppleWebKit/605.1.15 (KHTML, like Gecko) Version/12.1.2 Mobile/15E148 Safari/604.1"
111.239.158.198 - - [21/May/2021:11:03:23 +0900] "GET /img/icon3w.png HTTP/1.1" 200 2919 "https://crowd4u.org/view/1560/Ask_Evaluation?worker_id=13" "Mozilla/5.0 (iPad; CPU OS 12_5_3 like Mac OS X) AppleWebKit/605.1.15 (KHTML, like Gecko) Version/12.1.2 Mobile/15E148 Safari/604.1"
111.239.158.198 - - [21/May/2021:11:03:23 +0900] "GET /img/google_play1.png HTTP/1.1" 200 7673 "https://crowd4u.org/view/1560/Ask_Evaluation?worker_id=13" "Mozilla/5.0 (iPad; CPU OS 12_5_3 like Mac OS X) AppleWebKit/605.1.15 (KHTML, like Gecko) Version/12.1.2 Mobile/15E148 Safari/604.1"
111.239.158.198 - - [21/May/2021:11:03:23 +0900] "GET /img/icon5w.png HTTP/1.1" 200 4607 "https://crowd4u.org/view/1560/Ask_Evaluation?worker_id=13" "Mozilla/5.0 (iPad; CPU OS 12_5_3 like Mac OS X) AppleWebKit/605.1.15 (KHTML, like Gecko) Version/12.1.2 Mobile/15E148 Safari/604.1"
111.239.158.198 - - [21/May/2021:11:03:23 +0900] "GET /img/title30.png?date=20141127 HTTP/1.1" 200 1310 "https://crowd4u.org/view/1560/Ask_Evaluation?worker_id=13" "Mozilla/5.0 (iPad; CPU OS 12_5_3 like Mac OS X) AppleWebKit/605.1.15 (KHTML, like Gecko) Version/12.1.2 Mobile/15E148 Safari/604.1"
111.239.158.198 - - [21/May/2021:11:03:23 +0900] "GET /css/crowd4u.css?date=20141127 HTTP/1.1" 200 2411 "https://crowd4u.org/view/1560/Ask_Evaluation?worker_id=13" "Mozilla/5.0 (iPad; CPU OS 12_5_3 like Mac OS X) AppleWebKit/605.1.15 (KHTML, like Gecko) Version/12.1.2 Mobile/15E148 Safari/604.1"
111.239.158.198 - - [21/May/2021:11:03:23 +0900] "GET /img/up.png HTTP/1.1" 200 1746 "https://crowd4u.org/view/1560/Ask_Evaluation?worker_id=13" "Mozilla/5.0 (iPad; CPU OS 12_5_3 like Mac OS X) AppleWebKit/605.1.15 (KHTML, like Gecko) Version/12.1.2 Mobile/15E148 Safari/604.1"
119.228.175.43 - - [21/May/2021:11:03:31 +0900] "POST /event/galaxy_YCS_56?_task_id=4269265 HTTP/1.1" 303 2954 "https://crowd4u.org/view/1560/Ask_Evaluation?worker_id=11" "Mozilla/5.0 (Windows NT 6.3; WOW64; Trident/7.0; rv:11.0) like Gecko"
119.228.175.43 - - [21/May/2021:11:03:31 +0900] "GET /view/1560/Ask_Evaluation?worker_id=11 HTTP/1.1" 200 3188 "https://crowd4u.org/view/1560/Ask_Evaluation?worker_id=11" "Mozilla/5.0 (Windows NT 6.3; WOW64; Trident/7.0; rv:11.0) like Gecko"
111.239.157.94 - - [21/May/2021:11:03:32 +0900] "POST /event/galaxy_YCS_56?_task_id=4269258 HTTP/1.1" 303 971 "https://crowd4u.org/view/1560/Ask_Evaluation?worker_id=7" "Mozilla/5.0 (Windows NT 10.0; Win64; x64) AppleWebKit/537.36 (KHTML, like Gecko) Chrome/90.0.4430.212 Safari/537.36"
111.239.157.94 - - [21/May/2021:11:03:32 +0900] "GET /view/1560/Ask_Evaluation?worker_id=7 HTTP/1.1" 200 2790 "https://crowd4u.org/view/1560/Ask_Evaluation?worker_id=7" "Mozilla/5.0 (Windows NT 10.0; Win64; x64) AppleWebKit/537.36 (KHTML, like Gecko) Chrome/90.0.4430.212 Safari/537.36"
111.239.158.198 - - [21/May/2021:11:03:32 +0900] "GET /view/1560/Ask_Evaluation?worker_id=13 HTTP/1.1" 200 4813 "-" "Mozilla/5.0 (iPad; CPU OS 12_5_3 like Mac OS X) AppleWebKit/605.1.15 (KHTML, like Gecko) Version/12.1.2 Mobile/15E148 Safari/604.1"
35.167.74.139 - - [21/May/2021:11:03:32 +0900] "GET /js/api/jquery.form.js?requester=199&length=10&_cache=1621560799 HTTP/1.1" 200 39835 "-" "Mozilla/5.0 (Windows NT 6.1; Win64; x64) AppleWebKit/537.36 (KHTML, like Gecko) Chrome/72.0.3626.109 Safari/537.36"
111.239.158.198 - - [21/May/2021:11:03:32 +0900] "GET /apple-touch-icon-152x152-precomposed.png HTTP/1.1" 302 2652 "-" "MobileSafari/604.1 CFNetwork/978.0.7 Darwin/18.7.0"
111.239.158.198 - - [21/May/2021:11:03:33 +0900] "GET /ja/apple-touch-icon-152x152-precomposed.png HTTP/1.1" 404 9759 "-" "MobileSafari/604.1 CFNetwork/978.0.7 Darwin/18.7.0"
111.239.158.198 - - [21/May/2021:11:03:33 +0900] "GET /apple-touch-icon-152x152.png HTTP/1.1" 302 805 "-" "MobileSafari/604.1 CFNetwork/978.0.7 Darwin/18.7.0"
111.239.158.198 - - [21/May/2021:11:03:33 +0900] "GET /ja/apple-touch-icon-152x152.png HTTP/1.1" 404 9231 "-" "MobileSafari/604.1 CFNetwork/978.0.7 Darwin/18.7.0"
111.239.158.198 - - [21/May/2021:11:03:33 +0900] "GET /img/for_fc_4u.png HTTP/1.1" 200 6438 "-" "MobileSafari/604.1 CFNetwork/978.0.7 Darwin/18.7.0"
180.145.212.204 - - [21/May/2021:11:03:33 +0900] "POST /event/galaxy_YCS_56?_task_id=4269146 HTTP/1.1" 303 972 "https://crowd4u.org/view/1560/Ask_Evaluation?worker_id=10" "Mozilla/5.0 (Windows NT 10.0; Win64; x64) AppleWebKit/537.36 (KHTML, like Gecko) Chrome/90.0.4430.212 Safari/537.36"
180.145.212.204 - - [21/May/2021:11:03:33 +0900] "GET /view/1560/Ask_Evaluation?worker_id=10 HTTP/1.1" 200 2791 "https://crowd4u.org/view/1560/Ask_Evaluation?worker_id=10" "Mozilla/5.0 (Windows NT 10.0; Win64; x64) AppleWebKit/537.36 (KHTML, like Gecko) Chrome/90.0.4430.212 Safari/537.36"
34.214.50.123 - - [21/May/2021:11:03:34 +0900] "GET /js/api/include.js?requester=199&length=10&_cache=1621561712 HTTP/1.1" 200 1085 "-" "Mozilla/5.0 (Windows NT 6.1; Win64; x64) AppleWebKit/537.36 (KHTML, like Gecko) Chrome/72.0.3626.109 Safari/537.36"
27.253.251.244 - - [21/May/2021:11:03:34 +0900] "POST /event/galaxy_YCS_56?_task_id=4269235 HTTP/1.1" 303 971 "https://crowd4u.org/view/1560/Ask_Evaluation?worker_id=3" "Mozilla/5.0 (Windows NT 10.0; Win64; x64) AppleWebKit/537.36 (KHTML, like Gecko) Chrome/90.0.4430.212 Safari/537.36"
60.67.201.248 - - [21/May/2021:11:03:35 +0900] "GET /view/1560/Ask_Evaluation?worker_id=12 HTTP/1.1" 200 3150 "https://takumi-nakayama.github.io/" "Mozilla/5.0 (Windows NT 10.0; Win64; x64) AppleWebKit/537.36 (KHTML, like Gecko) Chrome/90.0.4430.212 Safari/537.36"
27.253.251.244 - - [21/May/2021:11:03:35 +0900] "GET /view/1560/Ask_Evaluation?worker_id=3 HTTP/1.1" 200 2790 "https://crowd4u.org/view/1560/Ask_Evaluation?worker_id=3" "Mozilla/5.0 (Windows NT 10.0; Win64; x64) AppleWebKit/537.36 (KHTML, like Gecko) Chrome/90.0.4430.212 Safari/537.36"
111.239.157.94 - - [21/May/2021:11:03:37 +0900] "POST /event/galaxy_YCS_56?_task_id=4269262 HTTP/1.1" 303 971 "https://crowd4u.org/view/1560/Ask_Evaluation?worker_id=7" "Mozilla/5.0 (Windows NT 10.0; Win64; x64) AppleWebKit/537.36 (KHTML, like Gecko) Chrome/90.0.4430.212 Safari/537.36"
111.239.157.94 - - [21/May/2021:11:03:37 +0900] "GET /view/1560/Ask_Evaluation?worker_id=7 HTTP/1.1" 200 2789 "https://crowd4u.org/view/1560/Ask_Evaluation?worker_id=7" "Mozilla/5.0 (Windows NT 10.0; Win64; x64) AppleWebKit/537.36 (KHTML, like Gecko) Chrome/90.0.4430.212 Safari/537.36"
52.36.255.119 - - [21/May/2021:11:03:38 +0900] "GET /event/LCrowd_UniCat_v2?_task_id=4256385 HTTP/1.1" 404 8761 "-" "Mozilla/5.0 (Windows NT 6.1; Win64; x64) AppleWebKit/537.36 (KHTML, like Gecko) Chrome/72.0.3626.109 Safari/537.36"
130.158.28.81 - - [21/May/2021:11:03:39 +0900] "GET /img/banner/crowd4u_ja_182x47.png HTTP/1.1" 200 9062 "https://www.cc.tsukuba.ac.jp/wp/" "Mozilla/5.0 (Windows NT 10.0; WOW64; Trident/7.0; rv:11.0) like Gecko"
180.145.212.204 - - [21/May/2021:11:03:41 +0900] "POST /event/galaxy_YCS_56?_task_id=4269150 HTTP/1.1" 303 972 "https://crowd4u.org/view/1560/Ask_Evaluation?worker_id=10" "Mozilla/5.0 (Windows NT 10.0; Win64; x64) AppleWebKit/537.36 (KHTML, like Gecko) Chrome/90.0.4430.212 Safari/537.36"
180.145.212.204 - - [21/May/2021:11:03:41 +0900] "GET /view/1560/Ask_Evaluation?worker_id=10 HTTP/1.1" 200 2793 "https://crowd4u.org/view/1560/Ask_Evaluation?worker_id=10" "Mozilla/5.0 (Windows NT 10.0; Win64; x64) AppleWebKit/537.36 (KHTML, like Gecko) Chrome/90.0.4430.212 Safari/537.36"
111.239.157.94 - - [21/May/2021:11:03:42 +0900] "POST /event/galaxy_YCS_56?_task_id=4269266 HTTP/1.1" 303 818 "https://crowd4u.org/view/1560/Ask_Evaluation?worker_id=7" "Mozilla/5.0 (Windows NT 10.0; Win64; x64) AppleWebKit/537.36 (KHTML, like Gecko) Chrome/90.0.4430.212 Safari/537.36"
111.239.157.94 - - [21/May/2021:11:03:43 +0900] "GET /view/1560/Ask_Evaluation?worker_id=7 HTTP/1.1" 200 2997 "https://crowd4u.org/view/1560/Ask_Evaluation?worker_id=7" "Mozilla/5.0 (Windows NT 10.0; Win64; x64) AppleWebKit/537.36 (KHTML, like Gecko) Chrome/90.0.4430.212 Safari/537.36"
111.239.157.94 - - [21/May/2021:11:03:43 +0900] "GET /css/crowd4u.css?date=20141127 HTTP/1.1" 200 2411 "https://crowd4u.org/view/1560/Ask_Evaluation?worker_id=7" "Mozilla/5.0 (Windows NT 10.0; Win64; x64) AppleWebKit/537.36 (KHTML, like Gecko) Chrome/90.0.4430.212 Safari/537.36"
111.239.157.94 - - [21/May/2021:11:03:43 +0900] "GET /css/bootstrap-modal.css HTTP/1.1" 200 1436 "https://crowd4u.org/view/1560/Ask_Evaluation?worker_id=7" "Mozilla/5.0 (Windows NT 10.0; Win64; x64) AppleWebKit/537.36 (KHTML, like Gecko) Chrome/90.0.4430.212 Safari/537.36"
111.239.157.94 - - [21/May/2021:11:03:43 +0900] "GET /css/sp.css HTTP/1.1" 200 1127 "https://crowd4u.org/view/1560/Ask_Evaluation?worker_id=7" "Mozilla/5.0 (Windows NT 10.0; Win64; x64) AppleWebKit/537.36 (KHTML, like Gecko) Chrome/90.0.4430.212 Safari/537.36"
111.239.157.94 - - [21/May/2021:11:03:43 +0900] "GET /js/jquery.js HTTP/1.1" 200 33725 "https://crowd4u.org/view/1560/Ask_Evaluation?worker_id=7" "Mozilla/5.0 (Windows NT 10.0; Win64; x64) AppleWebKit/537.36 (KHTML, like Gecko) Chrome/90.0.4430.212 Safari/537.36"
111.239.157.94 - - [21/May/2021:11:03:43 +0900] "GET /js/bootstrap-modal.js HTTP/1.1" 200 2597 "https://crowd4u.org/view/1560/Ask_Evaluation?worker_id=7" "Mozilla/5.0 (Windows NT 10.0; Win64; x64) AppleWebKit/537.36 (KHTML, like Gecko) Chrome/90.0.4430.212 Safari/537.36"
111.239.157.94 - - [21/May/2021:11:03:43 +0900] "GET /js/scrollsmooth.js HTTP/1.1" 200 798 "https://crowd4u.org/view/1560/Ask_Evaluation?worker_id=7" "Mozilla/5.0 (Windows NT 10.0; Win64; x64) AppleWebKit/537.36 (KHTML, like Gecko) Chrome/90.0.4430.212 Safari/537.36"
111.239.157.94 - - [21/May/2021:11:03:43 +0900] "GET /js/scrolltopcontrol.js HTTP/1.1" 200 2225 "https://crowd4u.org/view/1560/Ask_Evaluation?worker_id=7" "Mozilla/5.0 (Windows NT 10.0; Win64; x64) AppleWebKit/537.36 (KHTML, like Gecko) Chrome/90.0.4430.212 Safari/537.36"
111.239.157.94 - - [21/May/2021:11:03:43 +0900] "GET /img/c4u_logo.png HTTP/1.1" 200 5506 "https://crowd4u.org/view/1560/Ask_Evaluation?worker_id=7" "Mozilla/5.0 (Windows NT 10.0; Win64; x64) AppleWebKit/537.36 (KHTML, like Gecko) Chrome/90.0.4430.212 Safari/537.36"
111.239.157.94 - - [21/May/2021:11:03:43 +0900] "GET /img/icon3w.png HTTP/1.1" 200 2919 "https://crowd4u.org/view/1560/Ask_Evaluation?worker_id=7" "Mozilla/5.0 (Windows NT 10.0; Win64; x64) AppleWebKit/537.36 (KHTML, like Gecko) Chrome/90.0.4430.212 Safari/537.36"
111.239.157.94 - - [21/May/2021:11:03:43 +0900] "GET /img/icon1w.png HTTP/1.1" 200 3375 "https://crowd4u.org/view/1560/Ask_Evaluation?worker_id=7" "Mozilla/5.0 (Windows NT 10.0; Win64; x64) AppleWebKit/537.36 (KHTML, like Gecko) Chrome/90.0.4430.212 Safari/537.36"
111.239.157.94 - - [21/May/2021:11:03:43 +0900] "GET /img/icon7w.png HTTP/1.1" 200 3743 "https://crowd4u.org/view/1560/Ask_Evaluation?worker_id=7" "Mozilla/5.0 (Windows NT 10.0; Win64; x64) AppleWebKit/537.36 (KHTML, like Gecko) Chrome/90.0.4430.212 Safari/537.36"
111.239.157.94 - - [21/May/2021:11:03:43 +0900] "GET /img/icon5w.png HTTP/1.1" 200 4607 "https://crowd4u.org/view/1560/Ask_Evaluation?worker_id=7" "Mozilla/5.0 (Windows NT 10.0; Win64; x64) AppleWebKit/537.36 (KHTML, like Gecko) Chrome/90.0.4430.212 Safari/537.36"
111.239.157.94 - - [21/May/2021:11:03:43 +0900] "GET /img/google_play1.png HTTP/1.1" 200 7826 "https://crowd4u.org/view/1560/Ask_Evaluation?worker_id=7" "Mozilla/5.0 (Windows NT 10.0; Win64; x64) AppleWebKit/537.36 (KHTML, like Gecko) Chrome/90.0.4430.212 Safari/537.36"
111.239.157.94 - - [21/May/2021:11:03:43 +0900] "GET /img/title30.png?date=20141127 HTTP/1.1" 200 1310 "https://crowd4u.org/css/crowd4u.css?date=20141127" "Mozilla/5.0 (Windows NT 10.0; Win64; x64) AppleWebKit/537.36 (KHTML, like Gecko) Chrome/90.0.4430.212 Safari/537.36"
111.239.157.94 - - [21/May/2021:11:03:43 +0900] "GET /img/up.png HTTP/1.1" 200 1746 "https://crowd4u.org/view/1560/Ask_Evaluation?worker_id=7" "Mozilla/5.0 (Windows NT 10.0; Win64; x64) AppleWebKit/537.36 (KHTML, like Gecko) Chrome/90.0.4430.212 Safari/537.36"
111.239.157.94 - - [21/May/2021:11:03:43 +0900] "GET /img/favicon.ico HTTP/1.1" 200 1508 "https://crowd4u.org/view/1560/Ask_Evaluation?worker_id=7" "Mozilla/5.0 (Windows NT 10.0; Win64; x64) AppleWebKit/537.36 (KHTML, like Gecko) Chrome/90.0.4430.212 Safari/537.36"
27.253.251.244 - - [21/May/2021:11:03:43 +0900] "POST /event/galaxy_YCS_56?_task_id=4269239 HTTP/1.1" 303 971 "https://crowd4u.org/view/1560/Ask_Evaluation?worker_id=3" "Mozilla/5.0 (Windows NT 10.0; Win64; x64) AppleWebKit/537.36 (KHTML, like Gecko) Chrome/90.0.4430.212 Safari/537.36"
27.253.251.244 - - [21/May/2021:11:03:44 +0900] "GET /view/1560/Ask_Evaluation?worker_id=3 HTTP/1.1" 200 2790 "https://crowd4u.org/view/1560/Ask_Evaluation?worker_id=3" "Mozilla/5.0 (Windows NT 10.0; Win64; x64) AppleWebKit/537.36 (KHTML, like Gecko) Chrome/90.0.4430.212 Safari/537.36"
133.51.2.19 - - [21/May/2021:11:03:46 +0900] "GET /api/group_achievement_rate?_=1621386625436 HTTP/1.1" 200 1132 "http://crowd4u.org/ja/projects" "Mozilla/5.0 (Windows NT 10.0; Win64; x64) AppleWebKit/537.36 (KHTML, like Gecko) Chrome/90.0.4430.212 Safari/537.36"
27.253.251.244 - - [21/May/2021:11:03:50 +0900] "POST /event/galaxy_YCS_56?_task_id=4269243 HTTP/1.1" 303 971 "https://crowd4u.org/view/1560/Ask_Evaluation?worker_id=3" "Mozilla/5.0 (Windows NT 10.0; Win64; x64) AppleWebKit/537.36 (KHTML, like Gecko) Chrome/90.0.4430.212 Safari/537.36"
27.253.251.244 - - [21/May/2021:11:03:51 +0900] "GET /view/1560/Ask_Evaluation?worker_id=3 HTTP/1.1" 200 2792 "https://crowd4u.org/view/1560/Ask_Evaluation?worker_id=3" "Mozilla/5.0 (Windows NT 10.0; Win64; x64) AppleWebKit/537.36 (KHTML, like Gecko) Chrome/90.0.4430.212 Safari/537.36"
180.145.212.204 - - [21/May/2021:11:03:52 +0900] "POST /event/galaxy_YCS_56?_task_id=4269154 HTTP/1.1" 303 972 "https://crowd4u.org/view/1560/Ask_Evaluation?worker_id=10" "Mozilla/5.0 (Windows NT 10.0; Win64; x64) AppleWebKit/537.36 (KHTML, like Gecko) Chrome/90.0.4430.212 Safari/537.36"
180.145.212.204 - - [21/May/2021:11:03:52 +0900] "GET /view/1560/Ask_Evaluation?worker_id=10 HTTP/1.1" 200 2793 "https://crowd4u.org/view/1560/Ask_Evaluation?worker_id=10" "Mozilla/5.0 (Windows NT 10.0; Win64; x64) AppleWebKit/537.36 (KHTML, like Gecko) Chrome/90.0.4430.212 Safari/537.36"
27.253.251.244 - - [21/May/2021:11:03:58 +0900] "POST /event/galaxy_YCS_56?_task_id=4269247 HTTP/1.1" 303 971 "https://crowd4u.org/view/1560/Ask_Evaluation?worker_id=3" "Mozilla/5.0 (Windows NT 10.0; Win64; x64) AppleWebKit/537.36 (KHTML, like Gecko) Chrome/90.0.4430.212 Safari/537.36"
27.253.251.244 - - [21/May/2021:11:03:58 +0900] "GET /view/1560/Ask_Evaluation?worker_id=3 HTTP/1.1" 200 2793 "https://crowd4u.org/view/1560/Ask_Evaluation?worker_id=3" "Mozilla/5.0 (Windows NT 10.0; Win64; x64) AppleWebKit/537.36 (KHTML, like Gecko) Chrome/90.0.4430.212 Safari/537.36"
180.145.212.204 - - [21/May/2021:11:04:03 +0900] "POST /event/galaxy_YCS_56?_task_id=4269158 HTTP/1.1" 303 972 "https://crowd4u.org/view/1560/Ask_Evaluation?worker_id=10" "Mozilla/5.0 (Windows NT 10.0; Win64; x64) AppleWebKit/537.36 (KHTML, like Gecko) Chrome/90.0.4430.212 Safari/537.36"
180.145.212.204 - - [21/May/2021:11:04:03 +0900] "GET /view/1560/Ask_Evaluation?worker_id=10 HTTP/1.1" 200 2794 "https://crowd4u.org/view/1560/Ask_Evaluation?worker_id=10" "Mozilla/5.0 (Windows NT 10.0; Win64; x64) AppleWebKit/537.36 (KHTML, like Gecko) Chrome/90.0.4430.212 Safari/537.36"
133.51.2.19 - - [21/May/2021:11:04:05 +0900] "GET /ja/cylog_projects/1560/owner/tables/Evaluation HTTP/1.1" 200 14594 "https://crowd4u.org/ja/cylog_projects/1560/owner" "Mozilla/5.0 (Windows NT 10.0; Win64; x64) AppleWebKit/537.36 (KHTML, like Gecko) Chrome/90.0.4430.212 Safari/537.36"
133.51.2.19 - - [21/May/2021:11:04:05 +0900] "GET /script/task_loader.js?requester=-2&length=10 HTTP/1.1" 200 1584 "https://crowd4u.org/ja/cylog_projects/1560/owner/tables/Evaluation" "Mozilla/5.0 (Windows NT 10.0; Win64; x64) AppleWebKit/537.36 (KHTML, like Gecko) Chrome/90.0.4430.212 Safari/537.36"
133.51.2.19 - - [21/May/2021:11:04:05 +0900] "GET /js/api/include.js?requester=-2&length=10&_cache=1621562645 HTTP/1.1" 200 1442 "https://crowd4u.org/ja/cylog_projects/1560/owner/tables/Evaluation" "Mozilla/5.0 (Windows NT 10.0; Win64; x64) AppleWebKit/537.36 (KHTML, like Gecko) Chrome/90.0.4430.212 Safari/537.36"
133.51.2.19 - - [21/May/2021:11:04:05 +0900] "GET /images/favicon.ico HTTP/1.1" 200 4248 "https://crowd4u.org/ja/cylog_projects/1560/owner/tables/Evaluation" "Mozilla/5.0 (Windows NT 10.0; Win64; x64) AppleWebKit/537.36 (KHTML, like Gecko) Chrome/90.0.4430.212 Safari/537.36"
133.51.2.19 - - [21/May/2021:11:04:05 +0900] "GET /js/api/jquery-ui.js?requester=-2&length=10&_cache=1621562645 HTTP/1.1" 200 20393 "https://crowd4u.org/ja/cylog_projects/1560/owner/tables/Evaluation" "Mozilla/5.0 (Windows NT 10.0; Win64; x64) AppleWebKit/537.36 (KHTML, like Gecko) Chrome/90.0.4430.212 Safari/537.36"
133.51.2.19 - - [21/May/2021:11:04:05 +0900] "GET /js/api/jquery.form.js?requester=-2&length=10&_cache=1621562645 HTTP/1.1" 200 11701 "https://crowd4u.org/ja/cylog_projects/1560/owner/tables/Evaluation" "Mozilla/5.0 (Windows NT 10.0; Win64; x64) AppleWebKit/537.36 (KHTML, like Gecko) Chrome/90.0.4430.212 Safari/537.36"
133.51.2.19 - - [21/May/2021:11:04:05 +0900] "GET /js/api/xdr.js?requester=-2&length=10&_cache=1621562645 HTTP/1.1" 200 1083 "https://crowd4u.org/ja/cylog_projects/1560/owner/tables/Evaluation" "Mozilla/5.0 (Windows NT 10.0; Win64; x64) AppleWebKit/537.36 (KHTML, like Gecko) Chrome/90.0.4430.212 Safari/537.36"
133.51.2.19 - - [21/May/2021:11:04:05 +0900] "GET /script/api.js?requester=-2&length=10&_cache=1621562645 HTTP/1.1" 200 8940 "https://crowd4u.org/ja/cylog_projects/1560/owner/tables/Evaluation" "Mozilla/5.0 (Windows NT 10.0; Win64; x64) AppleWebKit/537.36 (KHTML, like Gecko) Chrome/90.0.4430.212 Safari/537.36"
27.253.251.244 - - [21/May/2021:11:04:06 +0900] "POST /event/galaxy_YCS_56?_task_id=4269251 HTTP/1.1" 303 971 "https://crowd4u.org/view/1560/Ask_Evaluation?worker_id=3" "Mozilla/5.0 (Windows NT 10.0; Win64; x64) AppleWebKit/537.36 (KHTML, like Gecko) Chrome/90.0.4430.212 Safari/537.36"
27.253.251.244 - - [21/May/2021:11:04:06 +0900] "GET /view/1560/Ask_Evaluation?worker_id=3 HTTP/1.1" 200 2791 "https://crowd4u.org/view/1560/Ask_Evaluation?worker_id=3" "Mozilla/5.0 (Windows NT 10.0; Win64; x64) AppleWebKit/537.36 (KHTML, like Gecko) Chrome/90.0.4430.212 Safari/537.36"
180.145.212.204 - - [21/May/2021:11:04:08 +0900] "POST /event/galaxy_YCS_56?_task_id=4269162 HTTP/1.1" 303 972 "https://crowd4u.org/view/1560/Ask_Evaluation?worker_id=10" "Mozilla/5.0 (Windows NT 10.0; Win64; x64) AppleWebKit/537.36 (KHTML, like Gecko) Chrome/90.0.4430.212 Safari/537.36"
180.145.212.204 - - [21/May/2021:11:04:08 +0900] "GET /view/1560/Ask_Evaluation?worker_id=10 HTTP/1.1" 200 2793 "https://crowd4u.org/view/1560/Ask_Evaluation?worker_id=10" "Mozilla/5.0 (Windows NT 10.0; Win64; x64) AppleWebKit/537.36 (KHTML, like Gecko) Chrome/90.0.4430.212 Safari/537.36"
27.253.251.244 - - [21/May/2021:11:04:11 +0900] "POST /event/galaxy_YCS_56?_task_id=4269255 HTTP/1.1" 303 818 "https://crowd4u.org/view/1560/Ask_Evaluation?worker_id=3" "Mozilla/5.0 (Windows NT 10.0; Win64; x64) AppleWebKit/537.36 (KHTML, like Gecko) Chrome/90.0.4430.212 Safari/537.36"
27.253.251.244 - - [21/May/2021:11:04:11 +0900] "GET /view/1560/Ask_Evaluation?worker_id=3 HTTP/1.1" 200 2788 "https://crowd4u.org/view/1560/Ask_Evaluation?worker_id=3" "Mozilla/5.0 (Windows NT 10.0; Win64; x64) AppleWebKit/537.36 (KHTML, like Gecko) Chrome/90.0.4430.212 Safari/537.36"
180.145.212.204 - - [21/May/2021:11:04:13 +0900] "POST /event/galaxy_YCS_56?_task_id=4269166 HTTP/1.1" 303 819 "https://crowd4u.org/view/1560/Ask_Evaluation?worker_id=10" "Mozilla/5.0 (Windows NT 10.0; Win64; x64) AppleWebKit/537.36 (KHTML, like Gecko) Chrome/90.0.4430.212 Safari/537.36"
180.145.212.204 - - [21/May/2021:11:04:13 +0900] "GET /view/1560/Ask_Evaluation?worker_id=10 HTTP/1.1" 200 2791 "https://crowd4u.org/view/1560/Ask_Evaluation?worker_id=10" "Mozilla/5.0 (Windows NT 10.0; Win64; x64) AppleWebKit/537.36 (KHTML, like Gecko) Chrome/90.0.4430.212 Safari/537.36"
34.220.169.196 - - [21/May/2021:11:04:15 +0900] "GET /js/api/jquery.form.js?requester=199&length=10&_cache=1621562054 HTTP/1.1" 200 39835 "-" "Mozilla/5.0 (Windows NT 6.1; Win64; x64) AppleWebKit/537.36 (KHTML, like Gecko) Chrome/72.0.3626.109 Safari/537.36"
27.253.251.244 - - [21/May/2021:11:04:16 +0900] "POST /event/galaxy_YCS_56?_task_id=4269259 HTTP/1.1" 303 971 "https://crowd4u.org/view/1560/Ask_Evaluation?worker_id=3" "Mozilla/5.0 (Windows NT 10.0; Win64; x64) AppleWebKit/537.36 (KHTML, like Gecko) Chrome/90.0.4430.212 Safari/537.36"
27.253.251.244 - - [21/May/2021:11:04:16 +0900] "GET /view/1560/Ask_Evaluation?worker_id=3 HTTP/1.1" 200 2787 "https://crowd4u.org/view/1560/Ask_Evaluation?worker_id=3" "Mozilla/5.0 (Windows NT 10.0; Win64; x64) AppleWebKit/537.36 (KHTML, like Gecko) Chrome/90.0.4430.212 Safari/537.36"
35.165.3.84 - - [21/May/2021:11:04:20 +0900] "GET /script/api.js?requester=199&length=10&_cache=1621561779 HTTP/1.1" 200 8505 "-" "Mozilla/5.0 (Windows NT 6.1; Win64; x64) AppleWebKit/537.36 (KHTML, like Gecko) Chrome/72.0.3626.109 Safari/537.36"
35.165.3.84 - - [21/May/2021:11:04:20 +0900] "GET /js/api/xdr.js?requester=199&length=10&_cache=1621561779 HTTP/1.1" 200 1878 "-" "Mozilla/5.0 (Windows NT 6.1; Win64; x64) AppleWebKit/537.36 (KHTML, like Gecko) Chrome/72.0.3626.109 Safari/537.36"
60.67.201.248 - - [21/May/2021:11:04:21 +0900] "GET /view/1560/Ask_Evaluation?worker_id=12 HTTP/1.1" 200 3150 "https://takumi-nakayama.github.io/" "Mozilla/5.0 (Windows NT 10.0; Win64; x64) AppleWebKit/537.36 (KHTML, like Gecko) Chrome/90.0.4430.212 Safari/537.36"
27.253.251.244 - - [21/May/2021:11:04:22 +0900] "POST /event/galaxy_YCS_56?_task_id=4269263 HTTP/1.1" 303 971 "https://crowd4u.org/view/1560/Ask_Evaluation?worker_id=3" "Mozilla/5.0 (Windows NT 10.0; Win64; x64) AppleWebKit/537.36 (KHTML, like Gecko) Chrome/90.0.4430.212 Safari/537.36"
27.253.251.244 - - [21/May/2021:11:04:22 +0900] "GET /view/1560/Ask_Evaluation?worker_id=3 HTTP/1.1" 200 2790 "https://crowd4u.org/view/1560/Ask_Evaluation?worker_id=3" "Mozilla/5.0 (Windows NT 10.0; Win64; x64) AppleWebKit/537.36 (KHTML, like Gecko) Chrome/90.0.4430.212 Safari/537.36"
121.81.120.165 - - [21/May/2021:11:04:25 +0900] "GET /view/1560/Ask_Evaluation?worker_id=4 HTTP/1.1" 200 4755 "-" "Mozilla/5.0 (Windows NT 6.1; Win64; x64) AppleWebKit/537.36 (KHTML, like Gecko) Chrome/90.0.4430.212 Safari/537.36"
121.81.120.165 - - [21/May/2021:11:04:25 +0900] "GET /js/jquery-1.11.1.min.js HTTP/1.1" 200 33810 "https://crowd4u.org/view/1560/Ask_Evaluation?worker_id=4" "Mozilla/5.0 (Windows NT 6.1; Win64; x64) AppleWebKit/537.36 (KHTML, like Gecko) Chrome/90.0.4430.212 Safari/537.36"
121.81.120.165 - - [21/May/2021:11:04:26 +0900] "GET /assets/ico/favicon.ico HTTP/1.1" 302 799 "https://crowd4u.org/view/1560/Ask_Evaluation?worker_id=4" "Mozilla/5.0 (Windows NT 6.1; Win64; x64) AppleWebKit/537.36 (KHTML, like Gecko) Chrome/90.0.4430.212 Safari/537.36"
121.81.120.165 - - [21/May/2021:11:04:26 +0900] "GET /ja/assets/ico/favicon.ico HTTP/1.1" 404 8967 "https://crowd4u.org/view/1560/Ask_Evaluation?worker_id=4" "Mozilla/5.0 (Windows NT 6.1; Win64; x64) AppleWebKit/537.36 (KHTML, like Gecko) Chrome/90.0.4430.212 Safari/537.36"
27.253.251.244 - - [21/May/2021:11:04:29 +0900] "POST /event/galaxy_YCS_56?_task_id=4269267 HTTP/1.1" 303 971 "https://crowd4u.org/view/1560/Ask_Evaluation?worker_id=3" "Mozilla/5.0 (Windows NT 10.0; Win64; x64) AppleWebKit/537.36 (KHTML, like Gecko) Chrome/90.0.4430.212 Safari/537.36"
27.253.251.244 - - [21/May/2021:11:04:29 +0900] "GET /view/1560/Ask_Evaluation?worker_id=3 HTTP/1.1" 200 2997 "https://crowd4u.org/view/1560/Ask_Evaluation?worker_id=3" "Mozilla/5.0 (Windows NT 10.0; Win64; x64) AppleWebKit/537.36 (KHTML, like Gecko) Chrome/90.0.4430.212 Safari/537.36"
27.253.251.244 - - [21/May/2021:11:04:29 +0900] "GET /css/crowd4u.css?date=20141127 HTTP/1.1" 200 2411 "https://crowd4u.org/view/1560/Ask_Evaluation?worker_id=3" "Mozilla/5.0 (Windows NT 10.0; Win64; x64) AppleWebKit/537.36 (KHTML, like Gecko) Chrome/90.0.4430.212 Safari/537.36"
27.253.251.244 - - [21/May/2021:11:04:29 +0900] "GET /css/bootstrap-modal.css HTTP/1.1" 200 1436 "https://crowd4u.org/view/1560/Ask_Evaluation?worker_id=3" "Mozilla/5.0 (Windows NT 10.0; Win64; x64) AppleWebKit/537.36 (KHTML, like Gecko) Chrome/90.0.4430.212 Safari/537.36"
27.253.251.244 - - [21/May/2021:11:04:29 +0900] "GET /css/sp.css HTTP/1.1" 200 1127 "https://crowd4u.org/view/1560/Ask_Evaluation?worker_id=3" "Mozilla/5.0 (Windows NT 10.0; Win64; x64) AppleWebKit/537.36 (KHTML, like Gecko) Chrome/90.0.4430.212 Safari/537.36"
27.253.251.244 - - [21/May/2021:11:04:30 +0900] "GET /js/jquery.js HTTP/1.1" 200 33725 "https://crowd4u.org/view/1560/Ask_Evaluation?worker_id=3" "Mozilla/5.0 (Windows NT 10.0; Win64; x64) AppleWebKit/537.36 (KHTML, like Gecko) Chrome/90.0.4430.212 Safari/537.36"
27.253.251.244 - - [21/May/2021:11:04:30 +0900] "GET /js/bootstrap-modal.js HTTP/1.1" 200 2597 "https://crowd4u.org/view/1560/Ask_Evaluation?worker_id=3" "Mozilla/5.0 (Windows NT 10.0; Win64; x64) AppleWebKit/537.36 (KHTML, like Gecko) Chrome/90.0.4430.212 Safari/537.36"
27.253.251.244 - - [21/May/2021:11:04:30 +0900] "GET /js/scrollsmooth.js HTTP/1.1" 200 798 "https://crowd4u.org/view/1560/Ask_Evaluation?worker_id=3" "Mozilla/5.0 (Windows NT 10.0; Win64; x64) AppleWebKit/537.36 (KHTML, like Gecko) Chrome/90.0.4430.212 Safari/537.36"
27.253.251.244 - - [21/May/2021:11:04:30 +0900] "GET /js/scrolltopcontrol.js HTTP/1.1" 200 2225 "https://crowd4u.org/view/1560/Ask_Evaluation?worker_id=3" "Mozilla/5.0 (Windows NT 10.0; Win64; x64) AppleWebKit/537.36 (KHTML, like Gecko) Chrome/90.0.4430.212 Safari/537.36"
27.253.251.244 - - [21/May/2021:11:04:30 +0900] "GET /img/c4u_logo.png HTTP/1.1" 200 5506 "https://crowd4u.org/view/1560/Ask_Evaluation?worker_id=3" "Mozilla/5.0 (Windows NT 10.0; Win64; x64) AppleWebKit/537.36 (KHTML, like Gecko) Chrome/90.0.4430.212 Safari/537.36"
27.253.251.244 - - [21/May/2021:11:04:30 +0900] "GET /img/icon3w.png HTTP/1.1" 200 2919 "https://crowd4u.org/view/1560/Ask_Evaluation?worker_id=3" "Mozilla/5.0 (Windows NT 10.0; Win64; x64) AppleWebKit/537.36 (KHTML, like Gecko) Chrome/90.0.4430.212 Safari/537.36"
27.253.251.244 - - [21/May/2021:11:04:30 +0900] "GET /img/icon7w.png HTTP/1.1" 200 3743 "https://crowd4u.org/view/1560/Ask_Evaluation?worker_id=3" "Mozilla/5.0 (Windows NT 10.0; Win64; x64) AppleWebKit/537.36 (KHTML, like Gecko) Chrome/90.0.4430.212 Safari/537.36"
27.253.251.244 - - [21/May/2021:11:04:30 +0900] "GET /img/icon5w.png HTTP/1.1" 200 4607 "https://crowd4u.org/view/1560/Ask_Evaluation?worker_id=3" "Mozilla/5.0 (Windows NT 10.0; Win64; x64) AppleWebKit/537.36 (KHTML, like Gecko) Chrome/90.0.4430.212 Safari/537.36"
27.253.251.244 - - [21/May/2021:11:04:30 +0900] "GET /img/icon1w.png HTTP/1.1" 200 3375 "https://crowd4u.org/view/1560/Ask_Evaluation?worker_id=3" "Mozilla/5.0 (Windows NT 10.0; Win64; x64) AppleWebKit/537.36 (KHTML, like Gecko) Chrome/90.0.4430.212 Safari/537.36"
27.253.251.244 - - [21/May/2021:11:04:30 +0900] "GET /img/title30.png?date=20141127 HTTP/1.1" 200 1310 "https://crowd4u.org/css/crowd4u.css?date=20141127" "Mozilla/5.0 (Windows NT 10.0; Win64; x64) AppleWebKit/537.36 (KHTML, like Gecko) Chrome/90.0.4430.212 Safari/537.36"
27.253.251.244 - - [21/May/2021:11:04:30 +0900] "GET /img/google_play1.png HTTP/1.1" 200 7826 "https://crowd4u.org/view/1560/Ask_Evaluation?worker_id=3" "Mozilla/5.0 (Windows NT 10.0; Win64; x64) AppleWebKit/537.36 (KHTML, like Gecko) Chrome/90.0.4430.212 Safari/537.36"
27.253.251.244 - - [21/May/2021:11:04:30 +0900] "GET /img/up.png HTTP/1.1" 200 1746 "https://crowd4u.org/view/1560/Ask_Evaluation?worker_id=3" "Mozilla/5.0 (Windows NT 10.0; Win64; x64) AppleWebKit/537.36 (KHTML, like Gecko) Chrome/90.0.4430.212 Safari/537.36"
27.253.251.244 - - [21/May/2021:11:04:30 +0900] "GET /img/favicon.ico HTTP/1.1" 200 1508 "https://crowd4u.org/view/1560/Ask_Evaluation?worker_id=3" "Mozilla/5.0 (Windows NT 10.0; Win64; x64) AppleWebKit/537.36 (KHTML, like Gecko) Chrome/90.0.4430.212 Safari/537.36"
195.154.123.87 - - [21/May/2021:11:04:33 +0900] "GET /js/get_task_local.js HTTP/1.1" 200 3210 "http://tsaka1.blogspot.com/" "Mozilla/5.0 (compatible; AhrefsBot/7.0; +http://ahrefs.com/robot/)"
195.154.123.87 - - [21/May/2021:11:04:33 +0900] "GET /js/jquery.js HTTP/1.1" 200 35755 "http://tsaka1.blogspot.com/" "Mozilla/5.0 (compatible; AhrefsBot/7.0; +http://ahrefs.com/robot/)"
195.154.123.87 - - [21/May/2021:11:04:34 +0900] "GET /js/test.js?_=1621562674125 HTTP/1.1" 200 372 "http://tsaka1.blogspot.com/" "Mozilla/5.0 (compatible; AhrefsBot/7.0; +http://ahrefs.com/robot/)"
195.154.123.87 - - [21/May/2021:11:04:34 +0900] "GET /css/embedded_task.css HTTP/1.1" 200 1161 "http://tsaka1.blogspot.com/" "Mozilla/5.0 (compatible; AhrefsBot/7.0; +http://ahrefs.com/robot/)"
195.154.123.87 - - [21/May/2021:11:04:34 +0900] "GET /js/get_task_remote.js?_=1621562674375 HTTP/1.1" 200 2819 "http://tsaka1.blogspot.com/" "Mozilla/5.0 (compatible; AhrefsBot/7.0; +http://ahrefs.com/robot/)"
195.154.123.87 - - [21/May/2021:11:04:34 +0900] "GET /task_assignment?embed=1&requester=277&_=1621562674620 HTTP/1.1" 200 4844 "http://tsaka1.blogspot.com/" "Mozilla/5.0 (compatible; AhrefsBot/7.0; +http://ahrefs.com/robot/)"
54.70.76.157 - - [21/May/2021:11:04:35 +0900] "GET /js/api/xdr.js?requester=199&length=10&_cache=1621561973 HTTP/1.1" 200 1878 "-" "Mozilla/5.0 (Windows NT 6.1; Win64; x64) AppleWebKit/537.36 (KHTML, like Gecko) Chrome/72.0.3626.109 Safari/537.36"
180.145.212.204 - - [21/May/2021:11:04:36 +0900] "POST /event/galaxy_YCS_56?_task_id=4269170 HTTP/1.1" 303 972 "https://crowd4u.org/view/1560/Ask_Evaluation?worker_id=10" "Mozilla/5.0 (Windows NT 10.0; Win64; x64) AppleWebKit/537.36 (KHTML, like Gecko) Chrome/90.0.4430.212 Safari/537.36"
180.145.212.204 - - [21/May/2021:11:04:36 +0900] "GET /view/1560/Ask_Evaluation?worker_id=10 HTTP/1.1" 200 2794 "https://crowd4u.org/view/1560/Ask_Evaluation?worker_id=10" "Mozilla/5.0 (Windows NT 10.0; Win64; x64) AppleWebKit/537.36 (KHTML, like Gecko) Chrome/90.0.4430.212 Safari/537.36"
54.149.19.175 - - [21/May/2021:11:04:37 +0900] "GET /script/api.js?requester=199&length=10&_cache=1621561712 HTTP/1.1" 200 8505 "-" "Mozilla/5.0 (Windows NT 6.1; Win64; x64) AppleWebKit/537.36 (KHTML, like Gecko) Chrome/72.0.3626.109 Safari/537.36"
35.165.3.84 - - [21/May/2021:11:04:42 +0900] "GET /js/api/jquery-ui.js?requester=199&length=10&_cache=1621561973 HTTP/1.1" 200 73564 "-" "Mozilla/5.0 (Windows NT 6.1; Win64; x64) AppleWebKit/537.36 (KHTML, like Gecko) Chrome/72.0.3626.109 Safari/537.36"
180.145.212.204 - - [21/May/2021:11:04:46 +0900] "POST /event/galaxy_YCS_56?_task_id=4269174 HTTP/1.1" 303 972 "https://crowd4u.org/view/1560/Ask_Evaluation?worker_id=10" "Mozilla/5.0 (Windows NT 10.0; Win64; x64) AppleWebKit/537.36 (KHTML, like Gecko) Chrome/90.0.4430.212 Safari/537.36"
180.145.212.204 - - [21/May/2021:11:04:46 +0900] "GET /view/1560/Ask_Evaluation?worker_id=10 HTTP/1.1" 200 2794 "https://crowd4u.org/view/1560/Ask_Evaluation?worker_id=10" "Mozilla/5.0 (Windows NT 10.0; Win64; x64) AppleWebKit/537.36 (KHTML, like Gecko) Chrome/90.0.4430.212 Safari/537.36"
133.51.2.19 - - [21/May/2021:11:04:46 +0900] "GET /api/group_achievement_rate?_=1621386625437 HTTP/1.1" 200 1132 "http://crowd4u.org/ja/projects" "Mozilla/5.0 (Windows NT 10.0; Win64; x64) AppleWebKit/537.36 (KHTML, like Gecko) Chrome/90.0.4430.212 Safari/537.36"
52.36.255.119 - - [21/May/2021:11:04:50 +0900] "GET /task_assignment?embed=0&requester=199&_ajax=1&_=1621562070605 HTTP/1.1" 200 20825 "-" "Mozilla/5.0 (Windows NT 6.1; Win64; x64) AppleWebKit/537.36 (KHTML, like Gecko) Chrome/72.0.3626.109 Safari/537.36"
34.220.184.123 - - [21/May/2021:11:04:51 +0900] "GET /js/api/jquery.form.js?requester=199&length=10&_cache=1621561766 HTTP/1.1" 200 39835 "-" "Mozilla/5.0 (Windows NT 6.1; Win64; x64) AppleWebKit/537.36 (KHTML, like Gecko) Chrome/72.0.3626.109 Safari/537.36"
180.145.212.204 - - [21/May/2021:11:04:52 +0900] "POST /event/galaxy_YCS_56?_task_id=4269178 HTTP/1.1" 303 972 "https://crowd4u.org/view/1560/Ask_Evaluation?worker_id=10" "Mozilla/5.0 (Windows NT 10.0; Win64; x64) AppleWebKit/537.36 (KHTML, like Gecko) Chrome/90.0.4430.212 Safari/537.36"
180.145.212.204 - - [21/May/2021:11:04:52 +0900] "GET /view/1560/Ask_Evaluation?worker_id=10 HTTP/1.1" 200 2795 "https://crowd4u.org/view/1560/Ask_Evaluation?worker_id=10" "Mozilla/5.0 (Windows NT 10.0; Win64; x64) AppleWebKit/537.36 (KHTML, like Gecko) Chrome/90.0.4430.212 Safari/537.36"
111.239.158.198 - - [21/May/2021:11:04:53 +0900] "GET /view/1560/Ask_Evaluation?worker_id=13 HTTP/1.1" 200 3150 "https://takumi-nakayama.github.io/hougen-task/sub-task/s-task13.html" "Mozilla/5.0 (iPad; CPU OS 12_5_3 like Mac OS X) AppleWebKit/605.1.15 (KHTML, like Gecko) Version/12.1.2 Mobile/15E148 Safari/604.1"
54.218.242.192 - - [21/May/2021:11:04:55 +0900] "GET /js/api/xdr.js?requester=199&length=10&_cache=1621561412 HTTP/1.1" 200 1878 "-" "Mozilla/5.0 (Windows NT 6.1; Win64; x64) AppleWebKit/537.36 (KHTML, like Gecko) Chrome/72.0.3626.109 Safari/537.36"
121.81.120.165 - - [21/May/2021:11:04:57 +0900] "POST /event/galaxy_YCS_56?_task_id=4269032 HTTP/1.1" 303 2848 "https://crowd4u.org/view/1560/Ask_Evaluation?worker_id=4" "Mozilla/5.0 (Windows NT 6.1; Win64; x64) AppleWebKit/537.36 (KHTML, like Gecko) Chrome/90.0.4430.212 Safari/537.36"
121.81.120.165 - - [21/May/2021:11:04:57 +0900] "GET /view/1560/Ask_Evaluation?worker_id=4 HTTP/1.1" 200 2792 "https://crowd4u.org/view/1560/Ask_Evaluation?worker_id=4" "Mozilla/5.0 (Windows NT 6.1; Win64; x64) AppleWebKit/537.36 (KHTML, like Gecko) Chrome/90.0.4430.212 Safari/537.36"
180.145.212.204 - - [21/May/2021:11:05:04 +0900] "POST /event/galaxy_YCS_56?_task_id=4269182 HTTP/1.1" 303 972 "https://crowd4u.org/view/1560/Ask_Evaluation?worker_id=10" "Mozilla/5.0 (Windows NT 10.0; Win64; x64) AppleWebKit/537.36 (KHTML, like Gecko) Chrome/90.0.4430.212 Safari/537.36"
180.145.212.204 - - [21/May/2021:11:05:04 +0900] "GET /view/1560/Ask_Evaluation?worker_id=10 HTTP/1.1" 200 2793 "https://crowd4u.org/view/1560/Ask_Evaluation?worker_id=10" "Mozilla/5.0 (Windows NT 10.0; Win64; x64) AppleWebKit/537.36 (KHTML, like Gecko) Chrome/90.0.4430.212 Safari/537.36"
34.211.8.113 - - [21/May/2021:11:05:05 +0900] "GET /event/LCrowd_UniCat_v2?_task_id=4256334 HTTP/1.1" 404 8761 "-" "Mozilla/5.0 (Windows NT 6.1; Win64; x64) AppleWebKit/537.36 (KHTML, like Gecko) Chrome/72.0.3626.109 Safari/537.36"
121.81.120.165 - - [21/May/2021:11:05:10 +0900] "POST /event/galaxy_YCS_56?_task_id=4269036 HTTP/1.1" 303 971 "https://crowd4u.org/view/1560/Ask_Evaluation?worker_id=4" "Mozilla/5.0 (Windows NT 6.1; Win64; x64) AppleWebKit/537.36 (KHTML, like Gecko) Chrome/90.0.4430.212 Safari/537.36"
121.81.120.165 - - [21/May/2021:11:05:10 +0900] "GET /view/1560/Ask_Evaluation?worker_id=4 HTTP/1.1" 200 2793 "https://crowd4u.org/view/1560/Ask_Evaluation?worker_id=4" "Mozilla/5.0 (Windows NT 6.1; Win64; x64) AppleWebKit/537.36 (KHTML, like Gecko) Chrome/90.0.4430.212 Safari/537.36"
54.202.162.90 - - [21/May/2021:11:05:12 +0900] "GET /script/task_loader.js?requester=199&length=10 HTTP/1.1" 200 1228 "-" "Mozilla/5.0 (Windows NT 6.1; Win64; x64) AppleWebKit/537.36 (KHTML, like Gecko) Chrome/72.0.3626.109 Safari/537.36"
111.239.157.94 - - [21/May/2021:11:05:13 +0900] "GET /view/1560/Ask_Evaluation?worker_id=7 HTTP/1.1" 200 3150 "https://takumi-nakayama.github.io/" "Mozilla/5.0 (Windows NT 10.0; Win64; x64) AppleWebKit/537.36 (KHTML, like Gecko) Chrome/90.0.4430.212 Safari/537.36"
180.145.212.204 - - [21/May/2021:11:05:17 +0900] "POST /event/galaxy_YCS_56?_task_id=4269186 HTTP/1.1" 303 972 "https://crowd4u.org/view/1560/Ask_Evaluation?worker_id=10" "Mozilla/5.0 (Windows NT 10.0; Win64; x64) AppleWebKit/537.36 (KHTML, like Gecko) Chrome/90.0.4430.212 Safari/537.36"
180.145.212.204 - - [21/May/2021:11:05:17 +0900] "GET /view/1560/Ask_Evaluation?worker_id=10 HTTP/1.1" 200 2997 "https://crowd4u.org/view/1560/Ask_Evaluation?worker_id=10" "Mozilla/5.0 (Windows NT 10.0; Win64; x64) AppleWebKit/537.36 (KHTML, like Gecko) Chrome/90.0.4430.212 Safari/537.36"
121.81.120.165 - - [21/May/2021:11:05:17 +0900] "POST /event/galaxy_YCS_56?_task_id=4269040 HTTP/1.1" 303 971 "https://crowd4u.org/view/1560/Ask_Evaluation?worker_id=4" "Mozilla/5.0 (Windows NT 6.1; Win64; x64) AppleWebKit/537.36 (KHTML, like Gecko) Chrome/90.0.4430.212 Safari/537.36"
